Archive member included because of file (symbol)

c:/altera/13.0sp1/nios2eds/bin/gnu/h-i686-mingw32/bin/../lib/gcc/nios2-elf/4.1.2/mno-hw-mul\libgcc.a(lib2-divmod.o)
                              obj/default/hello_led.o (__umodsi3)
c:/altera/13.0sp1/nios2eds/bin/gnu/h-i686-mingw32/bin/../lib/gcc/nios2-elf/4.1.2/mno-hw-mul\libgcc.a(lib2-mul.o)
                              obj/default/Test.o (__mulsi3)
c:/altera/13.0sp1/nios2eds/bin/gnu/h-i686-mingw32/bin/../lib/gcc/nios2-elf/4.1.2/../../../../nios2-elf/lib/mno-hw-mul\libc.a(lib_a-strlen.o)
                              obj/default/LCD.o (strlen)
../cnc_bsp/\libhal_bsp.a(alt_irq_register.o)
                              obj/default/Test.o (alt_irq_register)
../cnc_bsp/\libhal_bsp.a(alt_irq_vars.o)
                              ../cnc_bsp/\libhal_bsp.a(alt_irq_register.o) (alt_irq_active)
../cnc_bsp/\libhal_bsp.a(alt_main.o)
                              ../cnc_bsp//obj/HAL/src/crt0.o (alt_main)
../cnc_bsp/\libhal_bsp.a(alt_usleep.o)
                              obj/default/LCD.o (usleep)
../cnc_bsp/\libhal_bsp.a(alt_sys_init.o)
                              ../cnc_bsp/\libhal_bsp.a(alt_main.o) (alt_irq_init)
../cnc_bsp/\libhal_bsp.a(altera_avalon_cfi_flash.o)
                              ../cnc_bsp/\libhal_bsp.a(alt_sys_init.o) (alt_flash_cfi_get_info)
../cnc_bsp/\libhal_bsp.a(altera_avalon_cfi_flash_table.o)
                              ../cnc_bsp/\libhal_bsp.a(altera_avalon_cfi_flash.o) (alt_set_flash_width_func)
../cnc_bsp/\libhal_bsp.a(altera_avalon_epcs_flash_controller.o)
                              ../cnc_bsp/\libhal_bsp.a(alt_sys_init.o) (alt_epcs_flash_get_info)
../cnc_bsp/\libhal_bsp.a(altera_avalon_jtag_uart_fd.o)
                              ../cnc_bsp/\libhal_bsp.a(alt_sys_init.o) (altera_avalon_jtag_uart_ioctl_fd)
../cnc_bsp/\libhal_bsp.a(altera_avalon_jtag_uart_init.o)
                              ../cnc_bsp/\libhal_bsp.a(altera_avalon_jtag_uart_fd.o) (altera_avalon_jtag_uart_close)
../cnc_bsp/\libhal_bsp.a(altera_avalon_jtag_uart_ioctl.o)
                              ../cnc_bsp/\libhal_bsp.a(altera_avalon_jtag_uart_fd.o) (altera_avalon_jtag_uart_ioctl)
../cnc_bsp/\libhal_bsp.a(altera_avalon_jtag_uart_read.o)
                              ../cnc_bsp/\libhal_bsp.a(altera_avalon_jtag_uart_fd.o) (altera_avalon_jtag_uart_read)
../cnc_bsp/\libhal_bsp.a(altera_avalon_jtag_uart_write.o)
                              ../cnc_bsp/\libhal_bsp.a(altera_avalon_jtag_uart_fd.o) (altera_avalon_jtag_uart_write)
../cnc_bsp/\libhal_bsp.a(altera_avalon_lcd_16207.o)
                              ../cnc_bsp/\libhal_bsp.a(alt_sys_init.o) (altera_avalon_lcd_16207_init)
../cnc_bsp/\libhal_bsp.a(altera_avalon_lcd_16207_fd.o)
                              ../cnc_bsp/\libhal_bsp.a(alt_sys_init.o) (altera_avalon_lcd_16207_write_fd)
../cnc_bsp/\libhal_bsp.a(altera_avalon_timer_sc.o)
                              ../cnc_bsp/\libhal_bsp.a(alt_sys_init.o) (alt_avalon_timer_sc_init)
../cnc_bsp/\libhal_bsp.a(altera_avalon_uart_fd.o)
                              ../cnc_bsp/\libhal_bsp.a(alt_sys_init.o) (altera_avalon_uart_close_fd)
../cnc_bsp/\libhal_bsp.a(altera_avalon_uart_init.o)
                              ../cnc_bsp/\libhal_bsp.a(altera_avalon_uart_fd.o) (altera_avalon_uart_close)
../cnc_bsp/\libhal_bsp.a(altera_avalon_uart_read.o)
                              ../cnc_bsp/\libhal_bsp.a(altera_avalon_uart_fd.o) (altera_avalon_uart_read)
../cnc_bsp/\libhal_bsp.a(altera_avalon_uart_write.o)
                              ../cnc_bsp/\libhal_bsp.a(altera_avalon_uart_fd.o) (altera_avalon_uart_write)
../cnc_bsp/\libhal_bsp.a(epcs_commands.o)
                              ../cnc_bsp/\libhal_bsp.a(altera_avalon_epcs_flash_controller.o) (epcs_read_device_id)
../cnc_bsp/\libhal_bsp.a(alt_alarm_start.o)
                              ../cnc_bsp/\libhal_bsp.a(altera_avalon_jtag_uart_init.o) (alt_alarm_start)
../cnc_bsp/\libhal_bsp.a(alt_busy_sleep.o)
                              ../cnc_bsp/\libhal_bsp.a(alt_usleep.o) (alt_busy_sleep)
../cnc_bsp/\libhal_bsp.a(alt_close.o)
                              ../cnc_bsp/\libhal_bsp.a(alt_main.o) (close)
../cnc_bsp/\libhal_bsp.a(alt_dcache_flush.o)
                              ../cnc_bsp/\libhal_bsp.a(altera_avalon_cfi_flash.o) (alt_dcache_flush)
../cnc_bsp/\libhal_bsp.a(alt_dev.o)
                              ../cnc_bsp/\libhal_bsp.a(alt_sys_init.o) (alt_dev_list)
../cnc_bsp/\libhal_bsp.a(alt_dev_llist_insert.o)
                              ../cnc_bsp/\libhal_bsp.a(alt_sys_init.o) (alt_dev_llist_insert)
../cnc_bsp/\libhal_bsp.a(alt_do_ctors.o)
                              ../cnc_bsp/\libhal_bsp.a(alt_main.o) (_do_ctors)
../cnc_bsp/\libhal_bsp.a(alt_do_dtors.o)
                              ../cnc_bsp/\libhal_bsp.a(alt_main.o) (_do_dtors)
../cnc_bsp/\libhal_bsp.a(alt_errno.o)
                              ../cnc_bsp/\libhal_bsp.a(altera_avalon_uart_read.o) (alt_errno)
../cnc_bsp/\libhal_bsp.a(alt_flash_dev.o)
[...]
Memory Configuration

Name             Origin             Length             Attributes
sram_0_BEFORE_EXCEPTION 0x00000000         0x00000020
sram_0           0x00000020         0x0007ffe0
reset            0x00080800         0x00000020
epcs_controller  0x00080820         0x000007e0
sdram_0          0x01000000         0x00800000
cfi_flash_0      0x01800000         0x00400000
*default*        0x00000000         0xffffffff

Linker script and memory map

LOAD ../cnc_bsp//obj/HAL/src/crt0.o
LOAD obj/default/LCD.o
LOAD obj/default/Test.o
LOAD obj/default/hello_led.o
LOAD c:/altera/13.0sp1/nios2eds/bin/gnu/h-i686-mingw32/bin/../lib/gcc/nios2-elf/4.1.2/../../../../nios2-elf/lib/mno-hw-mul\libstdc++.a
LOAD c:/altera/13.0sp1/nios2eds/bin/gnu/h-i686-mingw32/bin/../lib/gcc/nios2-elf/4.1.2/../../../../nios2-elf/lib/mno-hw-mul\libm.a
LOAD c:/altera/13.0sp1/nios2eds/bin/gnu/h-i686-mingw32/bin/../lib/gcc/nios2-elf/4.1.2/mno-hw-mul\libgcc.a
START GROUP
LOAD c:/altera/13.0sp1/nios2eds/bin/gnu/h-i686-mingw32/bin/../lib/gcc/nios2-elf/4.1.2/../../../../nios2-elf/lib/mno-hw-mul\libc.a
LOAD c:/altera/13.0sp1/nios2eds/bin/gnu/h-i686-mingw32/bin/../lib/gcc/nios2-elf/4.1.2/mno-hw-mul\libgcc.a
LOAD ../cnc_bsp/\libhal_bsp.a
END GROUP
LOAD c:/altera/13.0sp1/nios2eds/bin/gnu/h-i686-mingw32/bin/../lib/gcc/nios2-elf/4.1.2/mno-hw-mul\libgcc.a
                0x00000000                __alt_mem_sram_0 = 0x0
                0x00080800                __alt_mem_epcs_controller = 0x80800
                0x01000000                __alt_mem_sdram_0 = 0x1000000
                0x01800000                __alt_mem_cfi_flash_0 = 0x1800000

.entry          0x00080800        0x0
 *(.entry)
 .entry         0x00080800        0x0 ../cnc_bsp//obj/HAL/src/crt0.o
                0x00080800                __reset

.exceptions     0x00000020      0x164
                0x00000020                PROVIDE (__ram_exceptions_start, ABSOLUTE (.))
                0x00000020                . = ALIGN (0x20)
 *(.irq)
 *(.exceptions.entry.label)
 .exceptions.entry.label
                0x00000020        0x0 ../cnc_bsp/\libhal_bsp.a(alt_irq_entry.o)
                0x00000020                alt_irq_entry
 .exceptions.entry.label
                0x00000020        0x0 ../cnc_bsp/\libhal_bsp.a(alt_exception_entry.o)
                0x00000020                alt_exception
 *(.exceptions.entry.user)
 *(.exceptions.entry)
 .exceptions.entry
                0x00000020       0x54 ../cnc_bsp/\libhal_bsp.a(alt_exception_entry.o)
 *(.exceptions.irqtest.user)
 *(.exceptions.irqtest)
 .exceptions.irqtest
                0x00000074       0x10 ../cnc_bsp/\libhal_bsp.a(alt_irq_entry.o)
 *(.exceptions.irqhandler.user)
 *(.exceptions.irqhandler)
 .exceptions.irqhandler
                0x00000084        0x4 ../cnc_bsp/\libhal_bsp.a(alt_irq_entry.o)
 *(.exceptions.irqreturn.user)
 *(.exceptions.irqreturn)
 .exceptions.irqreturn
                0x00000088        0x4 ../cnc_bsp/\libhal_bsp.a(alt_irq_entry.o)
 *(.exceptions.notirq.label)
 .exceptions.notirq.label
                0x0000008c        0x0 ../cnc_bsp/\libhal_bsp.a(alt_irq_entry.o)
 *(.exceptions.notirq.user)
 *(.exceptions.notirq)
 .exceptions.notirq
                0x0000008c        0x8 ../cnc_bsp/\libhal_bsp.a(alt_exception_entry.o)
 *(.exceptions.soft.user)
 *(.exceptions.soft)
 *(.exceptions.unknown.user)
 *(.exceptions.unknown)
 .exceptions.unknown
                0x00000094        0x4 ../cnc_bsp/\libhal_bsp.a(alt_exception_entry.o)
 *(.exceptions.exit.label)
 .exceptions.exit.label
                0x00000098        0x0 ../cnc_bsp/\libhal_bsp.a(alt_irq_entry.o)
 .exceptions.exit.label
                0x00000098        0x0 ../cnc_bsp/\libhal_bsp.a(alt_exception_entry.o)
 *(.exceptions.exit.user)
 *(.exceptions.exit)
 .exceptions.exit
                0x00000098       0x54 ../cnc_bsp/\libhal_bsp.a(alt_exception_entry.o)
 *(.exceptions)
 .exceptions    0x000000ec       0x98 ../cnc_bsp/\libhal_bsp.a(alt_irq_handler.o)
                0x000000ec                alt_irq_handler
                0x00000184                PROVIDE (__ram_exceptions_end, ABSOLUTE (.))
                0x00000020                PROVIDE (__flash_exceptions_start, LOADADDR (.exceptions))

.text           0x01000000     0x58a8
                0x01000000                PROVIDE (stext, ABSOLUTE (.))
 *(.interp)
 *(.hash)
 *(.dynsym)
 *(.dynstr)
 *(.gnu.version)
 *(.gnu.version_d)
 *(.gnu.version_r)
 *(.rel.init)
 *(.rela.init)
 *(.rel.text .rel.text.* .rel.gnu.linkonce.t.*)
 *(.rela.text .rela.text.* .rela.gnu.linkonce.t.*)
 *(.rel.fini)
 *(.rela.fini)
 *(.rel.rodata .rel.rodata.* .rel.gnu.linkonce.r.*)
 *(.rela.rodata .rela.rodata.* .rela.gnu.linkonce.r.*)
 *(.rel.data .rel.data.* .rel.gnu.linkonce.d.*)
 *(.rela.data .rela.data.* .rela.gnu.linkonce.d.*)
 *(.rel.tdata .rel.tdata.* .rel.gnu.linkonce.td.*)
 *(.rela.tdata .rela.tdata.* .rela.gnu.linkonce.td.*)
 *(.rel.tbss .rel.tbss.* .rel.gnu.linkonce.tb.*)
 *(.rela.tbss .rela.tbss.* .rela.gnu.linkonce.tb.*)
 *(.rel.ctors)
 *(.rela.ctors)
 *(.rel.dtors)
 *(.rela.dtors)
 *(.rel.got)
 *(.rela.got)
 *(.rel.sdata .rel.sdata.* .rel.gnu.linkonce.s.*)
 *(.rela.sdata .rela.sdata.* .rela.gnu.linkonce.s.*)
 *(.rel.sbss .rel.sbss.* .rel.gnu.linkonce.sb.*)
 *(.rela.sbss .rela.sbss.* .rela.gnu.linkonce.sb.*)
 *(.rel.sdata2 .rel.sdata2.* .rel.gnu.linkonce.s2.*)
 *(.rela.sdata2 .rela.sdata2.* .rela.gnu.linkonce.s2.*)
 *(.rel.sbss2 .rel.sbss2.* .rel.gnu.linkonce.sb2.*)
 *(.rela.sbss2 .rela.sbss2.* .rela.gnu.linkonce.sb2.*)
 *(.rel.bss .rel.bss.* .rel.gnu.linkonce.b.*)
 *(.rela.bss .rela.bss.* .rela.gnu.linkonce.b.*)
 *(.rel.plt)
 *(.rela.plt)
 *(.rel.dyn)
 *(.init)
 *(.plt)
 *(.text .stub .text.* .gnu.linkonce.t.*)
 .text          0x01000000       0x38 ../cnc_bsp//obj/HAL/src/crt0.o
                0x01000000                _start
 .text          0x01000038      0x1fc obj/default/LCD.o
                0x01000038                LCD_Line2
                0x01000050                LCD_Init
                0x010000cc                LCD_Show_Text
                0x01000130                LCD_Test
 .text          0x01000234       0xec obj/default/Test.o
                0x01000234                init_button_irq
                0x01000264                handle_button_interrupts
                0x010002bc                basic_test
 .text          0x01000320      0xce4 obj/default/hello_led.o
                0x01000320                iow
                0x0100033c                transmit
                0x01000364                receive
                0x010003a4                receiver_interupts
                0x010003e4                ior
                0x01000400                phy_write
                0x01000494                ReceivePacket
                0x0100064c                TransmitPacket
                0x0100075c                ethernet_interrupts
                0x01000bfc                DM9000_init
                0x01000e18                main
 .text          0x01001004      0x14c c:/altera/13.0sp1/nios2eds/bin/gnu/h-i686-mingw32/bin/../lib/gcc/nios2-elf/4.1.2/mno-hw-mul\libgcc.a(lib2-divmod.o)
                0x01001080                __divsi3
                0x010010e0                __modsi3
                0x01001140                __udivsi3
                0x01001148                __umodsi3
 .text          0x01001150       0x38 c:/altera/13.0sp1/nios2eds/bin/gnu/h-i686-mingw32/bin/../lib/gcc/nios2-elf/4.1.2/mno-hw-mul\libgcc.a(lib2-mul.o)
                0x01001150                __mulsi3
 .text          0x01001188       0x74 c:/altera/13.0sp1/nios2eds/bin/gnu/h-i686-mingw32/bin/../lib/gcc/nios2-elf/4.1.2/../../../../nios2-elf/lib/mno-hw-mul\libc.a(lib_a-strlen.o)
                0x01001188                strlen
 .text          0x010011fc       0xc0 ../cnc_bsp/\libhal_bsp.a(alt_irq_register.o)
                0x010011fc                alt_irq_register
 .text          0x010012bc        0x0 ../cnc_bsp/\libhal_bsp.a(alt_irq_vars.o)
 .text          0x010012bc       0x64 ../cnc_bsp/\libhal_bsp.a(alt_main.o)
                0x010012bc                alt_main
 .text          0x01001320        0x4 ../cnc_bsp/\libhal_bsp.a(alt_usleep.o)
                0x01001320                usleep
 .text          0x01001324       0xdc ../cnc_bsp/\libhal_bsp.a(alt_sys_init.o)
                0x01001324                alt_irq_init
                0x01001344                alt_sys_init
 .text          0x01001400      0x4cc ../cnc_bsp/\libhal_bsp.a(altera_avalon_cfi_flash.o)
                0x01001400                alt_flash_cfi_get_info
                0x01001438                alt_flash_program_block
                0x01001610                alt_write_value_to_flash
                0x010016a8                alt_flash_cfi_read
                0x010016d4                alt_flash_cfi_write
                0x01001864                alt_flash_cfi_init
 .text          0x010018cc      0xabc ../cnc_bsp/\libhal_bsp.a(altera_avalon_cfi_flash_table.o)
                0x010018cc                alt_set_flash_width_func
                0x010019fc                alt_set_flash_algorithm_func
                0x01001acc                alt_check_primary_table
                0x01001b68                alt_read_cfi_table
                0x01001e68                alt_read_query_entry_8bit
                0x01001e7c                alt_read_query_entry_16bit
                0x01001e94                alt_read_query_entry_32bit
                0x01001eb0                alt_write_native_32bit
                0x01001eb8                alt_write_flash_command_32bit_device_32bit_mode
                0x01001ed0                alt_write_native_16bit
                0x01001edc                alt_write_flash_command_32bit_device_16bit_mode
                0x01001ef4                alt_write_flash_command_16bit_device_16bit_mode
                0x01001f08                alt_write_native_8bit
                0x01001f14                alt_write_flash_command_32bit_device_8bit_mode
                0x01001f2c                alt_write_flash_command_16bit_device_8bit_mode
                0x01001f54                alt_write_flash_command_8bit_device_8bit_mode
                0x01001f64                alt_read_cfi_width
 .text          0x01002388      0x580 ../cnc_bsp/\libhal_bsp.a(altera_avalon_epcs_flash_controller.o)
                0x01002388                alt_epcs_flash_get_info
                0x010023c0                alt_epcs_flash_read
                0x01002440                alt_epcs_flash_write_block
                0x01002510                alt_epcs_flash_write
                0x010026e0                alt_epcs_flash_init
                0x010028b4                alt_epcs_flash_erase_block
 .text          0x01002908       0x3c ../cnc_bsp/\libhal_bsp.a(altera_avalon_jtag_uart_fd.o)
                0x01002908                altera_avalon_jtag_uart_ioctl_fd
                0x01002914                altera_avalon_jtag_uart_close_fd
                0x01002924                altera_avalon_jtag_uart_write_fd
                0x01002934                altera_avalon_jtag_uart_read_fd
 .text          0x01002944      0x214 ../cnc_bsp/\libhal_bsp.a(altera_avalon_jtag_uart_init.o)
                0x01002944                altera_avalon_jtag_uart_close
                0x010029d0                altera_avalon_jtag_uart_init
 .text          0x01002b58       0x88 ../cnc_bsp/\libhal_bsp.a(altera_avalon_jtag_uart_ioctl.o)
                0x01002b58                altera_avalon_jtag_uart_ioctl
 .text          0x01002be0      0x16c ../cnc_bsp/\libhal_bsp.a(altera_avalon_jtag_uart_read.o)
                0x01002be0                altera_avalon_jtag_uart_read
 .text          0x01002d4c      0x17c ../cnc_bsp/\libhal_bsp.a(altera_avalon_jtag_uart_write.o)
                0x01002d4c                altera_avalon_jtag_uart_write
 .text          0x01002ec8      0x968 ../cnc_bsp/\libhal_bsp.a(altera_avalon_lcd_16207.o)
                0x01003200                altera_avalon_lcd_16207_init
                0x01003364                altera_avalon_lcd_16207_write
 .text          0x01003830       0x10 ../cnc_bsp/\libhal_bsp.a(altera_avalon_lcd_16207_fd.o)
                0x01003830                altera_avalon_lcd_16207_write_fd
 .text          0x01003840       0x8c ../cnc_bsp/\libhal_bsp.a(altera_avalon_timer_sc.o)
                0x01003840                alt_avalon_timer_sc_init
 .text          0x010038cc       0x30 ../cnc_bsp/\libhal_bsp.a(altera_avalon_uart_fd.o)
                0x010038cc                altera_avalon_uart_close_fd
                0x010038dc                altera_avalon_uart_write_fd
                0x010038ec                altera_avalon_uart_read_fd
 .text          0x010038fc      0x1ac ../cnc_bsp/\libhal_bsp.a(altera_avalon_uart_init.o)
                0x010038fc                altera_avalon_uart_close
                0x01003a68                altera_avalon_uart_init
 .text          0x01003aa8      0x140 ../cnc_bsp/\libhal_bsp.a(altera_avalon_uart_read.o)
                0x01003aa8                altera_avalon_uart_read
 .text          0x01003be8      0x138 ../cnc_bsp/\libhal_bsp.a(altera_avalon_uart_write.o)
                0x01003be8                altera_avalon_uart_write
 .text          0x01003d20      0x4e4 ../cnc_bsp/\libhal_bsp.a(epcs_commands.o)
                0x01003d20                epcs_read_device_id
                0x01003d84                epcs_read_electronic_signature
                0x01003dd8                epcs_write_enable
                0x01003e10                epcs_exit_4_bytes_mode
                0x01003e5c                epcs_enter_4_bytes_mode
                0x01003ea8                epcs_read_status_register
                0x01003ef0                epcs_sector_erase
                0x01003fc0                epcs_write_buffer
                0x010040cc                epcs_read_buffer
                0x010041ac                epcs_write_status_register
 .text          0x01004204       0x94 ../cnc_bsp/\libhal_bsp.a(alt_alarm_start.o)
                0x01004204                alt_alarm_start
 .text          0x01004298       0xa4 ../cnc_bsp/\libhal_bsp.a(alt_busy_sleep.o)
                0x01004298                alt_busy_sleep
 .text          0x0100433c       0xf4 ../cnc_bsp/\libhal_bsp.a(alt_close.o)
                0x0100433c                close
 .text          0x01004430        0x4 ../cnc_bsp/\libhal_bsp.a(alt_dcache_flush.o)
                0x01004430                alt_dcache_flush
 .text          0x01004434        0x8 ../cnc_bsp/\libhal_bsp.a(alt_dev.o)
 .text          0x0100443c       0x7c ../cnc_bsp/\libhal_bsp.a(alt_dev_llist_insert.o)
                0x0100443c                alt_dev_llist_insert
 .text          0x010044b8       0x4c ../cnc_bsp/\libhal_bsp.a(alt_do_ctors.o)
                0x010044b8                _do_ctors
 .text          0x01004504       0x4c ../cnc_bsp/\libhal_bsp.a(alt_do_dtors.o)
                0x01004504                _do_dtors
 .text          0x01004550        0x0 ../cnc_bsp/\libhal_bsp.a(alt_errno.o)
 .text          0x01004550       0x60 ../cnc_bsp/\libhal_bsp.a(alt_flash_dev.o)
                0x01004550                alt_flash_close_dev
                0x01004564                alt_flash_open_dev
 .text          0x010045b0       0x9c ../cnc_bsp/\libhal_bsp.a(alt_iic.o)
                0x010045b0                alt_ic_irq_enabled
                0x010045c8                alt_ic_irq_enable
                0x01004608                alt_ic_irq_disable
                0x01004648                alt_ic_isr_register
 .text          0x0100464c       0x88 ../cnc_bsp/\libhal_bsp.a(alt_iic_isr_register.o)
                0x0100464c                alt_iic_isr_register
 .text          0x010046d4      0x114 ../cnc_bsp/\libhal_bsp.a(alt_io_redirect.o)
                0x0100475c                alt_io_redirect
 .text          0x010047e8        0x0 ../cnc_bsp/\libhal_bsp.a(alt_irq_entry.o)
 .text          0x010047e8        0x0 ../cnc_bsp/\libhal_bsp.a(alt_irq_handler.o)
 .text          0x010047e8      0x18c ../cnc_bsp/\libhal_bsp.a(alt_open.o)
                0x010047e8                open
 .text          0x01004974       0x5c ../cnc_bsp/\libhal_bsp.a(alt_release_fd.o)
                0x01004974                alt_release_fd
 .text          0x010049d0       0xf4 ../cnc_bsp/\libhal_bsp.a(alt_tick.o)
                0x010049d0                alt_alarm_stop
                0x01004a04                alt_tick
 .text          0x01004ac4        0x8 ../cnc_bsp/\libhal_bsp.a(altera_nios2_qsys_irq.o)
                0x01004ac4                altera_nios2_qsys_irq_init
 .text          0x01004acc      0x2ec ../cnc_bsp/\libhal_bsp.a(altera_avalon_cfi_flash_amd.o)
                0x01004acc                alt_erase_block_amd
                0x01004c48                alt_program_amd
 .text          0x01004db8      0x330 ../cnc_bsp/\libhal_bsp.a(altera_avalon_cfi_flash_intel.o)
                0x01004ec0                alt_erase_block_intel
                0x01004fc4                alt_program_intel
 .text          0x010050e8      0x124 ../cnc_bsp/\libhal_bsp.a(altera_avalon_spi.o)
                0x010050e8                alt_avalon_spi_command
 .text          0x0100520c        0x0 ../cnc_bsp/\libhal_bsp.a(alt_exception_entry.o)
 .text          0x0100520c       0x94 ../cnc_bsp/\libhal_bsp.a(alt_find_dev.o)
                0x0100520c                alt_find_dev
 .text          0x010052a0       0xb0 ../cnc_bsp/\libhal_bsp.a(alt_find_file.o)
                0x010052a0                alt_find_file
 .text          0x01005350       0x60 ../cnc_bsp/\libhal_bsp.a(alt_get_fd.o)
                0x01005350                alt_get_fd
 .text          0x010053b0       0x14 c:/altera/13.0sp1/nios2eds/bin/gnu/h-i686-mingw32/bin/../lib/gcc/nios2-elf/4.1.2/../../../../nios2-elf/lib/mno-hw-mul\libc.a(lib_a-atexit.o)
                0x010053b0                atexit
 .text          0x010053c4        0x0 c:/altera/13.0sp1/nios2eds/bin/gnu/h-i686-mingw32/bin/../lib/gcc/nios2-elf/4.1.2/../../../../nios2-elf/lib/mno-hw-mul\libc.a(lib_a-ctype_.o)
 .text          0x010053c4       0x38 c:/altera/13.0sp1/nios2eds/bin/gnu/h-i686-mingw32/bin/../lib/gcc/nios2-elf/4.1.2/../../../../nios2-elf/lib/mno-hw-mul\libc.a(lib_a-exit.o)
                0x010053c4                exit
 .text          0x010053fc        0x0 c:/altera/13.0sp1/nios2eds/bin/gnu/h-i686-mingw32/bin/../lib/gcc/nios2-elf/4.1.2/../../../../nios2-elf/lib/mno-hw-mul\libc.a(lib_a-impure.o)
 .text          0x010053fc        0x0 c:/altera/13.0sp1/nios2eds/bin/gnu/h-i686-mingw32/bin/../lib/gcc/nios2-elf/4.1.2/../../../../nios2-elf/lib/mno-hw-mul\libc.a(lib_a-int_errno.o)
 .text          0x010053fc       0x74 c:/altera/13.0sp1/nios2eds/bin/gnu/h-i686-mingw32/bin/../lib/gcc/nios2-elf/4.1.2/../../../../nios2-elf/lib/mno-hw-mul\libc.a(lib_a-memcmp.o)
                0x010053fc                memcmp
 .text          0x01005470       0xa0 c:/altera/13.0sp1/nios2eds/bin/gnu/h-i686-mingw32/bin/../lib/gcc/nios2-elf/4.1.2/../../../../nios2-elf/lib/mno-hw-mul\libc.a(lib_a-memcpy.o)
                0x01005470                memcpy
 .text          0x01005510       0x98 c:/altera/13.0sp1/nios2eds/bin/gnu/h-i686-mingw32/bin/../lib/gcc/nios2-elf/4.1.2/../../../../nios2-elf/lib/mno-hw-mul\libc.a(lib_a-memset.o)
                0x01005510                memset
 .text          0x010055a8      0x134 c:/altera/13.0sp1/nios2eds/bin/gnu/h-i686-mingw32/bin/../lib/gcc/nios2-elf/4.1.2/../../../../nios2-elf/lib/mno-hw-mul\libc.a(lib_a-__atexit.o)
                0x010055a8                __register_exitproc
 .text          0x010056dc      0x1b4 c:/altera/13.0sp1/nios2eds/bin/gnu/h-i686-mingw32/bin/../lib/gcc/nios2-elf/4.1.2/../../../../nios2-elf/lib/mno-hw-mul\libc.a(lib_a-__call_atexit.o)
                0x010056e0                __call_exitprocs
 .text          0x01005890       0x14 ../cnc_bsp/\libhal_bsp.a(alt_exit.o)
                0x01005890                _exit
 *(.gnu.warning.*)
 *(.fini)
                0x010058a4                PROVIDE (__etext, ABSOLUTE (.))
                0x010058a4                PROVIDE (_etext, ABSOLUTE (.))
                0x010058a4                PROVIDE (etext, ABSOLUTE (.))
 *(.eh_frame_hdr)
                0x010058a4                . = ALIGN (0x4)
                0x010058a4                PROVIDE (__preinit_array_start, ABSOLUTE (.))
 *(.preinit_array)
                0x010058a4                PROVIDE (__preinit_array_end, ABSOLUTE (.))
                0x010058a4                PROVIDE (__init_array_start, ABSOLUTE (.))
 *(.init_array)
                0x010058a4                PROVIDE (__init_array_end, ABSOLUTE (.))
                0x010058a4                PROVIDE (__fini_array_start, ABSOLUTE (.))
 *(.fini_array)
                0x010058a4                PROVIDE (__fini_array_end, ABSOLUTE (.))
 *(.eh_frame)
 *(.gcc_except_table)
 *(.dynamic)
                0x010058a4                PROVIDE (__CTOR_LIST__, ABSOLUTE (.))
 *(.ctors)
 *(SORT(.ctors.*))
 .ctors.65535   0x010058a4        0x4 c:/altera/13.0sp1/nios2eds/bin/gnu/h-i686-mingw32/bin/../lib/gcc/nios2-elf/4.1.2/../../../../nios2-elf/lib/mno-hw-mul\libc.a(lib_a-__call_atexit.o)
                0x010058a8                PROVIDE (__CTOR_END__, ABSOLUTE (.))
                0x010058a8                PROVIDE (__DTOR_LIST__, ABSOLUTE (.))
 *(.dtors)
 *(SORT(.dtors.*))
                0x010058a8                PROVIDE (__DTOR_END__, ABSOLUTE (.))
 *(.jcr)
                0x010058a8                . = ALIGN (0x4)

.rodata         0x010058a8      0x32c
                0x010058a8                PROVIDE (__ram_rodata_start, ABSOLUTE (.))
                0x010058a8                . = ALIGN (0x4)
 *(.rodata .rodata.* .gnu.linkonce.r.*)
 .rodata        0x010058a8       0x28 obj/default/LCD.o
 .rodata        0x010058d0       0x14 obj/default/hello_led.o
 .rodata.str1.4
                0x010058e4       0x1d ../cnc_bsp/\libhal_bsp.a(alt_main.o)
                                 0x20 (size before relaxing)
 *fill*         0x01005901        0x3 00
 .rodata.str1.4
                0x01005904       0x3d ../cnc_bsp/\libhal_bsp.a(alt_sys_init.o)
                                 0x60 (size before relaxing)
 *fill*         0x01005941        0x3 00
 .rodata.str1.4
                0x01005944        0xa ../cnc_bsp/\libhal_bsp.a(alt_dev.o)
                                  0xc (size before relaxing)
 .rodata        0x0100594e      0x281 c:/altera/13.0sp1/nios2eds/bin/gnu/h-i686-mingw32/bin/../lib/gcc/nios2-elf/4.1.2/../../../../nios2-elf/lib/mno-hw-mul\libc.a(lib_a-ctype_.o)
                0x0100594e                _ctype_
 *fill*         0x01005bcf        0x1 00
 .rodata.str1.4
                0x01005bd0        0x4 c:/altera/13.0sp1/nios2eds/bin/gnu/h-i686-mingw32/bin/../lib/gcc/nios2-elf/4.1.2/../../../../nios2-elf/lib/mno-hw-mul\libc.a(lib_a-impure.o)
 *(.rodata1)
                0x01005bd4                . = ALIGN (0x4)
                0x01005bd4                PROVIDE (__ram_rodata_end, ABSOLUTE (.))
                0x010058a8                PROVIDE (__flash_rodata_start, LOADADDR (.rodata))

.rwdata         0x01005bd4     0x19f8
                0x01005bd4                PROVIDE (__ram_rwdata_start, ABSOLUTE (.))
                0x01005bd4                . = ALIGN (0x4)
 *(.got.plt)
 *(.got)
 *(.data1)
 *(.data .data.* .gnu.linkonce.d.*)
 .data          0x01005bd4        0x0 ../cnc_bsp//obj/HAL/src/crt0.o
 .data          0x01005bd4        0x0 obj/default/LCD.o
 .data          0x01005bd4        0x0 obj/default/Test.o
 .data          0x01005bd4       0x28 obj/default/hello_led.o
                0x01005bd4                TXT
 .data          0x01005bfc        0x0 c:/altera/13.0sp1/nios2eds/bin/gnu/h-i686-mingw32/bin/../lib/gcc/nios2-elf/4.1.2/mno-hw-mul\libgcc.a(lib2-divmod.o)
 .data          0x01005bfc        0x0 c:/altera/13.0sp1/nios2eds/bin/gnu/h-i686-mingw32/bin/../lib/gcc/nios2-elf/4.1.2/mno-hw-mul\libgcc.a(lib2-mul.o)
 .data          0x01005bfc        0x0 c:/altera/13.0sp1/nios2eds/bin/gnu/h-i686-mingw32/bin/../lib/gcc/nios2-elf/4.1.2/../../../../nios2-elf/lib/mno-hw-mul\libc.a(lib_a-strlen.o)
 .data          0x01005bfc        0x0 ../cnc_bsp/\libhal_bsp.a(alt_irq_register.o)
 .data          0x01005bfc        0x0 ../cnc_bsp/\libhal_bsp.a(alt_irq_vars.o)
 .data          0x01005bfc        0x0 ../cnc_bsp/\libhal_bsp.a(alt_main.o)
 .data          0x01005bfc        0x0 ../cnc_bsp/\libhal_bsp.a(alt_usleep.o)
 .data          0x01005bfc     0x13e4 ../cnc_bsp/\libhal_bsp.a(alt_sys_init.o)
 .data          0x01006fe0        0x0 ../cnc_bsp/\libhal_bsp.a(altera_avalon_cfi_flash.o)
 .data          0x01006fe0        0x0 ../cnc_bsp/\libhal_bsp.a(altera_avalon_cfi_flash_table.o)
 .data          0x01006fe0        0x0 ../cnc_bsp/\libhal_bsp.a(altera_avalon_epcs_flash_controller.o)
 .data          0x01006fe0        0x0 ../cnc_bsp/\libhal_bsp.a(altera_avalon_jtag_uart_fd.o)
 .data          0x01006fe0        0x0 ../cnc_bsp/\libhal_bsp.a(altera_avalon_jtag_uart_init.o)
 .data          0x01006fe0        0x0 ../cnc_bsp/\libhal_bsp.a(altera_avalon_jtag_uart_ioctl.o)
 .data          0x01006fe0        0x0 ../cnc_bsp/\libhal_bsp.a(altera_avalon_jtag_uart_read.o)
 .data          0x01006fe0        0x0 ../cnc_bsp/\libhal_bsp.a(altera_avalon_jtag_uart_write.o)
 .data          0x01006fe0        0x0 ../cnc_bsp/\libhal_bsp.a(altera_avalon_lcd_16207.o)
 .data          0x01006fe0        0x0 ../cnc_bsp/\libhal_bsp.a(altera_avalon_lcd_16207_fd.o)
 .data          0x01006fe0        0x0 ../cnc_bsp/\libhal_bsp.a(altera_avalon_timer_sc.o)
 .data          0x01006fe0        0x0 ../cnc_bsp/\libhal_bsp.a(altera_avalon_uart_fd.o)
 .data          0x01006fe0        0x0 ../cnc_bsp/\libhal_bsp.a(altera_avalon_uart_init.o)
 .data          0x01006fe0        0x0 ../cnc_bsp/\libhal_bsp.a(altera_avalon_uart_read.o)
 .data          0x01006fe0        0x0 ../cnc_bsp/\libhal_bsp.a(altera_avalon_uart_write.o)
 .data          0x01006fe0        0x0 ../cnc_bsp/\libhal_bsp.a(epcs_commands.o)
 .data          0x01006fe0        0x0 ../cnc_bsp/\libhal_bsp.a(alt_alarm_start.o)
 .data          0x01006fe0        0x0 ../cnc_bsp/\libhal_bsp.a(alt_busy_sleep.o)
 .data          0x01006fe0        0x0 ../cnc_bsp/\libhal_bsp.a(alt_close.o)
 .data          0x01006fe0        0x0 ../cnc_bsp/\libhal_bsp.a(alt_dcache_flush.o)
 .data          0x01006fe0      0x1a8 ../cnc_bsp/\libhal_bsp.a(alt_dev.o)
                0x01006fe0                alt_dev_null
                0x01007008                alt_fd_list
 .data          0x01007188        0x0 ../cnc_bsp/\libhal_bsp.a(alt_dev_llist_insert.o)
 .data          0x01007188        0x0 ../cnc_bsp/\libhal_bsp.a(alt_do_ctors.o)
 .data          0x01007188        0x0 ../cnc_bsp/\libhal_bsp.a(alt_do_dtors.o)
 .data          0x01007188        0x0 ../cnc_bsp/\libhal_bsp.a(alt_errno.o)
 .data          0x01007188        0x0 ../cnc_bsp/\libhal_bsp.a(alt_flash_dev.o)
 .data          0x01007188        0x0 ../cnc_bsp/\libhal_bsp.a(alt_iic.o)
 .data          0x01007188        0x0 ../cnc_bsp/\libhal_bsp.a(alt_iic_isr_register.o)
 .data          0x01007188        0x0 ../cnc_bsp/\libhal_bsp.a(alt_io_redirect.o)
 .data          0x01007188        0x0 ../cnc_bsp/\libhal_bsp.a(alt_irq_entry.o)
 .data          0x01007188        0x0 ../cnc_bsp/\libhal_bsp.a(alt_irq_handler.o)
 .data          0x01007188        0x0 ../cnc_bsp/\libhal_bsp.a(alt_open.o)
 .data          0x01007188        0x0 ../cnc_bsp/\libhal_bsp.a(alt_release_fd.o)
 .data          0x01007188        0x0 ../cnc_bsp/\libhal_bsp.a(alt_tick.o)
 .data          0x01007188        0x0 ../cnc_bsp/\libhal_bsp.a(altera_nios2_qsys_irq.o)
 .data          0x01007188        0x0 ../cnc_bsp/\libhal_bsp.a(altera_avalon_cfi_flash_amd.o)
 .data          0x01007188        0x0 ../cnc_bsp/\libhal_bsp.a(altera_avalon_cfi_flash_intel.o)
 .data          0x01007188        0x0 ../cnc_bsp/\libhal_bsp.a(altera_avalon_spi.o)
 .data          0x01007188        0x0 ../cnc_bsp/\libhal_bsp.a(alt_exception_entry.o)
 .data          0x01007188        0x0 ../cnc_bsp/\libhal_bsp.a(alt_find_dev.o)
 .data          0x01007188        0x0 ../cnc_bsp/\libhal_bsp.a(alt_find_file.o)
 .data          0x01007188        0x0 ../cnc_bsp/\libhal_bsp.a(alt_get_fd.o)
 .data          0x01007188        0x0 c:/altera/13.0sp1/nios2eds/bin/gnu/h-i686-mingw32/bin/../lib/gcc/nios2-elf/4.1.2/../../../../nios2-elf/lib/mno-hw-mul\libc.a(lib_a-atexit.o)
 .data          0x01007188        0x0 c:/altera/13.0sp1/nios2eds/bin/gnu/h-i686-mingw32/bin/../lib/gcc/nios2-elf/4.1.2/../../../../nios2-elf/lib/mno-hw-mul\libc.a(lib_a-ctype_.o)
 .data          0x01007188        0x0 c:/altera/13.0sp1/nios2eds/bin/gnu/h-i686-mingw32/bin/../lib/gcc/nios2-elf/4.1.2/../../../../nios2-elf/lib/mno-hw-mul\libc.a(lib_a-exit.o)
 .data          0x01007188      0x400 c:/altera/13.0sp1/nios2eds/bin/gnu/h-i686-mingw32/bin/../lib/gcc/nios2-elf/4.1.2/../../../../nios2-elf/lib/mno-hw-mul\libc.a(lib_a-impure.o)
 .data          0x01007588        0x0 c:/altera/13.0sp1/nios2eds/bin/gnu/h-i686-mingw32/bin/../lib/gcc/nios2-elf/4.1.2/../../../../nios2-elf/lib/mno-hw-mul\libc.a(lib_a-int_errno.o)
 .data          0x01007588        0x0 c:/altera/13.0sp1/nios2eds/bin/gnu/h-i686-mingw32/bin/../lib/gcc/nios2-elf/4.1.2/../../../../nios2-elf/lib/mno-hw-mul\libc.a(lib_a-memcmp.o)
 .data          0x01007588        0x0 c:/altera/13.0sp1/nios2eds/bin/gnu/h-i686-mingw32/bin/../lib/gcc/nios2-elf/4.1.2/../../../../nios2-elf/lib/mno-hw-mul\libc.a(lib_a-memcpy.o)
 .data          0x01007588        0x0 c:/altera/13.0sp1/nios2eds/bin/gnu/h-i686-mingw32/bin/../lib/gcc/nios2-elf/4.1.2/../../../../nios2-elf/lib/mno-hw-mul\libc.a(lib_a-memset.o)
 .data          0x01007588        0x0 c:/altera/13.0sp1/nios2eds/bin/gnu/h-i686-mingw32/bin/../lib/gcc/nios2-elf/4.1.2/../../../../nios2-elf/lib/mno-hw-mul\libc.a(lib_a-__atexit.o)
 .data          0x01007588        0x0 c:/altera/13.0sp1/nios2eds/bin/gnu/h-i686-mingw32/bin/../lib/gcc/nios2-elf/4.1.2/../../../../nios2-elf/lib/mno-hw-mul\libc.a(lib_a-__call_atexit.o)
 .data          0x01007588        0x0 ../cnc_bsp/\libhal_bsp.a(alt_exit.o)
                0x0100f588                _gp = ABSOLUTE ((. + 0x8000))
                0x0100f588                PROVIDE (gp, _gp)
 *(.rwdata .rwdata.*)
 *(.sdata .sdata.* .gnu.linkonce.s.*)
 .sdata         0x01007588        0x6 obj/default/hello_led.o
                0x01007588                ether_addr
 *fill*         0x0100758e        0x2 00
 .sdata         0x01007590        0x4 ../cnc_bsp/\libhal_bsp.a(alt_irq_vars.o)
                0x01007590                alt_priority_mask
 .sdata         0x01007594        0x4 ../cnc_bsp/\libhal_bsp.a(altera_avalon_lcd_16207.o)
 .sdata         0x01007598       0x14 ../cnc_bsp/\libhal_bsp.a(alt_dev.o)
                0x01007598                alt_fs_list
                0x010075a0                alt_dev_list
                0x010075a8                alt_max_fd
 .sdata         0x010075ac        0x4 ../cnc_bsp/\libhal_bsp.a(alt_errno.o)
                0x010075ac                alt_errno
 .sdata         0x010075b0        0x8 ../cnc_bsp/\libhal_bsp.a(alt_flash_dev.o)
                0x010075b0                alt_flash_dev_list
 .sdata         0x010075b8        0x8 ../cnc_bsp/\libhal_bsp.a(alt_tick.o)
                0x010075b8                alt_alarm_list
 .sdata         0x010075c0        0x4 c:/altera/13.0sp1/nios2eds/bin/gnu/h-i686-mingw32/bin/../lib/gcc/nios2-elf/4.1.2/../../../../nios2-elf/lib/mno-hw-mul\libc.a(lib_a-ctype_.o)
                0x010075c0                __ctype_ptr
 .sdata         0x010075c4        0x8 c:/altera/13.0sp1/nios2eds/bin/gnu/h-i686-mingw32/bin/../lib/gcc/nios2-elf/4.1.2/../../../../nios2-elf/lib/mno-hw-mul\libc.a(lib_a-impure.o)
                0x010075c4                _impure_ptr
                0x010075c8                _global_impure_ptr
 *(.sdata2 .sdata2.* .gnu.linkonce.s2.*)
                0x010075cc                . = ALIGN (0x4)
                0x010075cc                _edata = ABSOLUTE (.)
                0x010075cc                PROVIDE (edata, ABSOLUTE (.))
                0x010075cc                PROVIDE (__ram_rwdata_end, ABSOLUTE (.))
                0x01005bd4                PROVIDE (__flash_rwdata_start, LOADADDR (.rwdata))

.bss            0x010075cc      0x4d4
                0x010075cc                __bss_start = ABSOLUTE (.)
                0x010075cc                PROVIDE (__sbss_start, ABSOLUTE (.))
                0x010075cc                PROVIDE (___sbss_start, ABSOLUTE (.))
 *(.dynsbss)
 *(.sbss .sbss.* .gnu.linkonce.sb.*)
 .sbss          0x010075cc        0x4 obj/default/hello_led.o
                0x010075cc                to_send
 .sbss          0x010075d0       0x21 obj/default/hello_led.o
                0x010075d0                pendant_keys
                0x010075d1                temp_but
                0x010075d2                igpio_31_24
                0x010075d4                temp
                0x010075d8                aaa
                0x010075dc                button
                0x010075e0                packet_num
                0x010075e4                i
                0x010075e8                old_pendant_leds
                0x010075e9                igpio_23_16
                0x010075ec                rx_len
                0x010075f0                pendant_pressed
 *fill*         0x010075f1        0x3 00
 .sbss          0x010075f4        0x4 ../cnc_bsp/\libhal_bsp.a(alt_irq_vars.o)
                0x010075f4                alt_irq_active
 .sbss          0x010075f8        0xc ../cnc_bsp/\libhal_bsp.a(alt_main.o)
                0x010075f8                alt_argc
                0x010075fc                alt_argv
                0x01007600                alt_envp
 .sbss          0x01007604        0x8 ../cnc_bsp/\libhal_bsp.a(alt_tick.o)
                0x01007604                _alt_tick_rate
                0x01007608                _alt_nticks
 .sbss          0x0100760c        0x4 c:/altera/13.0sp1/nios2eds/bin/gnu/h-i686-mingw32/bin/../lib/gcc/nios2-elf/4.1.2/../../../../nios2-elf/lib/mno-hw-mul\libc.a(lib_a-int_errno.o)
                0x0100760c                errno
 *(.sbss2 .sbss2.* .gnu.linkonce.sb2.*)
 *(.scommon)
                0x01007610                PROVIDE (__sbss_end, ABSOLUTE (.))
                0x01007610                PROVIDE (___sbss_end, ABSOLUTE (.))
 *(.dynbss)
 *(.bss .bss.* .gnu.linkonce.b.*)
 .bss           0x01007610        0x0 ../cnc_bsp//obj/HAL/src/crt0.o
 .bss           0x01007610        0x0 obj/default/LCD.o
 .bss           0x01007610        0x0 obj/default/Test.o
 .bss           0x01007610        0x0 obj/default/hello_led.o
 .bss           0x01007610        0x0 c:/altera/13.0sp1/nios2eds/bin/gnu/h-i686-mingw32/bin/../lib/gcc/nios2-elf/4.1.2/mno-hw-mul\libgcc.a(lib2-divmod.o)
 .bss           0x01007610        0x0 c:/altera/13.0sp1/nios2eds/bin/gnu/h-i686-mingw32/bin/../lib/gcc/nios2-elf/4.1.2/mno-hw-mul\libgcc.a(lib2-mul.o)
 .bss           0x01007610        0x0 c:/altera/13.0sp1/nios2eds/bin/gnu/h-i686-mingw32/bin/../lib/gcc/nios2-elf/4.1.2/../../../../nios2-elf/lib/mno-hw-mul\libc.a(lib_a-strlen.o)
 .bss           0x01007610        0x0 ../cnc_bsp/\libhal_bsp.a(alt_irq_register.o)
 .bss           0x01007610        0x0 ../cnc_bsp/\libhal_bsp.a(alt_irq_vars.o)
 .bss           0x01007610        0x0 ../cnc_bsp/\libhal_bsp.a(alt_main.o)
 .bss           0x01007610        0x0 ../cnc_bsp/\libhal_bsp.a(alt_usleep.o)
 .bss           0x01007610        0x0 ../cnc_bsp/\libhal_bsp.a(alt_sys_init.o)
 .bss           0x01007610        0x0 ../cnc_bsp/\libhal_bsp.a(altera_avalon_cfi_flash.o)
 .bss           0x01007610        0x0 ../cnc_bsp/\libhal_bsp.a(altera_avalon_cfi_flash_table.o)
 .bss           0x01007610        0x0 ../cnc_bsp/\libhal_bsp.a(altera_avalon_epcs_flash_controller.o)
 .bss           0x01007610        0x0 ../cnc_bsp/\libhal_bsp.a(altera_avalon_jtag_uart_fd.o)
 .bss           0x01007610        0x0 ../cnc_bsp/\libhal_bsp.a(altera_avalon_jtag_uart_init.o)
 .bss           0x01007610        0x0 ../cnc_bsp/\libhal_bsp.a(altera_avalon_jtag_uart_ioctl.o)
 .bss           0x01007610        0x0 ../cnc_bsp/\libhal_bsp.a(altera_avalon_jtag_uart_read.o)
 .bss           0x01007610        0x0 ../cnc_bsp/\libhal_bsp.a(altera_avalon_jtag_uart_write.o)
 .bss           0x01007610        0x0 ../cnc_bsp/\libhal_bsp.a(altera_avalon_lcd_16207.o)
 .bss           0x01007610        0x0 ../cnc_bsp/\libhal_bsp.a(altera_avalon_lcd_16207_fd.o)
 .bss           0x01007610        0x0 ../cnc_bsp/\libhal_bsp.a(altera_avalon_timer_sc.o)
 .bss           0x01007610        0x0 ../cnc_bsp/\libhal_bsp.a(altera_avalon_uart_fd.o)
 .bss           0x01007610        0x0 ../cnc_bsp/\libhal_bsp.a(altera_avalon_uart_init.o)
 .bss           0x01007610        0x0 ../cnc_bsp/\libhal_bsp.a(altera_avalon_uart_read.o)
 .bss           0x01007610        0x0 ../cnc_bsp/\libhal_bsp.a(altera_avalon_uart_write.o)
 .bss           0x01007610        0x0 ../cnc_bsp/\libhal_bsp.a(epcs_commands.o)
 .bss           0x01007610        0x0 ../cnc_bsp/\libhal_bsp.a(alt_alarm_start.o)
 .bss           0x01007610        0x0 ../cnc_bsp/\libhal_bsp.a(alt_busy_sleep.o)
 .bss           0x01007610        0x0 ../cnc_bsp/\libhal_bsp.a(alt_close.o)
 .bss           0x01007610        0x0 ../cnc_bsp/\libhal_bsp.a(alt_dcache_flush.o)
 .bss           0x01007610        0x0 ../cnc_bsp/\libhal_bsp.a(alt_dev.o)
 .bss           0x01007610        0x0 ../cnc_bsp/\libhal_bsp.a(alt_dev_llist_insert.o)
 .bss           0x01007610        0x0 ../cnc_bsp/\libhal_bsp.a(alt_do_ctors.o)
 .bss           0x01007610        0x0 ../cnc_bsp/\libhal_bsp.a(alt_do_dtors.o)
 .bss           0x01007610        0x0 ../cnc_bsp/\libhal_bsp.a(alt_errno.o)
 .bss           0x01007610        0x0 ../cnc_bsp/\libhal_bsp.a(alt_flash_dev.o)
 .bss           0x01007610        0x0 ../cnc_bsp/\libhal_bsp.a(alt_iic.o)
 .bss           0x01007610        0x0 ../cnc_bsp/\libhal_bsp.a(alt_iic_isr_register.o)
 .bss           0x01007610        0x0 ../cnc_bsp/\libhal_bsp.a(alt_io_redirect.o)
 .bss           0x01007610        0x0 ../cnc_bsp/\libhal_bsp.a(alt_irq_entry.o)
 .bss           0x01007610        0x0 ../cnc_bsp/\libhal_bsp.a(alt_irq_handler.o)
 .bss           0x01007610        0x0 ../cnc_bsp/\libhal_bsp.a(alt_open.o)
 .bss           0x01007610        0x0 ../cnc_bsp/\libhal_bsp.a(alt_release_fd.o)
 .bss           0x01007610        0x0 ../cnc_bsp/\libhal_bsp.a(alt_tick.o)
 .bss           0x01007610        0x0 ../cnc_bsp/\libhal_bsp.a(altera_nios2_qsys_irq.o)
 .bss           0x01007610        0x0 ../cnc_bsp/\libhal_bsp.a(altera_avalon_cfi_flash_amd.o)
 .bss           0x01007610        0x0 ../cnc_bsp/\libhal_bsp.a(altera_avalon_cfi_flash_intel.o)
 .bss           0x01007610        0x0 ../cnc_bsp/\libhal_bsp.a(altera_avalon_spi.o)
 .bss           0x01007610        0x0 ../cnc_bsp/\libhal_bsp.a(alt_exception_entry.o)
 .bss           0x01007610        0x0 ../cnc_bsp/\libhal_bsp.a(alt_find_dev.o)
 .bss           0x01007610        0x0 ../cnc_bsp/\libhal_bsp.a(alt_find_file.o)
 .bss           0x01007610        0x0 ../cnc_bsp/\libhal_bsp.a(alt_get_fd.o)
 .bss           0x01007610        0x0 c:/altera/13.0sp1/nios2eds/bin/gnu/h-i686-mingw32/bin/../lib/gcc/nios2-elf/4.1.2/../../../../nios2-elf/lib/mno-hw-mul\libc.a(lib_a-atexit.o)
 .bss           0x01007610        0x0 c:/altera/13.0sp1/nios2eds/bin/gnu/h-i686-mingw32/bin/../lib/gcc/nios2-elf/4.1.2/../../../../nios2-elf/lib/mno-hw-mul\libc.a(lib_a-ctype_.o)
 .bss           0x01007610        0x0 c:/altera/13.0sp1/nios2eds/bin/gnu/h-i686-mingw32/bin/../lib/gcc/nios2-elf/4.1.2/../../../../nios2-elf/lib/mno-hw-mul\libc.a(lib_a-exit.o)
 .bss           0x01007610        0x0 c:/altera/13.0sp1/nios2eds/bin/gnu/h-i686-mingw32/bin/../lib/gcc/nios2-elf/4.1.2/../../../../nios2-elf/lib/mno-hw-mul\libc.a(lib_a-impure.o)
 .bss           0x01007610        0x0 c:/altera/13.0sp1/nios2eds/bin/gnu/h-i686-mingw32/bin/../lib/gcc/nios2-elf/4.1.2/../../../../nios2-elf/lib/mno-hw-mul\libc.a(lib_a-int_errno.o)
 .bss           0x01007610        0x0 c:/altera/13.0sp1/nios2eds/bin/gnu/h-i686-mingw32/bin/../lib/gcc/nios2-elf/4.1.2/../../../../nios2-elf/lib/mno-hw-mul\libc.a(lib_a-memcmp.o)
 .bss           0x01007610        0x0 c:/altera/13.0sp1/nios2eds/bin/gnu/h-i686-mingw32/bin/../lib/gcc/nios2-elf/4.1.2/../../../../nios2-elf/lib/mno-hw-mul\libc.a(lib_a-memcpy.o)
 .bss           0x01007610        0x0 c:/altera/13.0sp1/nios2eds/bin/gnu/h-i686-mingw32/bin/../lib/gcc/nios2-elf/4.1.2/../../../../nios2-elf/lib/mno-hw-mul\libc.a(lib_a-memset.o)
 .bss           0x01007610        0x0 c:/altera/13.0sp1/nios2eds/bin/gnu/h-i686-mingw32/bin/../lib/gcc/nios2-elf/4.1.2/../../../../nios2-elf/lib/mno-hw-mul\libc.a(lib_a-__atexit.o)
 .bss           0x01007610        0x0 c:/altera/13.0sp1/nios2eds/bin/gnu/h-i686-mingw32/bin/../lib/gcc/nios2-elf/4.1.2/../../../../nios2-elf/lib/mno-hw-mul\libc.a(lib_a-__call_atexit.o)
 .bss           0x01007610        0x0 ../cnc_bsp/\libhal_bsp.a(alt_exit.o)
 *(COMMON)
 COMMON         0x01007610      0x200 obj/default/hello_led.o
                0x01007610                RXT
 COMMON         0x01007810      0x100 ../cnc_bsp/\libhal_bsp.a(alt_irq_handler.o)
                0x01007810                alt_irq
 COMMON         0x01007910      0x190 c:/altera/13.0sp1/nios2eds/bin/gnu/h-i686-mingw32/bin/../lib/gcc/nios2-elf/4.1.2/../../../../nios2-elf/lib/mno-hw-mul\libc.a(lib_a-atexit.o)
                0x01007910                _atexit0
                0x01007aa0                . = ALIGN (0x4)
                0x01007aa0                __bss_end = ABSOLUTE (.)

.sram_0         0x00000184        0x0
                0x00000184                PROVIDE (_alt_partition_sram_0_start, ABSOLUTE (.))
 *(.sram_0. sram_0.*)
                0x00000184                . = ALIGN (0x4)
                0x00000184                PROVIDE (_alt_partition_sram_0_end, ABSOLUTE (.))
                0x00000184                PROVIDE (_alt_partition_sram_0_load_addr, LOADADDR (.sram_0))

.epcs_controller
                0x00080820        0x0
                0x00080820                PROVIDE (_alt_partition_epcs_controller_start, ABSOLUTE (.))
 *(.epcs_controller. epcs_controller.*)
                0x00080820                . = ALIGN (0x4)
                0x00080820                PROVIDE (_alt_partition_epcs_controller_end, ABSOLUTE (.))
                0x00080820                PROVIDE (_alt_partition_epcs_controller_load_addr, LOADADDR (.epcs_controller))

.sdram_0        0x01007aa0        0x0
                0x01007aa0                PROVIDE (_alt_partition_sdram_0_start, ABSOLUTE (.))
 *(.sdram_0. sdram_0.*)
                0x01007aa0                . = ALIGN (0x4)
                0x01007aa0                PROVIDE (_alt_partition_sdram_0_end, ABSOLUTE (.))
                0x01007aa0                _end = ABSOLUTE (.)
                0x01007aa0                end = ABSOLUTE (.)
                0x01007aa0                __alt_stack_base = ABSOLUTE (.)
                0x01007aa0                PROVIDE (_alt_partition_sdram_0_load_addr, LOADADDR (.sdram_0))

.cfi_flash_0    0x01800000        0x0
                0x01800000                PROVIDE (_alt_partition_cfi_flash_0_start, ABSOLUTE (.))
 *(.cfi_flash_0. cfi_flash_0.*)
                0x01800000                . = ALIGN (0x4)
                0x01800000                PROVIDE (_alt_partition_cfi_flash_0_end, ABSOLUTE (.))
                0x01800000                PROVIDE (_alt_partition_cfi_flash_0_load_addr, LOADADDR (.cfi_flash_0))

.stab
 *(.stab)

.stabstr
 *(.stabstr)

.stab.excl
 *(.stab.excl)

.stab.exclstr
 *(.stab.exclstr)

.stab.index
 *(.stab.index)

.stab.indexstr
 *(.stab.indexstr)

.comment        0x00000000       0x26
 *(.comment)
 .comment       0x00000000       0x26 obj/default/LCD.o
                                 0x27 (size before relaxing)
 .comment       0x00000000       0x27 obj/default/Test.o
 .comment       0x00000000       0x27 obj/default/hello_led.o
 .comment       0x00000000       0x27 c:/altera/13.0sp1/nios2eds/bin/gnu/h-i686-mingw32/bin/../lib/gcc/nios2-elf/4.1.2/mno-hw-mul\libgcc.a(lib2-divmod.o)
 .comment       0x00000000       0x27 c:/altera/13.0sp1/nios2eds/bin/gnu/h-i686-mingw32/bin/../lib/gcc/nios2-elf/4.1.2/mno-hw-mul\libgcc.a(lib2-mul.o)
 .comment       0x00000000       0x27 c:/altera/13.0sp1/nios2eds/bin/gnu/h-i686-mingw32/bin/../lib/gcc/nios2-elf/4.1.2/../../../../nios2-elf/lib/mno-hw-mul\libc.a(lib_a-strlen.o)
 .comment       0x00000000       0x27 ../cnc_bsp/\libhal_bsp.a(alt_irq_register.o)
 .comment       0x00000000       0x27 ../cnc_bsp/\libhal_bsp.a(alt_irq_vars.o)
 .comment       0x00000000       0x27 ../cnc_bsp/\libhal_bsp.a(alt_main.o)
 .comment       0x00000000       0x27 ../cnc_bsp/\libhal_bsp.a(alt_usleep.o)
 .comment       0x00000000       0x27 ../cnc_bsp/\libhal_bsp.a(alt_sys_init.o)
 .comment       0x00000000       0x27 ../cnc_bsp/\libhal_bsp.a(altera_avalon_cfi_flash.o)
 .comment       0x00000000       0x27 ../cnc_bsp/\libhal_bsp.a(altera_avalon_cfi_flash_table.o)
 .comment       0x00000000       0x27 ../cnc_bsp/\libhal_bsp.a(altera_avalon_epcs_flash_controller.o)
 .comment       0x00000000       0x27 ../cnc_bsp/\libhal_bsp.a(altera_avalon_jtag_uart_fd.o)
 .comment       0x00000000       0x27 ../cnc_bsp/\libhal_bsp.a(altera_avalon_jtag_uart_init.o)
 .comment       0x00000000       0x27 ../cnc_bsp/\libhal_bsp.a(altera_avalon_jtag_uart_ioctl.o)
 .comment       0x00000000       0x27 ../cnc_bsp/\libhal_bsp.a(altera_avalon_jtag_uart_read.o)
 .comment       0x00000000       0x27 ../cnc_bsp/\libhal_bsp.a(altera_avalon_jtag_uart_write.o)
 .comment       0x00000000       0x27 ../cnc_bsp/\libhal_bsp.a(altera_avalon_lcd_16207.o)
 .comment       0x00000000       0x27 ../cnc_bsp/\libhal_bsp.a(altera_avalon_lcd_16207_fd.o)
 .comment       0x00000000       0x27 ../cnc_bsp/\libhal_bsp.a(altera_avalon_timer_sc.o)
 .comment       0x00000000       0x27 ../cnc_bsp/\libhal_bsp.a(altera_avalon_uart_fd.o)
 .comment       0x00000000       0x27 ../cnc_bsp/\libhal_bsp.a(altera_avalon_uart_init.o)
 .comment       0x00000000       0x27 ../cnc_bsp/\libhal_bsp.a(altera_avalon_uart_read.o)
 .comment       0x00000000       0x27 ../cnc_bsp/\libhal_bsp.a(altera_avalon_uart_write.o)
 .comment       0x00000000       0x27 ../cnc_bsp/\libhal_bsp.a(epcs_commands.o)
 .comment       0x00000000       0x27 ../cnc_bsp/\libhal_bsp.a(alt_alarm_start.o)
 .comment       0x00000000       0x27 ../cnc_bsp/\libhal_bsp.a(alt_busy_sleep.o)
 .comment       0x00000000       0x27 ../cnc_bsp/\libhal_bsp.a(alt_close.o)
 .comment       0x00000000       0x27 ../cnc_bsp/\libhal_bsp.a(alt_dcache_flush.o)
 .comment       0x00000000       0x27 ../cnc_bsp/\libhal_bsp.a(alt_dev.o)
 .comment       0x00000000       0x27 ../cnc_bsp/\libhal_bsp.a(alt_dev_llist_insert.o)
 .comment       0x00000000       0x27 ../cnc_bsp/\libhal_bsp.a(alt_do_ctors.o)
 .comment       0x00000000       0x27 ../cnc_bsp/\libhal_bsp.a(alt_do_dtors.o)
 .comment       0x00000000       0x27 ../cnc_bsp/\libhal_bsp.a(alt_errno.o)
 .comment       0x00000000       0x27 ../cnc_bsp/\libhal_bsp.a(alt_flash_dev.o)
 .comment       0x00000000       0x27 ../cnc_bsp/\libhal_bsp.a(alt_iic.o)
 .comment       0x00000000       0x27 ../cnc_bsp/\libhal_bsp.a(alt_iic_isr_register.o)
 .comment       0x00000000       0x27 ../cnc_bsp/\libhal_bsp.a(alt_io_redirect.o)
 .comment       0x00000000       0x27 ../cnc_bsp/\libhal_bsp.a(alt_irq_handler.o)
 .comment       0x00000000       0x27 ../cnc_bsp/\libhal_bsp.a(alt_open.o)
 .comment       0x00000000       0x27 ../cnc_bsp/\libhal_bsp.a(alt_release_fd.o)
 .comment       0x00000000       0x27 ../cnc_bsp/\libhal_bsp.a(alt_tick.o)
 .comment       0x00000000       0x27 ../cnc_bsp/\libhal_bsp.a(altera_nios2_qsys_irq.o)
 .comment       0x00000000       0x27 ../cnc_bsp/\libhal_bsp.a(altera_avalon_cfi_flash_amd.o)
 .comment       0x00000000       0x27 ../cnc_bsp/\libhal_bsp.a(altera_avalon_cfi_flash_intel.o)
 .comment       0x00000000       0x27 ../cnc_bsp/\libhal_bsp.a(altera_avalon_spi.o)
 .comment       0x00000000       0x27 ../cnc_bsp/\libhal_bsp.a(alt_find_dev.o)
 .comment       0x00000000       0x27 ../cnc_bsp/\libhal_bsp.a(alt_find_file.o)
 .comment       0x00000000       0x27 ../cnc_bsp/\libhal_bsp.a(alt_get_fd.o)
 .comment       0x00000000       0x27 c:/altera/13.0sp1/nios2eds/bin/gnu/h-i686-mingw32/bin/../lib/gcc/nios2-elf/4.1.2/../../../../nios2-elf/lib/mno-hw-mul\libc.a(lib_a-atexit.o)
 .comment       0x00000000       0x27 c:/altera/13.0sp1/nios2eds/bin/gnu/h-i686-mingw32/bin/../lib/gcc/nios2-elf/4.1.2/../../../../nios2-elf/lib/mno-hw-mul\libc.a(lib_a-ctype_.o)
 .comment       0x00000000       0x27 c:/altera/13.0sp1/nios2eds/bin/gnu/h-i686-mingw32/bin/../lib/gcc/nios2-elf/4.1.2/../../../../nios2-elf/lib/mno-hw-mul\libc.a(lib_a-exit.o)
 .comment       0x00000000       0x27 c:/altera/13.0sp1/nios2eds/bin/gnu/h-i686-mingw32/bin/../lib/gcc/nios2-elf/4.1.2/../../../../nios2-elf/lib/mno-hw-mul\libc.a(lib_a-impure.o)
 .comment       0x00000000       0x27 c:/altera/13.0sp1/nios2eds/bin/gnu/h-i686-mingw32/bin/../lib/gcc/nios2-elf/4.1.2/../../../../nios2-elf/lib/mno-hw-mul\libc.a(lib_a-int_errno.o)
 .comment       0x00000000       0x27 c:/altera/13.0sp1/nios2eds/bin/gnu/h-i686-mingw32/bin/../lib/gcc/nios2-elf/4.1.2/../../../../nios2-elf/lib/mno-hw-mul\libc.a(lib_a-memcmp.o)
 .comment       0x00000000       0x27 c:/altera/13.0sp1/nios2eds/bin/gnu/h-i686-mingw32/bin/../lib/gcc/nios2-elf/4.1.2/../../../../nios2-elf/lib/mno-hw-mul\libc.a(lib_a-memcpy.o)
 .comment       0x00000000       0x27 c:/altera/13.0sp1/nios2eds/bin/gnu/h-i686-mingw32/bin/../lib/gcc/nios2-elf/4.1.2/../../../../nios2-elf/lib/mno-hw-mul\libc.a(lib_a-memset.o)
 .comment       0x00000000       0x27 c:/altera/13.0sp1/nios2eds/bin/gnu/h-i686-mingw32/bin/../lib/gcc/nios2-elf/4.1.2/../../../../nios2-elf/lib/mno-hw-mul\libc.a(lib_a-__atexit.o)
 .comment       0x00000000       0x27 c:/altera/13.0sp1/nios2eds/bin/gnu/h-i686-mingw32/bin/../lib/gcc/nios2-elf/4.1.2/../../../../nios2-elf/lib/mno-hw-mul\libc.a(lib_a-__call_atexit.o)
 .comment       0x00000000       0x27 ../cnc_bsp/\libhal_bsp.a(alt_exit.o)

.debug
 *(.debug)

.line
 *(.line)

.debug_srcinfo
 *(.debug_srcinfo)

.debug_sfnames
 *(.debug_sfnames)

.debug_aranges  0x00000000      0x750
 *(.debug_aranges)
 .debug_aranges
                0x00000000       0x20 ../cnc_bsp//obj/HAL/src/crt0.o
 .debug_aranges
                0x00000020       0x20 c:/altera/13.0sp1/nios2eds/bin/gnu/h-i686-mingw32/bin/../lib/gcc/nios2-elf/4.1.2/mno-hw-mul\libgcc.a(lib2-divmod.o)
 .debug_aranges
                0x00000040       0x20 c:/altera/13.0sp1/nios2eds/bin/gnu/h-i686-mingw32/bin/../lib/gcc/nios2-elf/4.1.2/mno-hw-mul\libgcc.a(lib2-mul.o)
 .debug_aranges
                0x00000060       0x20 c:/altera/13.0sp1/nios2eds/bin/gnu/h-i686-mingw32/bin/../lib/gcc/nios2-elf/4.1.2/../../../../nios2-elf/lib/mno-hw-mul\libc.a(lib_a-strlen.o)
 .debug_aranges
                0x00000080       0x20 ../cnc_bsp/\libhal_bsp.a(alt_irq_register.o)
 .debug_aranges
                0x000000a0       0x20 ../cnc_bsp/\libhal_bsp.a(alt_main.o)
 .debug_aranges
                0x000000c0       0x20 ../cnc_bsp/\libhal_bsp.a(alt_usleep.o)
 .debug_aranges
                0x000000e0       0x20 ../cnc_bsp/\libhal_bsp.a(alt_sys_init.o)
 .debug_aranges
                0x00000100       0x20 ../cnc_bsp/\libhal_bsp.a(altera_avalon_cfi_flash.o)
 .debug_aranges
                0x00000120       0x20 ../cnc_bsp/\libhal_bsp.a(altera_avalon_cfi_flash_table.o)
 .debug_aranges
                0x00000140       0x20 ../cnc_bsp/\libhal_bsp.a(altera_avalon_epcs_flash_controller.o)
 .debug_aranges
                0x00000160       0x20 ../cnc_bsp/\libhal_bsp.a(altera_avalon_jtag_uart_fd.o)
 .debug_aranges
                0x00000180       0x20 ../cnc_bsp/\libhal_bsp.a(altera_avalon_jtag_uart_init.o)
 .debug_aranges
                0x000001a0       0x20 ../cnc_bsp/\libhal_bsp.a(altera_avalon_jtag_uart_ioctl.o)
 .debug_aranges
                0x000001c0       0x20 ../cnc_bsp/\libhal_bsp.a(altera_avalon_jtag_uart_read.o)
 .debug_aranges
                0x000001e0       0x20 ../cnc_bsp/\libhal_bsp.a(altera_avalon_jtag_uart_write.o)
 .debug_aranges
                0x00000200       0x20 ../cnc_bsp/\libhal_bsp.a(altera_avalon_lcd_16207.o)
 .debug_aranges
                0x00000220       0x20 ../cnc_bsp/\libhal_bsp.a(altera_avalon_lcd_16207_fd.o)
 .debug_aranges
                0x00000240       0x20 ../cnc_bsp/\libhal_bsp.a(altera_avalon_timer_sc.o)
 .debug_aranges
                0x00000260       0x20 ../cnc_bsp/\libhal_bsp.a(altera_avalon_uart_fd.o)
 .debug_aranges
                0x00000280       0x20 ../cnc_bsp/\libhal_bsp.a(altera_avalon_uart_init.o)
 .debug_aranges
                0x000002a0       0x20 ../cnc_bsp/\libhal_bsp.a(altera_avalon_uart_read.o)
 .debug_aranges
                0x000002c0       0x20 ../cnc_bsp/\libhal_bsp.a(altera_avalon_uart_write.o)
 .debug_aranges
                0x000002e0       0x20 ../cnc_bsp/\libhal_bsp.a(epcs_commands.o)
 .debug_aranges
                0x00000300       0x20 ../cnc_bsp/\libhal_bsp.a(alt_alarm_start.o)
 .debug_aranges
                0x00000320       0x20 ../cnc_bsp/\libhal_bsp.a(alt_busy_sleep.o)
 .debug_aranges
                0x00000340       0x20 ../cnc_bsp/\libhal_bsp.a(alt_close.o)
 .debug_aranges
                0x00000360       0x20 ../cnc_bsp/\libhal_bsp.a(alt_dcache_flush.o)
 .debug_aranges
                0x00000380       0x20 ../cnc_bsp/\libhal_bsp.a(alt_dev.o)
 .debug_aranges
                0x000003a0       0x20 ../cnc_bsp/\libhal_bsp.a(alt_dev_llist_insert.o)
 .debug_aranges
                0x000003c0       0x20 ../cnc_bsp/\libhal_bsp.a(alt_do_ctors.o)
 .debug_aranges
                0x000003e0       0x20 ../cnc_bsp/\libhal_bsp.a(alt_do_dtors.o)
 .debug_aranges
                0x00000400       0x20 ../cnc_bsp/\libhal_bsp.a(alt_flash_dev.o)
 .debug_aranges
                0x00000420       0x20 ../cnc_bsp/\libhal_bsp.a(alt_iic.o)
 .debug_aranges
                0x00000440       0x20 ../cnc_bsp/\libhal_bsp.a(alt_iic_isr_register.o)
 .debug_aranges
                0x00000460       0x20 ../cnc_bsp/\libhal_bsp.a(alt_io_redirect.o)
 .debug_aranges
                0x00000480       0x30 ../cnc_bsp/\libhal_bsp.a(alt_irq_entry.o)
 .debug_aranges
                0x000004b0       0x28 ../cnc_bsp/\libhal_bsp.a(alt_irq_handler.o)
 .debug_aranges
                0x000004d8       0x20 ../cnc_bsp/\libhal_bsp.a(alt_open.o)
 .debug_aranges
                0x000004f8       0x20 ../cnc_bsp/\libhal_bsp.a(alt_release_fd.o)
 .debug_aranges
                0x00000518       0x20 ../cnc_bsp/\libhal_bsp.a(alt_tick.o)
 .debug_aranges
                0x00000538       0x20 ../cnc_bsp/\libhal_bsp.a(altera_nios2_qsys_irq.o)
 .debug_aranges
                0x00000558       0x20 ../cnc_bsp/\libhal_bsp.a(altera_avalon_cfi_flash_amd.o)
 .debug_aranges
                0x00000578       0x20 ../cnc_bsp/\libhal_bsp.a(altera_avalon_cfi_flash_intel.o)
 .debug_aranges
                0x00000598       0x20 ../cnc_bsp/\libhal_bsp.a(altera_avalon_spi.o)
 .debug_aranges
                0x000005b8       0x38 ../cnc_bsp/\libhal_bsp.a(alt_exception_entry.o)
 .debug_aranges
                0x000005f0       0x20 ../cnc_bsp/\libhal_bsp.a(alt_find_dev.o)
 .debug_aranges
                0x00000610       0x20 ../cnc_bsp/\libhal_bsp.a(alt_find_file.o)
 .debug_aranges
                0x00000630       0x20 ../cnc_bsp/\libhal_bsp.a(alt_get_fd.o)
 .debug_aranges
                0x00000650       0x20 c:/altera/13.0sp1/nios2eds/bin/gnu/h-i686-mingw32/bin/../lib/gcc/nios2-elf/4.1.2/../../../../nios2-elf/lib/mno-hw-mul\libc.a(lib_a-atexit.o)
 .debug_aranges
                0x00000670       0x20 c:/altera/13.0sp1/nios2eds/bin/gnu/h-i686-mingw32/bin/../lib/gcc/nios2-elf/4.1.2/../../../../nios2-elf/lib/mno-hw-mul\libc.a(lib_a-exit.o)
 .debug_aranges
                0x00000690       0x20 c:/altera/13.0sp1/nios2eds/bin/gnu/h-i686-mingw32/bin/../lib/gcc/nios2-elf/4.1.2/../../../../nios2-elf/lib/mno-hw-mul\libc.a(lib_a-memcmp.o)
 .debug_aranges
                0x000006b0       0x20 c:/altera/13.0sp1/nios2eds/bin/gnu/h-i686-mingw32/bin/../lib/gcc/nios2-elf/4.1.2/../../../../nios2-elf/lib/mno-hw-mul\libc.a(lib_a-memcpy.o)
 .debug_aranges
                0x000006d0       0x20 c:/altera/13.0sp1/nios2eds/bin/gnu/h-i686-mingw32/bin/../lib/gcc/nios2-elf/4.1.2/../../../../nios2-elf/lib/mno-hw-mul\libc.a(lib_a-memset.o)
 .debug_aranges
                0x000006f0       0x20 c:/altera/13.0sp1/nios2eds/bin/gnu/h-i686-mingw32/bin/../lib/gcc/nios2-elf/4.1.2/../../../../nios2-elf/lib/mno-hw-mul\libc.a(lib_a-__atexit.o)
 .debug_aranges
                0x00000710       0x20 c:/altera/13.0sp1/nios2eds/bin/gnu/h-i686-mingw32/bin/../lib/gcc/nios2-elf/4.1.2/../../../../nios2-elf/lib/mno-hw-mul\libc.a(lib_a-__call_atexit.o)
 .debug_aranges
                0x00000730       0x20 ../cnc_bsp/\libhal_bsp.a(alt_exit.o)

.debug_pubnames
                0x00000000     0x1018
 *(.debug_pubnames)
 .debug_pubnames
                0x00000000       0x48 c:/altera/13.0sp1/nios2eds/bin/gnu/h-i686-mingw32/bin/../lib/gcc/nios2-elf/4.1.2/mno-hw-mul\libgcc.a(lib2-divmod.o)
 .debug_pubnames
                0x00000048       0x1f c:/altera/13.0sp1/nios2eds/bin/gnu/h-i686-mingw32/bin/../lib/gcc/nios2-elf/4.1.2/mno-hw-mul\libgcc.a(lib2-mul.o)
 .debug_pubnames
                0x00000067       0x1d c:/altera/13.0sp1/nios2eds/bin/gnu/h-i686-mingw32/bin/../lib/gcc/nios2-elf/4.1.2/../../../../nios2-elf/lib/mno-hw-mul\libc.a(lib_a-strlen.o)
 .debug_pubnames
                0x00000084       0x27 ../cnc_bsp/\libhal_bsp.a(alt_irq_register.o)
 .debug_pubnames
                0x000000ab       0x3b ../cnc_bsp/\libhal_bsp.a(alt_irq_vars.o)
 .debug_pubnames
                0x000000e6       0x46 ../cnc_bsp/\libhal_bsp.a(alt_main.o)
 .debug_pubnames
                0x0000012c       0x1d ../cnc_bsp/\libhal_bsp.a(alt_usleep.o)
 .debug_pubnames
                0x00000149       0x34 ../cnc_bsp/\libhal_bsp.a(alt_sys_init.o)
 .debug_pubnames
                0x0000017d       0xac ../cnc_bsp/\libhal_bsp.a(altera_avalon_cfi_flash.o)
 .debug_pubnames
                0x00000229      0x27a ../cnc_bsp/\libhal_bsp.a(altera_avalon_cfi_flash_table.o)
 .debug_pubnames
                0x000004a3       0xb5 ../cnc_bsp/\libhal_bsp.a(altera_avalon_epcs_flash_controller.o)
 .debug_pubnames
                0x00000558       0xa5 ../cnc_bsp/\libhal_bsp.a(altera_avalon_jtag_uart_fd.o)
 .debug_pubnames
                0x000005fd       0x55 ../cnc_bsp/\libhal_bsp.a(altera_avalon_jtag_uart_init.o)
 .debug_pubnames
                0x00000652       0x34 ../cnc_bsp/\libhal_bsp.a(altera_avalon_jtag_uart_ioctl.o)
 .debug_pubnames
                0x00000686       0x33 ../cnc_bsp/\libhal_bsp.a(altera_avalon_jtag_uart_read.o)
 .debug_pubnames
                0x000006b9       0x34 ../cnc_bsp/\libhal_bsp.a(altera_avalon_jtag_uart_write.o)
 .debug_pubnames
                0x000006ed       0x55 ../cnc_bsp/\libhal_bsp.a(altera_avalon_lcd_16207.o)
 .debug_pubnames
                0x00000742       0x37 ../cnc_bsp/\libhal_bsp.a(altera_avalon_lcd_16207_fd.o)
 .debug_pubnames
                0x00000779       0x2f ../cnc_bsp/\libhal_bsp.a(altera_avalon_timer_sc.o)
 .debug_pubnames
                0x000007a8       0x71 ../cnc_bsp/\libhal_bsp.a(altera_avalon_uart_fd.o)
 .debug_pubnames
                0x00000819       0x4b ../cnc_bsp/\libhal_bsp.a(altera_avalon_uart_init.o)
 .debug_pubnames
                0x00000864       0x2e ../cnc_bsp/\libhal_bsp.a(altera_avalon_uart_read.o)
 .debug_pubnames
                0x00000892       0x2f ../cnc_bsp/\libhal_bsp.a(altera_avalon_uart_write.o)
 .debug_pubnames
                0x000008c1      0x118 ../cnc_bsp/\libhal_bsp.a(epcs_commands.o)
 .debug_pubnames
                0x000009d9       0x26 ../cnc_bsp/\libhal_bsp.a(alt_alarm_start.o)
 .debug_pubnames
                0x000009ff       0x25 ../cnc_bsp/\libhal_bsp.a(alt_busy_sleep.o)
 .debug_pubnames
                0x00000a24       0x1c ../cnc_bsp/\libhal_bsp.a(alt_close.o)
 .debug_pubnames
                0x00000a40       0x27 ../cnc_bsp/\libhal_bsp.a(alt_dcache_flush.o)
 .debug_pubnames
                0x00000a67       0x63 ../cnc_bsp/\libhal_bsp.a(alt_dev.o)
 .debug_pubnames
                0x00000aca       0x2b ../cnc_bsp/\libhal_bsp.a(alt_dev_llist_insert.o)
 .debug_pubnames
                0x00000af5       0x20 ../cnc_bsp/\libhal_bsp.a(alt_do_ctors.o)
 .debug_pubnames
                0x00000b15       0x20 ../cnc_bsp/\libhal_bsp.a(alt_do_dtors.o)
 .debug_pubnames
                0x00000b35       0x20 ../cnc_bsp/\libhal_bsp.a(alt_errno.o)
 .debug_pubnames
                0x00000b55       0x58 ../cnc_bsp/\libhal_bsp.a(alt_flash_dev.o)
 .debug_pubnames
                0x00000bad       0x6e ../cnc_bsp/\libhal_bsp.a(alt_iic.o)
 .debug_pubnames
                0x00000c1b       0x2b ../cnc_bsp/\libhal_bsp.a(alt_iic_isr_register.o)
 .debug_pubnames
                0x00000c46       0x26 ../cnc_bsp/\libhal_bsp.a(alt_io_redirect.o)
 .debug_pubnames
                0x00000c6c       0x32 ../cnc_bsp/\libhal_bsp.a(alt_irq_handler.o)
 .debug_pubnames
                0x00000c9e       0x1b ../cnc_bsp/\libhal_bsp.a(alt_open.o)
 .debug_pubnames
                0x00000cb9       0x25 ../cnc_bsp/\libhal_bsp.a(alt_release_fd.o)
 .debug_pubnames
                0x00000cde       0x68 ../cnc_bsp/\libhal_bsp.a(alt_tick.o)
 .debug_pubnames
                0x00000d46       0x31 ../cnc_bsp/\libhal_bsp.a(altera_nios2_qsys_irq.o)
 .debug_pubnames
                0x00000d77       0x3e ../cnc_bsp/\libhal_bsp.a(altera_avalon_cfi_flash_amd.o)
 .debug_pubnames
                0x00000db5       0x42 ../cnc_bsp/\libhal_bsp.a(altera_avalon_cfi_flash_intel.o)
 .debug_pubnames
                0x00000df7       0x2d ../cnc_bsp/\libhal_bsp.a(altera_avalon_spi.o)
 .debug_pubnames
                0x00000e24       0x23 ../cnc_bsp/\libhal_bsp.a(alt_find_dev.o)
 .debug_pubnames
                0x00000e47       0x24 ../cnc_bsp/\libhal_bsp.a(alt_find_file.o)
 .debug_pubnames
                0x00000e6b       0x21 ../cnc_bsp/\libhal_bsp.a(alt_get_fd.o)
 .debug_pubnames
                0x00000e8c       0x2a c:/altera/13.0sp1/nios2eds/bin/gnu/h-i686-mingw32/bin/../lib/gcc/nios2-elf/4.1.2/../../../../nios2-elf/lib/mno-hw-mul\libc.a(lib_a-atexit.o)
 .debug_pubnames
                0x00000eb6       0x2e c:/altera/13.0sp1/nios2eds/bin/gnu/h-i686-mingw32/bin/../lib/gcc/nios2-elf/4.1.2/../../../../nios2-elf/lib/mno-hw-mul\libc.a(lib_a-ctype_.o)
 .debug_pubnames
                0x00000ee4       0x1b c:/altera/13.0sp1/nios2eds/bin/gnu/h-i686-mingw32/bin/../lib/gcc/nios2-elf/4.1.2/../../../../nios2-elf/lib/mno-hw-mul\libc.a(lib_a-exit.o)
 .debug_pubnames
                0x00000eff       0x39 c:/altera/13.0sp1/nios2eds/bin/gnu/h-i686-mingw32/bin/../lib/gcc/nios2-elf/4.1.2/../../../../nios2-elf/lib/mno-hw-mul\libc.a(lib_a-impure.o)
 .debug_pubnames
                0x00000f38       0x1c c:/altera/13.0sp1/nios2eds/bin/gnu/h-i686-mingw32/bin/../lib/gcc/nios2-elf/4.1.2/../../../../nios2-elf/lib/mno-hw-mul\libc.a(lib_a-int_errno.o)
 .debug_pubnames
                0x00000f54       0x1d c:/altera/13.0sp1/nios2eds/bin/gnu/h-i686-mingw32/bin/../lib/gcc/nios2-elf/4.1.2/../../../../nios2-elf/lib/mno-hw-mul\libc.a(lib_a-memcmp.o)
 .debug_pubnames
                0x00000f71       0x1d c:/altera/13.0sp1/nios2eds/bin/gnu/h-i686-mingw32/bin/../lib/gcc/nios2-elf/4.1.2/../../../../nios2-elf/lib/mno-hw-mul\libc.a(lib_a-memcpy.o)
 .debug_pubnames
                0x00000f8e       0x1d c:/altera/13.0sp1/nios2eds/bin/gnu/h-i686-mingw32/bin/../lib/gcc/nios2-elf/4.1.2/../../../../nios2-elf/lib/mno-hw-mul\libc.a(lib_a-memset.o)
 .debug_pubnames
                0x00000fab       0x2a c:/altera/13.0sp1/nios2eds/bin/gnu/h-i686-mingw32/bin/../lib/gcc/nios2-elf/4.1.2/../../../../nios2-elf/lib/mno-hw-mul\libc.a(lib_a-__atexit.o)
 .debug_pubnames
                0x00000fd5       0x27 c:/altera/13.0sp1/nios2eds/bin/gnu/h-i686-mingw32/bin/../lib/gcc/nios2-elf/4.1.2/../../../../nios2-elf/lib/mno-hw-mul\libc.a(lib_a-__call_atexit.o)
 .debug_pubnames
                0x00000ffc       0x1c ../cnc_bsp/\libhal_bsp.a(alt_exit.o)

.debug_info     0x00000000     0xd2e8
 *(.debug_info .gnu.linkonce.wi.*)
 .debug_info    0x00000000       0x5e ../cnc_bsp//obj/HAL/src/crt0.o
 .debug_info    0x0000005e      0x21c c:/altera/13.0sp1/nios2eds/bin/gnu/h-i686-mingw32/bin/../lib/gcc/nios2-elf/4.1.2/mno-hw-mul\libgcc.a(lib2-divmod.o)
 .debug_info    0x0000027a       0xf3 c:/altera/13.0sp1/nios2eds/bin/gnu/h-i686-mingw32/bin/../lib/gcc/nios2-elf/4.1.2/mno-hw-mul\libgcc.a(lib2-mul.o)
 .debug_info    0x0000036d       0xdb c:/altera/13.0sp1/nios2eds/bin/gnu/h-i686-mingw32/bin/../lib/gcc/nios2-elf/4.1.2/../../../../nios2-elf/lib/mno-hw-mul\libc.a(lib_a-strlen.o)
 .debug_info    0x00000448      0x315 ../cnc_bsp/\libhal_bsp.a(alt_irq_register.o)
 .debug_info    0x0000075d       0x92 ../cnc_bsp/\libhal_bsp.a(alt_irq_vars.o)
 .debug_info    0x000007ef      0x137 ../cnc_bsp/\libhal_bsp.a(alt_main.o)
 .debug_info    0x00000926       0xab ../cnc_bsp/\libhal_bsp.a(alt_usleep.o)
 .debug_info    0x000009d1      0xbe1 ../cnc_bsp/\libhal_bsp.a(alt_sys_init.o)
 .debug_info    0x000015b2      0x817 ../cnc_bsp/\libhal_bsp.a(altera_avalon_cfi_flash.o)
 .debug_info    0x00001dc9      0x9ae ../cnc_bsp/\libhal_bsp.a(altera_avalon_cfi_flash_table.o)
 .debug_info    0x00002777      0x931 ../cnc_bsp/\libhal_bsp.a(altera_avalon_epcs_flash_controller.o)
 .debug_info    0x000030a8      0x57c ../cnc_bsp/\libhal_bsp.a(altera_avalon_jtag_uart_fd.o)
 .debug_info    0x00003624      0x3ad ../cnc_bsp/\libhal_bsp.a(altera_avalon_jtag_uart_init.o)
 .debug_info    0x000039d1      0x2a1 ../cnc_bsp/\libhal_bsp.a(altera_avalon_jtag_uart_ioctl.o)
 .debug_info    0x00003c72      0x373 ../cnc_bsp/\libhal_bsp.a(altera_avalon_jtag_uart_read.o)
 .debug_info    0x00003fe5      0x35e ../cnc_bsp/\libhal_bsp.a(altera_avalon_jtag_uart_write.o)
 .debug_info    0x00004343      0x6b9 ../cnc_bsp/\libhal_bsp.a(altera_avalon_lcd_16207.o)
 .debug_info    0x000049fc      0x51b ../cnc_bsp/\libhal_bsp.a(altera_avalon_lcd_16207_fd.o)
 .debug_info    0x00004f17      0x221 ../cnc_bsp/\libhal_bsp.a(altera_avalon_timer_sc.o)
 .debug_info    0x00005138      0x46f ../cnc_bsp/\libhal_bsp.a(altera_avalon_uart_fd.o)
 .debug_info    0x000055a7      0x339 ../cnc_bsp/\libhal_bsp.a(altera_avalon_uart_init.o)
 .debug_info    0x000058e0      0x326 ../cnc_bsp/\libhal_bsp.a(altera_avalon_uart_read.o)
 .debug_info    0x00005c06      0x334 ../cnc_bsp/\libhal_bsp.a(altera_avalon_uart_write.o)
 .debug_info    0x00005f3a      0x50f ../cnc_bsp/\libhal_bsp.a(epcs_commands.o)
 .debug_info    0x00006449      0x2c6 ../cnc_bsp/\libhal_bsp.a(alt_alarm_start.o)
 .debug_info    0x0000670f       0xd0 ../cnc_bsp/\libhal_bsp.a(alt_busy_sleep.o)
 .debug_info    0x000067df      0x35c ../cnc_bsp/\libhal_bsp.a(alt_close.o)
 .debug_info    0x00006b3b       0xb5 ../cnc_bsp/\libhal_bsp.a(alt_dcache_flush.o)
 .debug_info    0x00006bf0      0x4dd ../cnc_bsp/\libhal_bsp.a(alt_dev.o)
 .debug_info    0x000070cd      0x1b7 ../cnc_bsp/\libhal_bsp.a(alt_dev_llist_insert.o)
 .debug_info    0x00007284       0x8d ../cnc_bsp/\libhal_bsp.a(alt_do_ctors.o)
 .debug_info    0x00007311       0x8d ../cnc_bsp/\libhal_bsp.a(alt_do_dtors.o)
 .debug_info    0x0000739e       0xab ../cnc_bsp/\libhal_bsp.a(alt_errno.o)
 .debug_info    0x00007449      0x3cd ../cnc_bsp/\libhal_bsp.a(alt_flash_dev.o)
 .debug_info    0x00007816      0x341 ../cnc_bsp/\libhal_bsp.a(alt_iic.o)
 .debug_info    0x00007b57      0x1ee ../cnc_bsp/\libhal_bsp.a(alt_iic_isr_register.o)
 .debug_info    0x00007d45      0x4f6 ../cnc_bsp/\libhal_bsp.a(alt_io_redirect.o)
 .debug_info    0x0000823b       0x63 ../cnc_bsp/\libhal_bsp.a(alt_irq_entry.o)
 .debug_info    0x0000829e      0x168 ../cnc_bsp/\libhal_bsp.a(alt_irq_handler.o)
 .debug_info    0x00008406      0x410 ../cnc_bsp/\libhal_bsp.a(alt_open.o)
 .debug_info    0x00008816      0x2dd ../cnc_bsp/\libhal_bsp.a(alt_release_fd.o)
 .debug_info    0x00008af3      0x2a1 ../cnc_bsp/\libhal_bsp.a(alt_tick.o)
 .debug_info    0x00008d94       0x8d ../cnc_bsp/\libhal_bsp.a(altera_nios2_qsys_irq.o)
 .debug_info    0x00008e21      0x679 ../cnc_bsp/\libhal_bsp.a(altera_avalon_cfi_flash_amd.o)
 .debug_info    0x0000949a      0x666 ../cnc_bsp/\libhal_bsp.a(altera_avalon_cfi_flash_intel.o)
 .debug_info    0x00009b00      0x17d ../cnc_bsp/\libhal_bsp.a(altera_avalon_spi.o)
 .debug_info    0x00009c7d       0x69 ../cnc_bsp/\libhal_bsp.a(alt_exception_entry.o)
 .debug_info    0x00009ce6      0x30c ../cnc_bsp/\libhal_bsp.a(alt_find_dev.o)
 .debug_info    0x00009ff2      0x30e ../cnc_bsp/\libhal_bsp.a(alt_find_file.o)
 .debug_info    0x0000a300      0x331 ../cnc_bsp/\libhal_bsp.a(alt_get_fd.o)
 .debug_info    0x0000a631      0x181 c:/altera/13.0sp1/nios2eds/bin/gnu/h-i686-mingw32/bin/../lib/gcc/nios2-elf/4.1.2/../../../../nios2-elf/lib/mno-hw-mul\libc.a(lib_a-atexit.o)
 .debug_info    0x0000a7b2       0xa0 c:/altera/13.0sp1/nios2eds/bin/gnu/h-i686-mingw32/bin/../lib/gcc/nios2-elf/4.1.2/../../../../nios2-elf/lib/mno-hw-mul\libc.a(lib_a-ctype_.o)
 .debug_info    0x0000a852      0x93f c:/altera/13.0sp1/nios2eds/bin/gnu/h-i686-mingw32/bin/../lib/gcc/nios2-elf/4.1.2/../../../../nios2-elf/lib/mno-hw-mul\libc.a(lib_a-exit.o)
 .debug_info    0x0000b191      0x93d c:/altera/13.0sp1/nios2eds/bin/gnu/h-i686-mingw32/bin/../lib/gcc/nios2-elf/4.1.2/../../../../nios2-elf/lib/mno-hw-mul\libc.a(lib_a-impure.o)
 .debug_info    0x0000bace       0x8c c:/altera/13.0sp1/nios2eds/bin/gnu/h-i686-mingw32/bin/../lib/gcc/nios2-elf/4.1.2/../../../../nios2-elf/lib/mno-hw-mul\libc.a(lib_a-int_errno.o)
 .debug_info    0x0000bb5a      0x115 c:/altera/13.0sp1/nios2eds/bin/gnu/h-i686-mingw32/bin/../lib/gcc/nios2-elf/4.1.2/../../../../nios2-elf/lib/mno-hw-mul\libc.a(lib_a-memcmp.o)
 .debug_info    0x0000bc6f      0x106 c:/altera/13.0sp1/nios2eds/bin/gnu/h-i686-mingw32/bin/../lib/gcc/nios2-elf/4.1.2/../../../../nios2-elf/lib/mno-hw-mul\libc.a(lib_a-memcpy.o)
 .debug_info    0x0000bd75      0x113 c:/altera/13.0sp1/nios2eds/bin/gnu/h-i686-mingw32/bin/../lib/gcc/nios2-elf/4.1.2/../../../../nios2-elf/lib/mno-hw-mul\libc.a(lib_a-memset.o)
 .debug_info    0x0000be88      0x99c c:/altera/13.0sp1/nios2eds/bin/gnu/h-i686-mingw32/bin/../lib/gcc/nios2-elf/4.1.2/../../../../nios2-elf/lib/mno-hw-mul\libc.a(lib_a-__atexit.o)
 .debug_info    0x0000c824      0x9e2 c:/altera/13.0sp1/nios2eds/bin/gnu/h-i686-mingw32/bin/../lib/gcc/nios2-elf/4.1.2/../../../../nios2-elf/lib/mno-hw-mul\libc.a(lib_a-__call_atexit.o)
 .debug_info    0x0000d206       0xe2 ../cnc_bsp/\libhal_bsp.a(alt_exit.o)

.debug_abbrev   0x00000000     0x4129
 *(.debug_abbrev)
 .debug_abbrev  0x00000000       0x14 ../cnc_bsp//obj/HAL/src/crt0.o
 .debug_abbrev  0x00000014       0xe0 c:/altera/13.0sp1/nios2eds/bin/gnu/h-i686-mingw32/bin/../lib/gcc/nios2-elf/4.1.2/mno-hw-mul\libgcc.a(lib2-divmod.o)
 .debug_abbrev  0x000000f4       0x7b c:/altera/13.0sp1/nios2eds/bin/gnu/h-i686-mingw32/bin/../lib/gcc/nios2-elf/4.1.2/mno-hw-mul\libgcc.a(lib2-mul.o)
 .debug_abbrev  0x0000016f       0x8b c:/altera/13.0sp1/nios2eds/bin/gnu/h-i686-mingw32/bin/../lib/gcc/nios2-elf/4.1.2/../../../../nios2-elf/lib/mno-hw-mul\libc.a(lib_a-strlen.o)
 .debug_abbrev  0x000001fa      0x19f ../cnc_bsp/\libhal_bsp.a(alt_irq_register.o)
 .debug_abbrev  0x00000399       0x44 ../cnc_bsp/\libhal_bsp.a(alt_irq_vars.o)
 .debug_abbrev  0x000003dd       0xb7 ../cnc_bsp/\libhal_bsp.a(alt_main.o)
 .debug_abbrev  0x00000494       0x5d ../cnc_bsp/\libhal_bsp.a(alt_usleep.o)
 .debug_abbrev  0x000004f1      0x198 ../cnc_bsp/\libhal_bsp.a(alt_sys_init.o)
 .debug_abbrev  0x00000689      0x204 ../cnc_bsp/\libhal_bsp.a(altera_avalon_cfi_flash.o)
 .debug_abbrev  0x0000088d      0x1a3 ../cnc_bsp/\libhal_bsp.a(altera_avalon_cfi_flash_table.o)
 .debug_abbrev  0x00000a30      0x260 ../cnc_bsp/\libhal_bsp.a(altera_avalon_epcs_flash_controller.o)
 .debug_abbrev  0x00000c90      0x113 ../cnc_bsp/\libhal_bsp.a(altera_avalon_jtag_uart_fd.o)
 .debug_abbrev  0x00000da3      0x1a5 ../cnc_bsp/\libhal_bsp.a(altera_avalon_jtag_uart_init.o)
 .debug_abbrev  0x00000f48      0x10a ../cnc_bsp/\libhal_bsp.a(altera_avalon_jtag_uart_ioctl.o)
 .debug_abbrev  0x00001052      0x194 ../cnc_bsp/\libhal_bsp.a(altera_avalon_jtag_uart_read.o)
 .debug_abbrev  0x000011e6      0x18c ../cnc_bsp/\libhal_bsp.a(altera_avalon_jtag_uart_write.o)
 .debug_abbrev  0x00001372      0x292 ../cnc_bsp/\libhal_bsp.a(altera_avalon_lcd_16207.o)
 .debug_abbrev  0x00001604      0x120 ../cnc_bsp/\libhal_bsp.a(altera_avalon_lcd_16207_fd.o)
 .debug_abbrev  0x00001724      0x158 ../cnc_bsp/\libhal_bsp.a(altera_avalon_timer_sc.o)
 .debug_abbrev  0x0000187c      0x104 ../cnc_bsp/\libhal_bsp.a(altera_avalon_uart_fd.o)
 .debug_abbrev  0x00001980      0x1b8 ../cnc_bsp/\libhal_bsp.a(altera_avalon_uart_init.o)
 .debug_abbrev  0x00001b38      0x178 ../cnc_bsp/\libhal_bsp.a(altera_avalon_uart_read.o)
 .debug_abbrev  0x00001cb0      0x169 ../cnc_bsp/\libhal_bsp.a(altera_avalon_uart_write.o)
 .debug_abbrev  0x00001e19      0x17d ../cnc_bsp/\libhal_bsp.a(epcs_commands.o)
 .debug_abbrev  0x00001f96      0x179 ../cnc_bsp/\libhal_bsp.a(alt_alarm_start.o)
 .debug_abbrev  0x0000210f       0x79 ../cnc_bsp/\libhal_bsp.a(alt_busy_sleep.o)
 .debug_abbrev  0x00002188      0x122 ../cnc_bsp/\libhal_bsp.a(alt_close.o)
 .debug_abbrev  0x000022aa       0x71 ../cnc_bsp/\libhal_bsp.a(alt_dcache_flush.o)
 .debug_abbrev  0x0000231b       0xd6 ../cnc_bsp/\libhal_bsp.a(alt_dev.o)
 .debug_abbrev  0x000023f1      0x117 ../cnc_bsp/\libhal_bsp.a(alt_dev_llist_insert.o)
 .debug_abbrev  0x00002508       0x76 ../cnc_bsp/\libhal_bsp.a(alt_do_ctors.o)
 .debug_abbrev  0x0000257e       0x76 ../cnc_bsp/\libhal_bsp.a(alt_do_dtors.o)
 .debug_abbrev  0x000025f4       0x5e ../cnc_bsp/\libhal_bsp.a(alt_errno.o)
 .debug_abbrev  0x00002652      0x114 ../cnc_bsp/\libhal_bsp.a(alt_flash_dev.o)
 .debug_abbrev  0x00002766      0x160 ../cnc_bsp/\libhal_bsp.a(alt_iic.o)
 .debug_abbrev  0x000028c6      0x17c ../cnc_bsp/\libhal_bsp.a(alt_iic_isr_register.o)
 .debug_abbrev  0x00002a42      0x10e ../cnc_bsp/\libhal_bsp.a(alt_io_redirect.o)
 .debug_abbrev  0x00002b50       0x12 ../cnc_bsp/\libhal_bsp.a(alt_irq_entry.o)
 .debug_abbrev  0x00002b62      0x115 ../cnc_bsp/\libhal_bsp.a(alt_irq_handler.o)
 .debug_abbrev  0x00002c77      0x179 ../cnc_bsp/\libhal_bsp.a(alt_open.o)
 .debug_abbrev  0x00002df0       0xdb ../cnc_bsp/\libhal_bsp.a(alt_release_fd.o)
 .debug_abbrev  0x00002ecb      0x15f ../cnc_bsp/\libhal_bsp.a(alt_tick.o)
 .debug_abbrev  0x0000302a       0x3f ../cnc_bsp/\libhal_bsp.a(altera_nios2_qsys_irq.o)
 .debug_abbrev  0x00003069      0x1b4 ../cnc_bsp/\libhal_bsp.a(altera_avalon_cfi_flash_amd.o)
 .debug_abbrev  0x0000321d      0x12f ../cnc_bsp/\libhal_bsp.a(altera_avalon_cfi_flash_intel.o)
 .debug_abbrev  0x0000334c       0xb0 ../cnc_bsp/\libhal_bsp.a(altera_avalon_spi.o)
 .debug_abbrev  0x000033fc       0x12 ../cnc_bsp/\libhal_bsp.a(alt_exception_entry.o)
 .debug_abbrev  0x0000340e       0xeb ../cnc_bsp/\libhal_bsp.a(alt_find_dev.o)
 .debug_abbrev  0x000034f9       0xed ../cnc_bsp/\libhal_bsp.a(alt_find_file.o)
 .debug_abbrev  0x000035e6      0x117 ../cnc_bsp/\libhal_bsp.a(alt_get_fd.o)
 .debug_abbrev  0x000036fd       0xb7 c:/altera/13.0sp1/nios2eds/bin/gnu/h-i686-mingw32/bin/../lib/gcc/nios2-elf/4.1.2/../../../../nios2-elf/lib/mno-hw-mul\libc.a(lib_a-atexit.o)
 .debug_abbrev  0x000037b4       0x61 c:/altera/13.0sp1/nios2eds/bin/gnu/h-i686-mingw32/bin/../lib/gcc/nios2-elf/4.1.2/../../../../nios2-elf/lib/mno-hw-mul\libc.a(lib_a-ctype_.o)
 .debug_abbrev  0x00003815      0x16e c:/altera/13.0sp1/nios2eds/bin/gnu/h-i686-mingw32/bin/../lib/gcc/nios2-elf/4.1.2/../../../../nios2-elf/lib/mno-hw-mul\libc.a(lib_a-exit.o)
 .debug_abbrev  0x00003983      0x157 c:/altera/13.0sp1/nios2eds/bin/gnu/h-i686-mingw32/bin/../lib/gcc/nios2-elf/4.1.2/../../../../nios2-elf/lib/mno-hw-mul\libc.a(lib_a-impure.o)
 .debug_abbrev  0x00003ada       0x3b c:/altera/13.0sp1/nios2eds/bin/gnu/h-i686-mingw32/bin/../lib/gcc/nios2-elf/4.1.2/../../../../nios2-elf/lib/mno-hw-mul\libc.a(lib_a-int_errno.o)
 .debug_abbrev  0x00003b15       0x7c c:/altera/13.0sp1/nios2eds/bin/gnu/h-i686-mingw32/bin/../lib/gcc/nios2-elf/4.1.2/../../../../nios2-elf/lib/mno-hw-mul\libc.a(lib_a-memcmp.o)
 .debug_abbrev  0x00003b91       0xb5 c:/altera/13.0sp1/nios2eds/bin/gnu/h-i686-mingw32/bin/../lib/gcc/nios2-elf/4.1.2/../../../../nios2-elf/lib/mno-hw-mul\libc.a(lib_a-memcpy.o)
 .debug_abbrev  0x00003c46       0xb8 c:/altera/13.0sp1/nios2eds/bin/gnu/h-i686-mingw32/bin/../lib/gcc/nios2-elf/4.1.2/../../../../nios2-elf/lib/mno-hw-mul\libc.a(lib_a-memset.o)
 .debug_abbrev  0x00003cfe      0x1ae c:/altera/13.0sp1/nios2eds/bin/gnu/h-i686-mingw32/bin/../lib/gcc/nios2-elf/4.1.2/../../../../nios2-elf/lib/mno-hw-mul\libc.a(lib_a-__atexit.o)
 .debug_abbrev  0x00003eac      0x1de c:/altera/13.0sp1/nios2eds/bin/gnu/h-i686-mingw32/bin/../lib/gcc/nios2-elf/4.1.2/../../../../nios2-elf/lib/mno-hw-mul\libc.a(lib_a-__call_atexit.o)
 .debug_abbrev  0x0000408a       0x9f ../cnc_bsp/\libhal_bsp.a(alt_exit.o)

.debug_line     0x00000000     0xb501
 *(.debug_line)
 .debug_line    0x00000000       0x51 ../cnc_bsp//obj/HAL/src/crt0.o
 .debug_line    0x00000051      0x24f c:/altera/13.0sp1/nios2eds/bin/gnu/h-i686-mingw32/bin/../lib/gcc/nios2-elf/4.1.2/mno-hw-mul\libgcc.a(lib2-divmod.o)
 .debug_line    0x000002a0      0x11a c:/altera/13.0sp1/nios2eds/bin/gnu/h-i686-mingw32/bin/../lib/gcc/nios2-elf/4.1.2/mno-hw-mul\libgcc.a(lib2-mul.o)
 .debug_line    0x000003ba      0x270 c:/altera/13.0sp1/nios2eds/bin/gnu/h-i686-mingw32/bin/../lib/gcc/nios2-elf/4.1.2/../../../../nios2-elf/lib/mno-hw-mul\libc.a(lib_a-strlen.o)
 .debug_line    0x0000062a      0x2ac ../cnc_bsp/\libhal_bsp.a(alt_irq_register.o)
 .debug_line    0x000008d6       0x72 ../cnc_bsp/\libhal_bsp.a(alt_irq_vars.o)
 .debug_line    0x00000948      0x2da ../cnc_bsp/\libhal_bsp.a(alt_main.o)
 .debug_line    0x00000c22      0x202 ../cnc_bsp/\libhal_bsp.a(alt_usleep.o)
 .debug_line    0x00000e24      0x41e ../cnc_bsp/\libhal_bsp.a(alt_sys_init.o)
 .debug_line    0x00001242      0x63d ../cnc_bsp/\libhal_bsp.a(altera_avalon_cfi_flash.o)
 .debug_line    0x0000187f      0xadc ../cnc_bsp/\libhal_bsp.a(altera_avalon_cfi_flash_table.o)
 .debug_line    0x0000235b      0x83d ../cnc_bsp/\libhal_bsp.a(altera_avalon_epcs_flash_controller.o)
 .debug_line    0x00002b98      0x21d ../cnc_bsp/\libhal_bsp.a(altera_avalon_jtag_uart_fd.o)
 .debug_line    0x00002db5      0x4fb ../cnc_bsp/\libhal_bsp.a(altera_avalon_jtag_uart_init.o)
 .debug_line    0x000032b0      0x30d ../cnc_bsp/\libhal_bsp.a(altera_avalon_jtag_uart_ioctl.o)
 .debug_line    0x000035bd      0x437 ../cnc_bsp/\libhal_bsp.a(altera_avalon_jtag_uart_read.o)
 .debug_line    0x000039f4      0x445 ../cnc_bsp/\libhal_bsp.a(altera_avalon_jtag_uart_write.o)
 .debug_line    0x00003e39      0xa13 ../cnc_bsp/\libhal_bsp.a(altera_avalon_lcd_16207.o)
 .debug_line    0x0000484c      0x1b7 ../cnc_bsp/\libhal_bsp.a(altera_avalon_lcd_16207_fd.o)
 .debug_line    0x00004a03      0x2b9 ../cnc_bsp/\libhal_bsp.a(altera_avalon_timer_sc.o)
 .debug_line    0x00004cbc      0x1d6 ../cnc_bsp/\libhal_bsp.a(altera_avalon_uart_fd.o)
 .debug_line    0x00004e92      0x482 ../cnc_bsp/\libhal_bsp.a(altera_avalon_uart_init.o)
 .debug_line    0x00005314      0x44b ../cnc_bsp/\libhal_bsp.a(altera_avalon_uart_read.o)
 .debug_line    0x0000575f      0x433 ../cnc_bsp/\libhal_bsp.a(altera_avalon_uart_write.o)
 .debug_line    0x00005b92      0x587 ../cnc_bsp/\libhal_bsp.a(epcs_commands.o)
 .debug_line    0x00006119      0x2be ../cnc_bsp/\libhal_bsp.a(alt_alarm_start.o)
 .debug_line    0x000063d7      0x266 ../cnc_bsp/\libhal_bsp.a(alt_busy_sleep.o)
 .debug_line    0x0000663d      0x2ab ../cnc_bsp/\libhal_bsp.a(alt_close.o)
 .debug_line    0x000068e8      0x1b1 ../cnc_bsp/\libhal_bsp.a(alt_dcache_flush.o)
 .debug_line    0x00006a99      0x24c ../cnc_bsp/\libhal_bsp.a(alt_dev.o)
 .debug_line    0x00006ce5      0x264 ../cnc_bsp/\libhal_bsp.a(alt_dev_llist_insert.o)
 .debug_line    0x00006f49       0xa3 ../cnc_bsp/\libhal_bsp.a(alt_do_ctors.o)
 .debug_line    0x00006fec       0xa3 ../cnc_bsp/\libhal_bsp.a(alt_do_dtors.o)
 .debug_line    0x0000708f      0x1aa ../cnc_bsp/\libhal_bsp.a(alt_errno.o)
 .debug_line    0x00007239      0x292 ../cnc_bsp/\libhal_bsp.a(alt_flash_dev.o)
 .debug_line    0x000074cb      0x27f ../cnc_bsp/\libhal_bsp.a(alt_iic.o)
 .debug_line    0x0000774a      0x253 ../cnc_bsp/\libhal_bsp.a(alt_iic_isr_register.o)
 .debug_line    0x0000799d      0x324 ../cnc_bsp/\libhal_bsp.a(alt_io_redirect.o)
 .debug_line    0x00007cc1       0x6b ../cnc_bsp/\libhal_bsp.a(alt_irq_entry.o)
 .debug_line    0x00007d2c      0x265 ../cnc_bsp/\libhal_bsp.a(alt_irq_handler.o)
 .debug_line    0x00007f91      0x31e ../cnc_bsp/\libhal_bsp.a(alt_open.o)
 .debug_line    0x000082af      0x11d ../cnc_bsp/\libhal_bsp.a(alt_release_fd.o)
 .debug_line    0x000083cc      0x316 ../cnc_bsp/\libhal_bsp.a(alt_tick.o)
 .debug_line    0x000086e2      0x1ce ../cnc_bsp/\libhal_bsp.a(altera_nios2_qsys_irq.o)
 .debug_line    0x000088b0      0x486 ../cnc_bsp/\libhal_bsp.a(altera_avalon_cfi_flash_amd.o)
 .debug_line    0x00008d36      0x4a2 ../cnc_bsp/\libhal_bsp.a(altera_avalon_cfi_flash_intel.o)
 .debug_line    0x000091d8      0x234 ../cnc_bsp/\libhal_bsp.a(altera_avalon_spi.o)
 .debug_line    0x0000940c       0xab ../cnc_bsp/\libhal_bsp.a(alt_exception_entry.o)
 .debug_line    0x000094b7      0x27d ../cnc_bsp/\libhal_bsp.a(alt_find_dev.o)
 .debug_line    0x00009734      0x2ac ../cnc_bsp/\libhal_bsp.a(alt_find_file.o)
 .debug_line    0x000099e0      0x29f ../cnc_bsp/\libhal_bsp.a(alt_get_fd.o)
 .debug_line    0x00009c7f      0x203 c:/altera/13.0sp1/nios2eds/bin/gnu/h-i686-mingw32/bin/../lib/gcc/nios2-elf/4.1.2/../../../../nios2-elf/lib/mno-hw-mul\libc.a(lib_a-atexit.o)
 .debug_line    0x00009e82       0x81 c:/altera/13.0sp1/nios2eds/bin/gnu/h-i686-mingw32/bin/../lib/gcc/nios2-elf/4.1.2/../../../../nios2-elf/lib/mno-hw-mul\libc.a(lib_a-ctype_.o)
 .debug_line    0x00009f03      0x23b c:/altera/13.0sp1/nios2eds/bin/gnu/h-i686-mingw32/bin/../lib/gcc/nios2-elf/4.1.2/../../../../nios2-elf/lib/mno-hw-mul\libc.a(lib_a-exit.o)
 .debug_line    0x0000a13e      0x230 c:/altera/13.0sp1/nios2eds/bin/gnu/h-i686-mingw32/bin/../lib/gcc/nios2-elf/4.1.2/../../../../nios2-elf/lib/mno-hw-mul\libc.a(lib_a-impure.o)
 .debug_line    0x0000a36e      0x1e2 c:/altera/13.0sp1/nios2eds/bin/gnu/h-i686-mingw32/bin/../lib/gcc/nios2-elf/4.1.2/../../../../nios2-elf/lib/mno-hw-mul\libc.a(lib_a-int_errno.o)
 .debug_line    0x0000a550      0x2a2 c:/altera/13.0sp1/nios2eds/bin/gnu/h-i686-mingw32/bin/../lib/gcc/nios2-elf/4.1.2/../../../../nios2-elf/lib/mno-hw-mul\libc.a(lib_a-memcmp.o)
 .debug_line    0x0000a7f2      0x1af c:/altera/13.0sp1/nios2eds/bin/gnu/h-i686-mingw32/bin/../lib/gcc/nios2-elf/4.1.2/../../../../nios2-elf/lib/mno-hw-mul\libc.a(lib_a-memcpy.o)
 .debug_line    0x0000a9a1      0x304 c:/altera/13.0sp1/nios2eds/bin/gnu/h-i686-mingw32/bin/../lib/gcc/nios2-elf/4.1.2/../../../../nios2-elf/lib/mno-hw-mul\libc.a(lib_a-memset.o)
 .debug_line    0x0000aca5      0x316 c:/altera/13.0sp1/nios2eds/bin/gnu/h-i686-mingw32/bin/../lib/gcc/nios2-elf/4.1.2/../../../../nios2-elf/lib/mno-hw-mul\libc.a(lib_a-__atexit.o)
 .debug_line    0x0000afbb      0x36a c:/altera/13.0sp1/nios2eds/bin/gnu/h-i686-mingw32/bin/../lib/gcc/nios2-elf/4.1.2/../../../../nios2-elf/lib/mno-hw-mul\libc.a(lib_a-__call_atexit.o)
 .debug_line    0x0000b325      0x1dc ../cnc_bsp/\libhal_bsp.a(alt_exit.o)

.debug_frame    0x00000000      0xec0
 *(.debug_frame)
 .debug_frame   0x00000000       0x70 c:/altera/13.0sp1/nios2eds/bin/gnu/h-i686-mingw32/bin/../lib/gcc/nios2-elf/4.1.2/mno-hw-mul\libgcc.a(lib2-divmod.o)
 .debug_frame   0x00000070       0x20 c:/altera/13.0sp1/nios2eds/bin/gnu/h-i686-mingw32/bin/../lib/gcc/nios2-elf/4.1.2/mno-hw-mul\libgcc.a(lib2-mul.o)
 .debug_frame   0x00000090       0x20 c:/altera/13.0sp1/nios2eds/bin/gnu/h-i686-mingw32/bin/../lib/gcc/nios2-elf/4.1.2/../../../../nios2-elf/lib/mno-hw-mul\libc.a(lib_a-strlen.o)
 .debug_frame   0x000000b0       0x20 ../cnc_bsp/\libhal_bsp.a(alt_irq_register.o)
 .debug_frame   0x000000d0       0x28 ../cnc_bsp/\libhal_bsp.a(alt_main.o)
 .debug_frame   0x000000f8       0x20 ../cnc_bsp/\libhal_bsp.a(alt_usleep.o)
 .debug_frame   0x00000118       0x44 ../cnc_bsp/\libhal_bsp.a(alt_sys_init.o)
 .debug_frame   0x0000015c       0xb8 ../cnc_bsp/\libhal_bsp.a(altera_avalon_cfi_flash.o)
 .debug_frame   0x00000214      0x168 ../cnc_bsp/\libhal_bsp.a(altera_avalon_cfi_flash_table.o)
 .debug_frame   0x0000037c       0xb8 ../cnc_bsp/\libhal_bsp.a(altera_avalon_epcs_flash_controller.o)
 .debug_frame   0x00000434       0x50 ../cnc_bsp/\libhal_bsp.a(altera_avalon_jtag_uart_fd.o)
 .debug_frame   0x00000484       0x5c ../cnc_bsp/\libhal_bsp.a(altera_avalon_jtag_uart_init.o)
 .debug_frame   0x000004e0       0x20 ../cnc_bsp/\libhal_bsp.a(altera_avalon_jtag_uart_ioctl.o)
 .debug_frame   0x00000500       0x38 ../cnc_bsp/\libhal_bsp.a(altera_avalon_jtag_uart_read.o)
 .debug_frame   0x00000538       0x34 ../cnc_bsp/\libhal_bsp.a(altera_avalon_jtag_uart_write.o)
 .debug_frame   0x0000056c       0xf4 ../cnc_bsp/\libhal_bsp.a(altera_avalon_lcd_16207.o)
 .debug_frame   0x00000660       0x20 ../cnc_bsp/\libhal_bsp.a(altera_avalon_lcd_16207_fd.o)
 .debug_frame   0x00000680       0x40 ../cnc_bsp/\libhal_bsp.a(altera_avalon_timer_sc.o)
 .debug_frame   0x000006c0       0x40 ../cnc_bsp/\libhal_bsp.a(altera_avalon_uart_fd.o)
 .debug_frame   0x00000700       0x48 ../cnc_bsp/\libhal_bsp.a(altera_avalon_uart_init.o)
 .debug_frame   0x00000748       0x28 ../cnc_bsp/\libhal_bsp.a(altera_avalon_uart_read.o)
 .debug_frame   0x00000770       0x2c ../cnc_bsp/\libhal_bsp.a(altera_avalon_uart_write.o)
 .debug_frame   0x0000079c      0x120 ../cnc_bsp/\libhal_bsp.a(epcs_commands.o)
 .debug_frame   0x000008bc       0x20 ../cnc_bsp/\libhal_bsp.a(alt_alarm_start.o)
 .debug_frame   0x000008dc       0x28 ../cnc_bsp/\libhal_bsp.a(alt_busy_sleep.o)
 .debug_frame   0x00000904       0x2c ../cnc_bsp/\libhal_bsp.a(alt_close.o)
 .debug_frame   0x00000930       0x20 ../cnc_bsp/\libhal_bsp.a(alt_dcache_flush.o)
 .debug_frame   0x00000950       0x20 ../cnc_bsp/\libhal_bsp.a(alt_dev.o)
 .debug_frame   0x00000970       0x28 ../cnc_bsp/\libhal_bsp.a(alt_dev_llist_insert.o)
 .debug_frame   0x00000998       0x2c ../cnc_bsp/\libhal_bsp.a(alt_do_ctors.o)
 .debug_frame   0x000009c4       0x2c ../cnc_bsp/\libhal_bsp.a(alt_do_dtors.o)
 .debug_frame   0x000009f0       0x38 ../cnc_bsp/\libhal_bsp.a(alt_flash_dev.o)
 .debug_frame   0x00000a28       0x50 ../cnc_bsp/\libhal_bsp.a(alt_iic.o)
 .debug_frame   0x00000a78       0x28 ../cnc_bsp/\libhal_bsp.a(alt_iic_isr_register.o)
 .debug_frame   0x00000aa0       0x50 ../cnc_bsp/\libhal_bsp.a(alt_io_redirect.o)
 .debug_frame   0x00000af0       0x28 ../cnc_bsp/\libhal_bsp.a(alt_irq_handler.o)
 .debug_frame   0x00000b18       0x34 ../cnc_bsp/\libhal_bsp.a(alt_open.o)
 .debug_frame   0x00000b4c       0x2c ../cnc_bsp/\libhal_bsp.a(alt_release_fd.o)
 .debug_frame   0x00000b78       0x40 ../cnc_bsp/\libhal_bsp.a(alt_tick.o)
 .debug_frame   0x00000bb8       0x20 ../cnc_bsp/\libhal_bsp.a(altera_nios2_qsys_irq.o)
 .debug_frame   0x00000bd8       0x60 ../cnc_bsp/\libhal_bsp.a(altera_avalon_cfi_flash_amd.o)
 .debug_frame   0x00000c38       0x94 ../cnc_bsp/\libhal_bsp.a(altera_avalon_cfi_flash_intel.o)
 .debug_frame   0x00000ccc       0x28 ../cnc_bsp/\libhal_bsp.a(altera_avalon_spi.o)
 .debug_frame   0x00000cf4       0x30 ../cnc_bsp/\libhal_bsp.a(alt_find_dev.o)
 .debug_frame   0x00000d24       0x34 ../cnc_bsp/\libhal_bsp.a(alt_find_file.o)
 .debug_frame   0x00000d58       0x20 ../cnc_bsp/\libhal_bsp.a(alt_get_fd.o)
 .debug_frame   0x00000d78       0x20 c:/altera/13.0sp1/nios2eds/bin/gnu/h-i686-mingw32/bin/../lib/gcc/nios2-elf/4.1.2/../../../../nios2-elf/lib/mno-hw-mul\libc.a(lib_a-atexit.o)
 .debug_frame   0x00000d98       0x28 c:/altera/13.0sp1/nios2eds/bin/gnu/h-i686-mingw32/bin/../lib/gcc/nios2-elf/4.1.2/../../../../nios2-elf/lib/mno-hw-mul\libc.a(lib_a-exit.o)
 .debug_frame   0x00000dc0       0x20 c:/altera/13.0sp1/nios2eds/bin/gnu/h-i686-mingw32/bin/../lib/gcc/nios2-elf/4.1.2/../../../../nios2-elf/lib/mno-hw-mul\libc.a(lib_a-memcmp.o)
 .debug_frame   0x00000de0       0x20 c:/altera/13.0sp1/nios2eds/bin/gnu/h-i686-mingw32/bin/../lib/gcc/nios2-elf/4.1.2/../../../../nios2-elf/lib/mno-hw-mul\libc.a(lib_a-memcpy.o)
 .debug_frame   0x00000e00       0x20 c:/altera/13.0sp1/nios2eds/bin/gnu/h-i686-mingw32/bin/../lib/gcc/nios2-elf/4.1.2/../../../../nios2-elf/lib/mno-hw-mul\libc.a(lib_a-memset.o)
 .debug_frame   0x00000e20       0x34 c:/altera/13.0sp1/nios2eds/bin/gnu/h-i686-mingw32/bin/../lib/gcc/nios2-elf/4.1.2/../../../../nios2-elf/lib/mno-hw-mul\libc.a(lib_a-__atexit.o)
 .debug_frame   0x00000e54       0x4c c:/altera/13.0sp1/nios2eds/bin/gnu/h-i686-mingw32/bin/../lib/gcc/nios2-elf/4.1.2/../../../../nios2-elf/lib/mno-hw-mul\libc.a(lib_a-__call_atexit.o)
 .debug_frame   0x00000ea0       0x20 ../cnc_bsp/\libhal_bsp.a(alt_exit.o)

.debug_str      0x00000000     0x2690
 *(.debug_str)
 .debug_str     0x00000000      0x167 c:/altera/13.0sp1/nios2eds/bin/gnu/h-i686-mingw32/bin/../lib/gcc/nios2-elf/4.1.2/mno-hw-mul\libgcc.a(lib2-divmod.o)
                                0x1b4 (size before relaxing)
 .debug_str     0x00000167       0x37 c:/altera/13.0sp1/nios2eds/bin/gnu/h-i686-mingw32/bin/../lib/gcc/nios2-elf/4.1.2/mno-hw-mul\libgcc.a(lib2-mul.o)
                                0x175 (size before relaxing)
 .debug_str     0x0000019e       0xf0 c:/altera/13.0sp1/nios2eds/bin/gnu/h-i686-mingw32/bin/../lib/gcc/nios2-elf/4.1.2/../../../../nios2-elf/lib/mno-hw-mul\libc.a(lib_a-strlen.o)
                                0x18b (size before relaxing)
 .debug_str     0x0000028e      0x100 ../cnc_bsp/\libhal_bsp.a(alt_irq_register.o)
                                0x1a5 (size before relaxing)
 .debug_str     0x0000038e       0x17 ../cnc_bsp/\libhal_bsp.a(alt_irq_vars.o)
                                 0xec (size before relaxing)
 .debug_str     0x000003a5       0x70 ../cnc_bsp/\libhal_bsp.a(alt_main.o)
                                0x13a (size before relaxing)
 .debug_str     0x00000415       0x27 ../cnc_bsp/\libhal_bsp.a(alt_usleep.o)
                                 0xe5 (size before relaxing)
 .debug_str     0x0000043c      0x52c ../cnc_bsp/\libhal_bsp.a(alt_sys_init.o)
                                0x6f9 (size before relaxing)
 .debug_str     0x00000968      0x1a8 ../cnc_bsp/\libhal_bsp.a(altera_avalon_cfi_flash.o)
                                0x4cc (size before relaxing)
 .debug_str     0x00000b10      0x2c5 ../cnc_bsp/\libhal_bsp.a(altera_avalon_cfi_flash_table.o)
                                0x5f2 (size before relaxing)
 .debug_str     0x00000dd5      0x1aa ../cnc_bsp/\libhal_bsp.a(altera_avalon_epcs_flash_controller.o)
                                0x4d6 (size before relaxing)
 .debug_str     0x00000f7f       0xb2 ../cnc_bsp/\libhal_bsp.a(altera_avalon_jtag_uart_fd.o)
                                0x341 (size before relaxing)
 .debug_str     0x00001031       0xd1 ../cnc_bsp/\libhal_bsp.a(altera_avalon_jtag_uart_init.o)
                                0x2d5 (size before relaxing)
 .debug_str     0x00001102       0x4a ../cnc_bsp/\libhal_bsp.a(altera_avalon_jtag_uart_ioctl.o)
                                0x230 (size before relaxing)
 .debug_str     0x0000114c       0x48 ../cnc_bsp/\libhal_bsp.a(altera_avalon_jtag_uart_read.o)
                                0x285 (size before relaxing)
 .debug_str     0x00001194       0x4a ../cnc_bsp/\libhal_bsp.a(altera_avalon_jtag_uart_write.o)
                                0x286 (size before relaxing)
 .debug_str     0x000011de      0x114 ../cnc_bsp/\libhal_bsp.a(altera_avalon_lcd_16207.o)
                                0x347 (size before relaxing)
 .debug_str     0x000012f2       0x4a ../cnc_bsp/\libhal_bsp.a(altera_avalon_lcd_16207_fd.o)
                                0x2e8 (size before relaxing)
 .debug_str     0x0000133c       0x6d ../cnc_bsp/\libhal_bsp.a(altera_avalon_timer_sc.o)
                                0x1e1 (size before relaxing)
 .debug_str     0x000013a9       0x77 ../cnc_bsp/\libhal_bsp.a(altera_avalon_uart_fd.o)
                                0x285 (size before relaxing)
 .debug_str     0x00001420       0xaa ../cnc_bsp/\libhal_bsp.a(altera_avalon_uart_init.o)
                                0x254 (size before relaxing)
 .debug_str     0x000014ca       0x5d ../cnc_bsp/\libhal_bsp.a(altera_avalon_uart_read.o)
                                0x235 (size before relaxing)
 .debug_str     0x00001527       0x49 ../cnc_bsp/\libhal_bsp.a(altera_avalon_uart_write.o)
                                0x229 (size before relaxing)
 .debug_str     0x00001570      0x171 ../cnc_bsp/\libhal_bsp.a(epcs_commands.o)
                                0x26f (size before relaxing)
 .debug_str     0x000016e1       0x59 ../cnc_bsp/\libhal_bsp.a(alt_alarm_start.o)
                                0x21b (size before relaxing)
 .debug_str     0x0000173a       0x42 ../cnc_bsp/\libhal_bsp.a(alt_busy_sleep.o)
                                0x108 (size before relaxing)
 .debug_str     0x0000177c       0x2c ../cnc_bsp/\libhal_bsp.a(alt_close.o)
                                0x1a8 (size before relaxing)
 .debug_str     0x000017a8       0x2c ../cnc_bsp/\libhal_bsp.a(alt_dcache_flush.o)
                                 0xf8 (size before relaxing)
 .debug_str     0x000017d4      0x119 ../cnc_bsp/\libhal_bsp.a(alt_dev.o)
                                0x2a2 (size before relaxing)
 .debug_str     0x000018ed       0x42 ../cnc_bsp/\libhal_bsp.a(alt_dev_llist_insert.o)
                                0x169 (size before relaxing)
 .debug_str     0x0000192f       0x48 ../cnc_bsp/\libhal_bsp.a(alt_do_ctors.o)
                                 0x82 (size before relaxing)
 .debug_str     0x00001977       0x4c ../cnc_bsp/\libhal_bsp.a(alt_do_dtors.o)
                                 0x81 (size before relaxing)
 .debug_str     0x000019c3       0x14 ../cnc_bsp/\libhal_bsp.a(alt_errno.o)
                                 0xe2 (size before relaxing)
 .debug_str     0x000019d7       0x3f ../cnc_bsp/\libhal_bsp.a(alt_flash_dev.o)
                                0x28c (size before relaxing)
 .debug_str     0x00001a16       0x70 ../cnc_bsp/\libhal_bsp.a(alt_iic.o)
                                0x1db (size before relaxing)
 .debug_str     0x00001a86       0x34 ../cnc_bsp/\libhal_bsp.a(alt_iic_isr_register.o)
                                0x185 (size before relaxing)
 .debug_str     0x00001aba       0x56 ../cnc_bsp/\libhal_bsp.a(alt_io_redirect.o)
                                0x2b3 (size before relaxing)