Archive member included because of file (symbol)

c:/altera/13.0sp1/nios2eds/bin/gnu/h-i686-mingw32/bin/../lib/gcc/nios2-elf/4.1.2/mno-hw-mul\libgcc.a(lib2-mul.o)
                              obj/default/Test.o (__mulsi3)
c:/altera/13.0sp1/nios2eds/bin/gnu/h-i686-mingw32/bin/../lib/gcc/nios2-elf/4.1.2/../../../../nios2-elf/lib/mno-hw-mul\libc.a(lib_a-puts.o)
                              obj/default/hello_led.o (puts)
c:/altera/13.0sp1/nios2eds/bin/gnu/h-i686-mingw32/bin/../lib/gcc/nios2-elf/4.1.2/../../../../nios2-elf/lib/mno-hw-mul\libc.a(lib_a-strlen.o)
                              obj/default/LCD.o (strlen)
c:/altera/13.0sp1/nios2eds/bin/gnu/h-i686-mingw32/bin/../lib/gcc/nios2-elf/4.1.2/../../../../nios2-elf/lib/mno-hw-mul\libc.a(lib_a-fvwrite.o)
                              c:/altera/13.0sp1/nios2eds/bin/gnu/h-i686-mingw32/bin/../lib/gcc/nios2-elf/4.1.2/../../../../nios2-elf/lib/mno-hw-mul\libc.a(lib_a-puts.o) (__sfvwrite_r)
c:/altera/13.0sp1/nios2eds/bin/gnu/h-i686-mingw32/bin/../lib/gcc/nios2-elf/4.1.2/../../../../nios2-elf/lib/mno-hw-mul\libc.a(lib_a-impure.o)
                              c:/altera/13.0sp1/nios2eds/bin/gnu/h-i686-mingw32/bin/../lib/gcc/nios2-elf/4.1.2/../../../../nios2-elf/lib/mno-hw-mul\libc.a(lib_a-puts.o) (_impure_ptr)
c:/altera/13.0sp1/nios2eds/bin/gnu/h-i686-mingw32/bin/../lib/gcc/nios2-elf/4.1.2/../../../../nios2-elf/lib/mno-hw-mul\libc.a(lib_a-mallocr.o)
                              c:/altera/13.0sp1/nios2eds/bin/gnu/h-i686-mingw32/bin/../lib/gcc/nios2-elf/4.1.2/../../../../nios2-elf/lib/mno-hw-mul\libc.a(lib_a-fvwrite.o) (_malloc_r)
c:/altera/13.0sp1/nios2eds/bin/gnu/h-i686-mingw32/bin/../lib/gcc/nios2-elf/4.1.2/../../../../nios2-elf/lib/mno-hw-mul\libc.a(lib_a-memchr.o)
                              c:/altera/13.0sp1/nios2eds/bin/gnu/h-i686-mingw32/bin/../lib/gcc/nios2-elf/4.1.2/../../../../nios2-elf/lib/mno-hw-mul\libc.a(lib_a-fvwrite.o) (memchr)
c:/altera/13.0sp1/nios2eds/bin/gnu/h-i686-mingw32/bin/../lib/gcc/nios2-elf/4.1.2/../../../../nios2-elf/lib/mno-hw-mul\libc.a(lib_a-memcpy.o)
                              c:/altera/13.0sp1/nios2eds/bin/gnu/h-i686-mingw32/bin/../lib/gcc/nios2-elf/4.1.2/../../../../nios2-elf/lib/mno-hw-mul\libc.a(lib_a-fvwrite.o) (memcpy)
c:/altera/13.0sp1/nios2eds/bin/gnu/h-i686-mingw32/bin/../lib/gcc/nios2-elf/4.1.2/../../../../nios2-elf/lib/mno-hw-mul\libc.a(lib_a-memmove.o)
                              c:/altera/13.0sp1/nios2eds/bin/gnu/h-i686-mingw32/bin/../lib/gcc/nios2-elf/4.1.2/../../../../nios2-elf/lib/mno-hw-mul\libc.a(lib_a-fvwrite.o) (memmove)
c:/altera/13.0sp1/nios2eds/bin/gnu/h-i686-mingw32/bin/../lib/gcc/nios2-elf/4.1.2/../../../../nios2-elf/lib/mno-hw-mul\libc.a(lib_a-reallocr.o)
                              c:/altera/13.0sp1/nios2eds/bin/gnu/h-i686-mingw32/bin/../lib/gcc/nios2-elf/4.1.2/../../../../nios2-elf/lib/mno-hw-mul\libc.a(lib_a-fvwrite.o) (_realloc_r)
c:/altera/13.0sp1/nios2eds/bin/gnu/h-i686-mingw32/bin/../lib/gcc/nios2-elf/4.1.2/../../../../nios2-elf/lib/mno-hw-mul\libc.a(lib_a-sbrkr.o)
                              c:/altera/13.0sp1/nios2eds/bin/gnu/h-i686-mingw32/bin/../lib/gcc/nios2-elf/4.1.2/../../../../nios2-elf/lib/mno-hw-mul\libc.a(lib_a-mallocr.o) (_sbrk_r)
c:/altera/13.0sp1/nios2eds/bin/gnu/h-i686-mingw32/bin/../lib/gcc/nios2-elf/4.1.2/../../../../nios2-elf/lib/mno-hw-mul\libc.a(lib_a-wsetup.o)
                              c:/altera/13.0sp1/nios2eds/bin/gnu/h-i686-mingw32/bin/../lib/gcc/nios2-elf/4.1.2/../../../../nios2-elf/lib/mno-hw-mul\libc.a(lib_a-fvwrite.o) (__swsetup_r)
c:/altera/13.0sp1/nios2eds/bin/gnu/h-i686-mingw32/bin/../lib/gcc/nios2-elf/4.1.2/../../../../nios2-elf/lib/mno-hw-mul\libc.a(lib_a-fflush.o)
                              c:/altera/13.0sp1/nios2eds/bin/gnu/h-i686-mingw32/bin/../lib/gcc/nios2-elf/4.1.2/../../../../nios2-elf/lib/mno-hw-mul\libc.a(lib_a-fvwrite.o) (_fflush_r)
c:/altera/13.0sp1/nios2eds/bin/gnu/h-i686-mingw32/bin/../lib/gcc/nios2-elf/4.1.2/../../../../nios2-elf/lib/mno-hw-mul\libc.a(lib_a-findfp.o)
                              c:/altera/13.0sp1/nios2eds/bin/gnu/h-i686-mingw32/bin/../lib/gcc/nios2-elf/4.1.2/../../../../nios2-elf/lib/mno-hw-mul\libc.a(lib_a-wsetup.o) (__sinit)
c:/altera/13.0sp1/nios2eds/bin/gnu/h-i686-mingw32/bin/../lib/gcc/nios2-elf/4.1.2/../../../../nios2-elf/lib/mno-hw-mul\libc.a(lib_a-freer.o)
                              c:/altera/13.0sp1/nios2eds/bin/gnu/h-i686-mingw32/bin/../lib/gcc/nios2-elf/4.1.2/../../../../nios2-elf/lib/mno-hw-mul\libc.a(lib_a-fvwrite.o) (_free_r)
c:/altera/13.0sp1/nios2eds/bin/gnu/h-i686-mingw32/bin/../lib/gcc/nios2-elf/4.1.2/../../../../nios2-elf/lib/mno-hw-mul\libc.a(lib_a-fwalk.o)
                              c:/altera/13.0sp1/nios2eds/bin/gnu/h-i686-mingw32/bin/../lib/gcc/nios2-elf/4.1.2/../../../../nios2-elf/lib/mno-hw-mul\libc.a(lib_a-fflush.o) (_fwalk_reent)
c:/altera/13.0sp1/nios2eds/bin/gnu/h-i686-mingw32/bin/../lib/gcc/nios2-elf/4.1.2/../../../../nios2-elf/lib/mno-hw-mul\libc.a(lib_a-int_errno.o)
[...]
Memory Configuration

Name             Origin             Length             Attributes
sram_0_BEFORE_EXCEPTION 0x00000000         0x00000020
sram_0           0x00000020         0x0007ffe0
reset            0x00081000         0x00000020
epcs_controller  0x00081020         0x000007e0
sdram_0          0x01000000         0x00800000
cfi_flash_0      0x01800000         0x00400000
*default*        0x00000000         0xffffffff

Linker script and memory map

LOAD ../cnc_bsp//obj/HAL/src/crt0.o
LOAD obj/default/LCD.o
LOAD obj/default/Test.o
LOAD obj/default/hello_led.o
LOAD c:/altera/13.0sp1/nios2eds/bin/gnu/h-i686-mingw32/bin/../lib/gcc/nios2-elf/4.1.2/../../../../nios2-elf/lib/mno-hw-mul\libstdc++.a
LOAD c:/altera/13.0sp1/nios2eds/bin/gnu/h-i686-mingw32/bin/../lib/gcc/nios2-elf/4.1.2/../../../../nios2-elf/lib/mno-hw-mul\libm.a
LOAD c:/altera/13.0sp1/nios2eds/bin/gnu/h-i686-mingw32/bin/../lib/gcc/nios2-elf/4.1.2/mno-hw-mul\libgcc.a
START GROUP
LOAD c:/altera/13.0sp1/nios2eds/bin/gnu/h-i686-mingw32/bin/../lib/gcc/nios2-elf/4.1.2/../../../../nios2-elf/lib/mno-hw-mul\libc.a
LOAD c:/altera/13.0sp1/nios2eds/bin/gnu/h-i686-mingw32/bin/../lib/gcc/nios2-elf/4.1.2/mno-hw-mul\libgcc.a
LOAD ../cnc_bsp/\libhal_bsp.a
END GROUP
LOAD c:/altera/13.0sp1/nios2eds/bin/gnu/h-i686-mingw32/bin/../lib/gcc/nios2-elf/4.1.2/mno-hw-mul\libgcc.a
                0x00000000                __alt_mem_sram_0 = 0x0
                0x00081000                __alt_mem_epcs_controller = 0x81000
                0x01000000                __alt_mem_sdram_0 = 0x1000000
                0x01800000                __alt_mem_cfi_flash_0 = 0x1800000

.entry          0x00081000        0x0
 *(.entry)
 .entry         0x00081000        0x0 ../cnc_bsp//obj/HAL/src/crt0.o
                0x00081000                __reset

.exceptions     0x00000020      0x164
                0x00000020                PROVIDE (__ram_exceptions_start, ABSOLUTE (.))
                0x00000020                . = ALIGN (0x20)
 *(.irq)
 *(.exceptions.entry.label)
 .exceptions.entry.label
                0x00000020        0x0 ../cnc_bsp/\libhal_bsp.a(alt_irq_entry.o)
                0x00000020                alt_irq_entry
 .exceptions.entry.label
                0x00000020        0x0 ../cnc_bsp/\libhal_bsp.a(alt_exception_entry.o)
                0x00000020                alt_exception
 *(.exceptions.entry.user)
 *(.exceptions.entry)
 .exceptions.entry
                0x00000020       0x54 ../cnc_bsp/\libhal_bsp.a(alt_exception_entry.o)
 *(.exceptions.irqtest.user)
 *(.exceptions.irqtest)
 .exceptions.irqtest
                0x00000074       0x10 ../cnc_bsp/\libhal_bsp.a(alt_irq_entry.o)
 *(.exceptions.irqhandler.user)
 *(.exceptions.irqhandler)
 .exceptions.irqhandler
                0x00000084        0x4 ../cnc_bsp/\libhal_bsp.a(alt_irq_entry.o)
 *(.exceptions.irqreturn.user)
 *(.exceptions.irqreturn)
 .exceptions.irqreturn
                0x00000088        0x4 ../cnc_bsp/\libhal_bsp.a(alt_irq_entry.o)
 *(.exceptions.notirq.label)
 .exceptions.notirq.label
                0x0000008c        0x0 ../cnc_bsp/\libhal_bsp.a(alt_irq_entry.o)
 *(.exceptions.notirq.user)
 *(.exceptions.notirq)
 .exceptions.notirq
                0x0000008c        0x8 ../cnc_bsp/\libhal_bsp.a(alt_exception_entry.o)
 *(.exceptions.soft.user)
 *(.exceptions.soft)
 *(.exceptions.unknown.user)
 *(.exceptions.unknown)
 .exceptions.unknown
                0x00000094        0x4 ../cnc_bsp/\libhal_bsp.a(alt_exception_entry.o)
 *(.exceptions.exit.label)
 .exceptions.exit.label
                0x00000098        0x0 ../cnc_bsp/\libhal_bsp.a(alt_irq_entry.o)
 .exceptions.exit.label
                0x00000098        0x0 ../cnc_bsp/\libhal_bsp.a(alt_exception_entry.o)
 *(.exceptions.exit.user)
 *(.exceptions.exit)
 .exceptions.exit
                0x00000098       0x54 ../cnc_bsp/\libhal_bsp.a(alt_exception_entry.o)
 *(.exceptions)
 .exceptions    0x000000ec       0x98 ../cnc_bsp/\libhal_bsp.a(alt_irq_handler.o)
                0x000000ec                alt_irq_handler
                0x00000184                PROVIDE (__ram_exceptions_end, ABSOLUTE (.))
                0x00000020                PROVIDE (__flash_exceptions_start, LOADADDR (.exceptions))

.text           0x01000000     0x81e0
                0x01000000                PROVIDE (stext, ABSOLUTE (.))
 *(.interp)
 *(.hash)
 *(.dynsym)
 *(.dynstr)
 *(.gnu.version)
 *(.gnu.version_d)
 *(.gnu.version_r)
 *(.rel.init)
 *(.rela.init)
 *(.rel.text .rel.text.* .rel.gnu.linkonce.t.*)
 *(.rela.text .rela.text.* .rela.gnu.linkonce.t.*)
 *(.rel.fini)
 *(.rela.fini)
 *(.rel.rodata .rel.rodata.* .rel.gnu.linkonce.r.*)
 *(.rela.rodata .rela.rodata.* .rela.gnu.linkonce.r.*)
 *(.rel.data .rel.data.* .rel.gnu.linkonce.d.*)
 *(.rela.data .rela.data.* .rela.gnu.linkonce.d.*)
 *(.rel.tdata .rel.tdata.* .rel.gnu.linkonce.td.*)
 *(.rela.tdata .rela.tdata.* .rela.gnu.linkonce.td.*)
 *(.rel.tbss .rel.tbss.* .rel.gnu.linkonce.tb.*)
 *(.rela.tbss .rela.tbss.* .rela.gnu.linkonce.tb.*)
 *(.rel.ctors)
 *(.rela.ctors)
 *(.rel.dtors)
 *(.rela.dtors)
 *(.rel.got)
 *(.rela.got)
 *(.rel.sdata .rel.sdata.* .rel.gnu.linkonce.s.*)
 *(.rela.sdata .rela.sdata.* .rela.gnu.linkonce.s.*)
 *(.rel.sbss .rel.sbss.* .rel.gnu.linkonce.sb.*)
 *(.rela.sbss .rela.sbss.* .rela.gnu.linkonce.sb.*)
 *(.rel.sdata2 .rel.sdata2.* .rel.gnu.linkonce.s2.*)
 *(.rela.sdata2 .rela.sdata2.* .rela.gnu.linkonce.s2.*)
 *(.rel.sbss2 .rel.sbss2.* .rel.gnu.linkonce.sb2.*)
 *(.rela.sbss2 .rela.sbss2.* .rela.gnu.linkonce.sb2.*)
 *(.rel.bss .rel.bss.* .rel.gnu.linkonce.b.*)
 *(.rela.bss .rela.bss.* .rela.gnu.linkonce.b.*)
 *(.rel.plt)
 *(.rela.plt)
 *(.rel.dyn)
 *(.init)
 *(.plt)
 *(.text .stub .text.* .gnu.linkonce.t.*)
 .text          0x01000000       0x38 ../cnc_bsp//obj/HAL/src/crt0.o
                0x01000000                _start
 .text          0x01000038      0x1fc obj/default/LCD.o
                0x01000038                LCD_Line2
                0x01000050                LCD_Init
                0x010000cc                LCD_Show_Text
                0x01000130                LCD_Test
 .text          0x01000234       0xec obj/default/Test.o
                0x01000234                init_button_irq
                0x01000264                handle_button_interrupts
                0x010002bc                basic_test
 .text          0x01000320      0x9a4 obj/default/hello_led.o
                0x01000320                iow
                0x0100033c                ior
                0x01000358                phy_write
                0x010003ec                ReceivePacket
                0x010005b0                TransmitPacket
                0x010006c0                ethernet_interrupts
                0x01000a44                DM9000_init
                0x01000c60                main
 .text          0x01000cc4       0x38 c:/altera/13.0sp1/nios2eds/bin/gnu/h-i686-mingw32/bin/../lib/gcc/nios2-elf/4.1.2/mno-hw-mul\libgcc.a(lib2-mul.o)
                0x01000cc4                __mulsi3
 .text          0x01000cfc       0xb4 c:/altera/13.0sp1/nios2eds/bin/gnu/h-i686-mingw32/bin/../lib/gcc/nios2-elf/4.1.2/../../../../nios2-elf/lib/mno-hw-mul\libc.a(lib_a-puts.o)
                0x01000cfc                _puts_r
                0x01000d9c                puts
 .text          0x01000db0       0x74 c:/altera/13.0sp1/nios2eds/bin/gnu/h-i686-mingw32/bin/../lib/gcc/nios2-elf/4.1.2/../../../../nios2-elf/lib/mno-hw-mul\libc.a(lib_a-strlen.o)
                0x01000db0                strlen
 .text          0x01000e24      0x49c c:/altera/13.0sp1/nios2eds/bin/gnu/h-i686-mingw32/bin/../lib/gcc/nios2-elf/4.1.2/../../../../nios2-elf/lib/mno-hw-mul\libc.a(lib_a-fvwrite.o)
                0x01000e24                __sfvwrite_r
 .text          0x010012c0        0x0 c:/altera/13.0sp1/nios2eds/bin/gnu/h-i686-mingw32/bin/../lib/gcc/nios2-elf/4.1.2/../../../../nios2-elf/lib/mno-hw-mul\libc.a(lib_a-impure.o)
 .text          0x010012c0      0x740 c:/altera/13.0sp1/nios2eds/bin/gnu/h-i686-mingw32/bin/../lib/gcc/nios2-elf/4.1.2/../../../../nios2-elf/lib/mno-hw-mul\libc.a(lib_a-mallocr.o)
                0x010012c0                _malloc_r
 .text          0x01001a00       0xe4 c:/altera/13.0sp1/nios2eds/bin/gnu/h-i686-mingw32/bin/../lib/gcc/nios2-elf/4.1.2/../../../../nios2-elf/lib/mno-hw-mul\libc.a(lib_a-memchr.o)
                0x01001a00                memchr
 .text          0x01001ae4       0xa0 c:/altera/13.0sp1/nios2eds/bin/gnu/h-i686-mingw32/bin/../lib/gcc/nios2-elf/4.1.2/../../../../nios2-elf/lib/mno-hw-mul\libc.a(lib_a-memcpy.o)
                0x01001ae4                memcpy
 .text          0x01001b84       0xe0 c:/altera/13.0sp1/nios2eds/bin/gnu/h-i686-mingw32/bin/../lib/gcc/nios2-elf/4.1.2/../../../../nios2-elf/lib/mno-hw-mul\libc.a(lib_a-memmove.o)
                0x01001b84                memmove
 .text          0x01001c64      0x5f4 c:/altera/13.0sp1/nios2eds/bin/gnu/h-i686-mingw32/bin/../lib/gcc/nios2-elf/4.1.2/../../../../nios2-elf/lib/mno-hw-mul\libc.a(lib_a-reallocr.o)
                0x01001c64                _realloc_r
 .text          0x01002258       0x70 c:/altera/13.0sp1/nios2eds/bin/gnu/h-i686-mingw32/bin/../lib/gcc/nios2-elf/4.1.2/../../../../nios2-elf/lib/mno-hw-mul\libc.a(lib_a-sbrkr.o)
                0x01002258                _sbrk_r
 .text          0x010022c8      0x13c c:/altera/13.0sp1/nios2eds/bin/gnu/h-i686-mingw32/bin/../lib/gcc/nios2-elf/4.1.2/../../../../nios2-elf/lib/mno-hw-mul\libc.a(lib_a-wsetup.o)
                0x010022c8                __swsetup_r
 .text          0x01002404      0x230 c:/altera/13.0sp1/nios2eds/bin/gnu/h-i686-mingw32/bin/../lib/gcc/nios2-elf/4.1.2/../../../../nios2-elf/lib/mno-hw-mul\libc.a(lib_a-fflush.o)
                0x01002404                _fflush_r
                0x01002600                fflush
 .text          0x01002634      0x2f4 c:/altera/13.0sp1/nios2eds/bin/gnu/h-i686-mingw32/bin/../lib/gcc/nios2-elf/4.1.2/../../../../nios2-elf/lib/mno-hw-mul\libc.a(lib_a-findfp.o)
                0x0100268c                __sfp_lock_acquire
                0x01002690                __sfp_lock_release
                0x01002694                __sinit_lock_acquire
                0x01002698                __sinit_lock_release
                0x0100269c                __sinit
                0x01002750                __fp_unlock_all
                0x01002768                __fp_lock_all
                0x01002780                _cleanup_r
                0x0100278c                _cleanup
                0x0100279c                __sfmoreglue
                0x01002838                __sfp
 .text          0x01002928      0x440 c:/altera/13.0sp1/nios2eds/bin/gnu/h-i686-mingw32/bin/../lib/gcc/nios2-elf/4.1.2/../../../../nios2-elf/lib/mno-hw-mul\libc.a(lib_a-freer.o)
                0x01002928                _malloc_trim_r
                0x01002a54                _free_r
 .text          0x01002d68      0x180 c:/altera/13.0sp1/nios2eds/bin/gnu/h-i686-mingw32/bin/../lib/gcc/nios2-elf/4.1.2/../../../../nios2-elf/lib/mno-hw-mul\libc.a(lib_a-fwalk.o)
                0x01002d68                _fwalk_reent
                0x01002e30                _fwalk
 .text          0x01002ee8        0x0 c:/altera/13.0sp1/nios2eds/bin/gnu/h-i686-mingw32/bin/../lib/gcc/nios2-elf/4.1.2/../../../../nios2-elf/lib/mno-hw-mul\libc.a(lib_a-int_errno.o)
 .text          0x01002ee8      0x194 c:/altera/13.0sp1/nios2eds/bin/gnu/h-i686-mingw32/bin/../lib/gcc/nios2-elf/4.1.2/../../../../nios2-elf/lib/mno-hw-mul\libc.a(lib_a-makebuf.o)
                0x01002ee8                __smakebuf_r
 .text          0x0100307c       0x98 c:/altera/13.0sp1/nios2eds/bin/gnu/h-i686-mingw32/bin/../lib/gcc/nios2-elf/4.1.2/../../../../nios2-elf/lib/mno-hw-mul\libc.a(lib_a-memset.o)
                0x0100307c                memset
 .text          0x01003114      0x14c c:/altera/13.0sp1/nios2eds/bin/gnu/h-i686-mingw32/bin/../lib/gcc/nios2-elf/4.1.2/../../../../nios2-elf/lib/mno-hw-mul\libc.a(lib_a-stdio.o)
                0x01003114                __sclose
                0x0100311c                __sseek
                0x01003184                __swrite
                0x01003200                __sread
 .text          0x01003260       0x78 c:/altera/13.0sp1/nios2eds/bin/gnu/h-i686-mingw32/bin/../lib/gcc/nios2-elf/4.1.2/../../../../nios2-elf/lib/mno-hw-mul\libc.a(lib_a-writer.o)
                0x01003260                _write_r
 .text          0x010032d8       0x70 c:/altera/13.0sp1/nios2eds/bin/gnu/h-i686-mingw32/bin/../lib/gcc/nios2-elf/4.1.2/../../../../nios2-elf/lib/mno-hw-mul\libc.a(lib_a-closer.o)
                0x010032d8                _close_r
 .text          0x01003348      0x124 c:/altera/13.0sp1/nios2eds/bin/gnu/h-i686-mingw32/bin/../lib/gcc/nios2-elf/4.1.2/../../../../nios2-elf/lib/mno-hw-mul\libc.a(lib_a-fclose.o)
                0x01003348                _fclose_r
                0x01003458                fclose
 .text          0x0100346c       0x74 c:/altera/13.0sp1/nios2eds/bin/gnu/h-i686-mingw32/bin/../lib/gcc/nios2-elf/4.1.2/../../../../nios2-elf/lib/mno-hw-mul\libc.a(lib_a-fstatr.o)
                0x0100346c                _fstat_r
 .text          0x010034e0       0x70 c:/altera/13.0sp1/nios2eds/bin/gnu/h-i686-mingw32/bin/../lib/gcc/nios2-elf/4.1.2/../../../../nios2-elf/lib/mno-hw-mul\libc.a(lib_a-isattyr.o)
                0x010034e0                _isatty_r
 .text          0x01003550       0x78 c:/altera/13.0sp1/nios2eds/bin/gnu/h-i686-mingw32/bin/../lib/gcc/nios2-elf/4.1.2/../../../../nios2-elf/lib/mno-hw-mul\libc.a(lib_a-lseekr.o)
                0x01003550                _lseek_r
 .text          0x010035c8       0x78 c:/altera/13.0sp1/nios2eds/bin/gnu/h-i686-mingw32/bin/../lib/gcc/nios2-elf/4.1.2/../../../../nios2-elf/lib/mno-hw-mul\libc.a(lib_a-readr.o)
                0x010035c8                _read_r
 .text          0x01003640       0xf4 ../cnc_bsp/\libhal_bsp.a(alt_close.o)
                0x01003640                close
 .text          0x01003734        0x8 ../cnc_bsp/\libhal_bsp.a(alt_dev.o)
 .text          0x0100373c        0x0 ../cnc_bsp/\libhal_bsp.a(alt_errno.o)
 .text          0x0100373c       0xac ../cnc_bsp/\libhal_bsp.a(alt_fstat.o)
                0x0100373c                fstat
 .text          0x010037e8       0xc0 ../cnc_bsp/\libhal_bsp.a(alt_irq_register.o)
                0x010037e8                alt_irq_register
 .text          0x010038a8        0x0 ../cnc_bsp/\libhal_bsp.a(alt_irq_vars.o)
 .text          0x010038a8       0xa4 ../cnc_bsp/\libhal_bsp.a(alt_isatty.o)
                0x010038a8                isatty
 .text          0x0100394c       0xbc ../cnc_bsp/\libhal_bsp.a(alt_lseek.o)
                0x0100394c                lseek
 .text          0x01003a08       0x60 ../cnc_bsp/\libhal_bsp.a(alt_main.o)
                0x01003a08                alt_main
 .text          0x01003a68        0x8 ../cnc_bsp/\libhal_bsp.a(alt_malloc_lock.o)
                0x01003a68                __malloc_lock
                0x01003a6c                __malloc_unlock
 .text          0x01003a70      0x140 ../cnc_bsp/\libhal_bsp.a(alt_read.o)
                0x01003a70                read
 .text          0x01003bb0       0x5c ../cnc_bsp/\libhal_bsp.a(alt_release_fd.o)
                0x01003bb0                alt_release_fd
 .text          0x01003c0c       0x54 ../cnc_bsp/\libhal_bsp.a(alt_sbrk.o)
                0x01003c0c                sbrk
 .text          0x01003c60        0x4 ../cnc_bsp/\libhal_bsp.a(alt_usleep.o)
                0x01003c60                usleep
 .text          0x01003c64      0x13c ../cnc_bsp/\libhal_bsp.a(alt_write.o)
                0x01003c64                write
 .text          0x01003da0       0xdc ../cnc_bsp/\libhal_bsp.a(alt_sys_init.o)
                0x01003da0                alt_irq_init
                0x01003dc0                alt_sys_init
 .text          0x01003e7c      0x4cc ../cnc_bsp/\libhal_bsp.a(altera_avalon_cfi_flash.o)
                0x01003e7c                alt_flash_cfi_get_info
                0x01003eb4                alt_flash_program_block
                0x0100408c                alt_write_value_to_flash
                0x01004124                alt_flash_cfi_read
                0x01004150                alt_flash_cfi_write
                0x010042e0                alt_flash_cfi_init
 .text          0x01004348      0xabc ../cnc_bsp/\libhal_bsp.a(altera_avalon_cfi_flash_table.o)
                0x01004348                alt_set_flash_width_func
                0x01004478                alt_set_flash_algorithm_func
                0x01004548                alt_check_primary_table
                0x010045e4                alt_read_cfi_table
                0x010048e4                alt_read_query_entry_8bit
                0x010048f8                alt_read_query_entry_16bit
                0x01004910                alt_read_query_entry_32bit
                0x0100492c                alt_write_native_32bit
                0x01004934                alt_write_flash_command_32bit_device_32bit_mode
                0x0100494c                alt_write_native_16bit
                0x01004958                alt_write_flash_command_32bit_device_16bit_mode
                0x01004970                alt_write_flash_command_16bit_device_16bit_mode
                0x01004984                alt_write_native_8bit
                0x01004990                alt_write_flash_command_32bit_device_8bit_mode
                0x010049a8                alt_write_flash_command_16bit_device_8bit_mode
                0x010049d0                alt_write_flash_command_8bit_device_8bit_mode
                0x010049e0                alt_read_cfi_width
 .text          0x01004e04      0x580 ../cnc_bsp/\libhal_bsp.a(altera_avalon_epcs_flash_controller.o)
                0x01004e04                alt_epcs_flash_get_info
                0x01004e3c                alt_epcs_flash_read
                0x01004ebc                alt_epcs_flash_write_block
                0x01004f8c                alt_epcs_flash_write
                0x0100515c                alt_epcs_flash_init
                0x01005330                alt_epcs_flash_erase_block
 .text          0x01005384       0x3c ../cnc_bsp/\libhal_bsp.a(altera_avalon_jtag_uart_fd.o)
                0x01005384                altera_avalon_jtag_uart_ioctl_fd
                0x01005390                altera_avalon_jtag_uart_close_fd
                0x010053a0                altera_avalon_jtag_uart_write_fd
                0x010053b0                altera_avalon_jtag_uart_read_fd
 .text          0x010053c0      0x214 ../cnc_bsp/\libhal_bsp.a(altera_avalon_jtag_uart_init.o)
                0x010053c0                altera_avalon_jtag_uart_close
                0x0100544c                altera_avalon_jtag_uart_init
 .text          0x010055d4       0x88 ../cnc_bsp/\libhal_bsp.a(altera_avalon_jtag_uart_ioctl.o)
                0x010055d4                altera_avalon_jtag_uart_ioctl
 .text          0x0100565c      0x16c ../cnc_bsp/\libhal_bsp.a(altera_avalon_jtag_uart_read.o)
                0x0100565c                altera_avalon_jtag_uart_read
 .text          0x010057c8      0x17c ../cnc_bsp/\libhal_bsp.a(altera_avalon_jtag_uart_write.o)
                0x010057c8                altera_avalon_jtag_uart_write
 .text          0x01005944      0x968 ../cnc_bsp/\libhal_bsp.a(altera_avalon_lcd_16207.o)
                0x01005c7c                altera_avalon_lcd_16207_init
                0x01005de0                altera_avalon_lcd_16207_write
 .text          0x010062ac       0x10 ../cnc_bsp/\libhal_bsp.a(altera_avalon_lcd_16207_fd.o)
                0x010062ac                altera_avalon_lcd_16207_write_fd
 .text          0x010062bc       0x8c ../cnc_bsp/\libhal_bsp.a(altera_avalon_timer_sc.o)
                0x010062bc                alt_avalon_timer_sc_init
 .text          0x01006348       0x30 ../cnc_bsp/\libhal_bsp.a(altera_avalon_uart_fd.o)
                0x01006348                altera_avalon_uart_close_fd
                0x01006358                altera_avalon_uart_write_fd
                0x01006368                altera_avalon_uart_read_fd
 .text          0x01006378      0x1ac ../cnc_bsp/\libhal_bsp.a(altera_avalon_uart_init.o)
                0x01006378                altera_avalon_uart_close
                0x010064e4                altera_avalon_uart_init
 .text          0x01006524      0x140 ../cnc_bsp/\libhal_bsp.a(altera_avalon_uart_read.o)
                0x01006524                altera_avalon_uart_read
 .text          0x01006664      0x138 ../cnc_bsp/\libhal_bsp.a(altera_avalon_uart_write.o)
                0x01006664                altera_avalon_uart_write
 .text          0x0100679c      0x4e4 ../cnc_bsp/\libhal_bsp.a(epcs_commands.o)
                0x0100679c                epcs_read_device_id
                0x01006800                epcs_read_electronic_signature
                0x01006854                epcs_write_enable
                0x0100688c                epcs_exit_4_bytes_mode
                0x010068d8                epcs_enter_4_bytes_mode
                0x01006924                epcs_read_status_register
                0x0100696c                epcs_sector_erase
                0x01006a3c                epcs_write_buffer
                0x01006b48                epcs_read_buffer
                0x01006c28                epcs_write_status_register
 .text          0x01006c80       0x94 ../cnc_bsp/\libhal_bsp.a(alt_alarm_start.o)
                0x01006c80                alt_alarm_start
 .text          0x01006d14       0xa4 ../cnc_bsp/\libhal_bsp.a(alt_busy_sleep.o)
                0x01006d14                alt_busy_sleep
 .text          0x01006db8        0x4 ../cnc_bsp/\libhal_bsp.a(alt_dcache_flush.o)
                0x01006db8                alt_dcache_flush
 .text          0x01006dbc       0x7c ../cnc_bsp/\libhal_bsp.a(alt_dev_llist_insert.o)
                0x01006dbc                alt_dev_llist_insert
 .text          0x01006e38       0x4c ../cnc_bsp/\libhal_bsp.a(alt_do_ctors.o)
                0x01006e38                _do_ctors
 .text          0x01006e84       0x4c ../cnc_bsp/\libhal_bsp.a(alt_do_dtors.o)
                0x01006e84                _do_dtors
 .text          0x01006ed0       0x60 ../cnc_bsp/\libhal_bsp.a(alt_flash_dev.o)
                0x01006ed0                alt_flash_close_dev
                0x01006ee4                alt_flash_open_dev
 .text          0x01006f30       0x9c ../cnc_bsp/\libhal_bsp.a(alt_iic.o)
                0x01006f30                alt_ic_irq_enabled
                0x01006f48                alt_ic_irq_enable
                0x01006f88                alt_ic_irq_disable
                0x01006fc8                alt_ic_isr_register
 .text          0x01006fcc       0x88 ../cnc_bsp/\libhal_bsp.a(alt_iic_isr_register.o)
                0x01006fcc                alt_iic_isr_register
 .text          0x01007054      0x114 ../cnc_bsp/\libhal_bsp.a(alt_io_redirect.o)
                0x010070dc                alt_io_redirect
 .text          0x01007168        0x0 ../cnc_bsp/\libhal_bsp.a(alt_irq_entry.o)
 .text          0x01007168        0x0 ../cnc_bsp/\libhal_bsp.a(alt_irq_handler.o)
 .text          0x01007168      0x18c ../cnc_bsp/\libhal_bsp.a(alt_open.o)
                0x01007168                open
 .text          0x010072f4       0xf4 ../cnc_bsp/\libhal_bsp.a(alt_tick.o)
                0x010072f4                alt_alarm_stop
                0x01007328                alt_tick
 .text          0x010073e8        0x8 ../cnc_bsp/\libhal_bsp.a(altera_nios2_qsys_irq.o)
                0x010073e8                altera_nios2_qsys_irq_init
 .text          0x010073f0      0x2ec ../cnc_bsp/\libhal_bsp.a(altera_avalon_cfi_flash_amd.o)
                0x010073f0                alt_erase_block_amd
                0x0100756c                alt_program_amd
 .text          0x010076dc      0x330 ../cnc_bsp/\libhal_bsp.a(altera_avalon_cfi_flash_intel.o)
                0x010077e4                alt_erase_block_intel
                0x010078e8                alt_program_intel
 .text          0x01007a0c      0x124 ../cnc_bsp/\libhal_bsp.a(altera_avalon_spi.o)
                0x01007a0c                alt_avalon_spi_command
 .text          0x01007b30        0x0 ../cnc_bsp/\libhal_bsp.a(alt_exception_entry.o)
 .text          0x01007b30       0x94 ../cnc_bsp/\libhal_bsp.a(alt_find_dev.o)
                0x01007b30                alt_find_dev
 .text          0x01007bc4       0xb0 ../cnc_bsp/\libhal_bsp.a(alt_find_file.o)
                0x01007bc4                alt_find_file
 .text          0x01007c74       0x60 ../cnc_bsp/\libhal_bsp.a(alt_get_fd.o)
                0x01007c74                alt_get_fd
 .text          0x01007cd4       0x14 c:/altera/13.0sp1/nios2eds/bin/gnu/h-i686-mingw32/bin/../lib/gcc/nios2-elf/4.1.2/../../../../nios2-elf/lib/mno-hw-mul\libc.a(lib_a-atexit.o)
                0x01007cd4                atexit
 .text          0x01007ce8        0x0 c:/altera/13.0sp1/nios2eds/bin/gnu/h-i686-mingw32/bin/../lib/gcc/nios2-elf/4.1.2/../../../../nios2-elf/lib/mno-hw-mul\libc.a(lib_a-ctype_.o)
 .text          0x01007ce8       0x38 c:/altera/13.0sp1/nios2eds/bin/gnu/h-i686-mingw32/bin/../lib/gcc/nios2-elf/4.1.2/../../../../nios2-elf/lib/mno-hw-mul\libc.a(lib_a-exit.o)
                0x01007ce8                exit
 .text          0x01007d20       0x74 c:/altera/13.0sp1/nios2eds/bin/gnu/h-i686-mingw32/bin/../lib/gcc/nios2-elf/4.1.2/../../../../nios2-elf/lib/mno-hw-mul\libc.a(lib_a-memcmp.o)
                0x01007d20                memcmp
 .text          0x01007d94      0x134 c:/altera/13.0sp1/nios2eds/bin/gnu/h-i686-mingw32/bin/../lib/gcc/nios2-elf/4.1.2/../../../../nios2-elf/lib/mno-hw-mul\libc.a(lib_a-__atexit.o)
                0x01007d94                __register_exitproc
 .text          0x01007ec8      0x1b4 c:/altera/13.0sp1/nios2eds/bin/gnu/h-i686-mingw32/bin/../lib/gcc/nios2-elf/4.1.2/../../../../nios2-elf/lib/mno-hw-mul\libc.a(lib_a-__call_atexit.o)
                0x01007ecc                __call_exitprocs
 .text          0x0100807c      0x14c c:/altera/13.0sp1/nios2eds/bin/gnu/h-i686-mingw32/bin/../lib/gcc/nios2-elf/4.1.2/mno-hw-mul\libgcc.a(lib2-divmod.o)
                0x010080f8                __divsi3
                0x01008158                __modsi3
                0x010081b8                __udivsi3
                0x010081c0                __umodsi3
 .text          0x010081c8       0x14 ../cnc_bsp/\libhal_bsp.a(alt_exit.o)
                0x010081c8                _exit
 *(.gnu.warning.*)
 *(.fini)
                0x010081dc                PROVIDE (__etext, ABSOLUTE (.))
                0x010081dc                PROVIDE (_etext, ABSOLUTE (.))
                0x010081dc                PROVIDE (etext, ABSOLUTE (.))
 *(.eh_frame_hdr)
                0x010081dc                . = ALIGN (0x4)
                0x010081dc                PROVIDE (__preinit_array_start, ABSOLUTE (.))
 *(.preinit_array)
                0x010081dc                PROVIDE (__preinit_array_end, ABSOLUTE (.))
                0x010081dc                PROVIDE (__init_array_start, ABSOLUTE (.))
 *(.init_array)
                0x010081dc                PROVIDE (__init_array_end, ABSOLUTE (.))
                0x010081dc                PROVIDE (__fini_array_start, ABSOLUTE (.))
 *(.fini_array)
                0x010081dc                PROVIDE (__fini_array_end, ABSOLUTE (.))
 *(.eh_frame)
 *(.gcc_except_table)
 *(.dynamic)
                0x010081dc                PROVIDE (__CTOR_LIST__, ABSOLUTE (.))
 *(.ctors)
 *(SORT(.ctors.*))
 .ctors.65535   0x010081dc        0x4 c:/altera/13.0sp1/nios2eds/bin/gnu/h-i686-mingw32/bin/../lib/gcc/nios2-elf/4.1.2/../../../../nios2-elf/lib/mno-hw-mul\libc.a(lib_a-__call_atexit.o)
                0x010081e0                PROVIDE (__CTOR_END__, ABSOLUTE (.))
                0x010081e0                PROVIDE (__DTOR_LIST__, ABSOLUTE (.))
 *(.dtors)
 *(SORT(.dtors.*))
                0x010081e0                PROVIDE (__DTOR_END__, ABSOLUTE (.))
 *(.jcr)
                0x010081e0                . = ALIGN (0x4)

.rodata         0x010081e0      0x334
                0x010081e0                PROVIDE (__ram_rodata_start, ABSOLUTE (.))
                0x010081e0                . = ALIGN (0x4)
 *(.rodata .rodata.* .gnu.linkonce.r.*)
 .rodata        0x010081e0       0x28 obj/default/LCD.o
 .rodata.str1.4
                0x01008208       0x12 obj/default/hello_led.o
                                 0x14 (size before relaxing)
 *fill*         0x0100821a        0x2 00
 .rodata.str1.4
                0x0100821c        0x2 c:/altera/13.0sp1/nios2eds/bin/gnu/h-i686-mingw32/bin/../lib/gcc/nios2-elf/4.1.2/../../../../nios2-elf/lib/mno-hw-mul\libc.a(lib_a-puts.o)
                                  0x4 (size before relaxing)
 *fill*         0x0100821e        0x2 00
 .rodata.str1.4
                0x01008220        0x2 c:/altera/13.0sp1/nios2eds/bin/gnu/h-i686-mingw32/bin/../lib/gcc/nios2-elf/4.1.2/../../../../nios2-elf/lib/mno-hw-mul\libc.a(lib_a-impure.o)
                                  0x4 (size before relaxing)
 *fill*         0x01008222        0x2 00
 .rodata.str1.4
                0x01008224        0xa ../cnc_bsp/\libhal_bsp.a(alt_dev.o)
                                  0xc (size before relaxing)
 *fill*         0x0100822e        0x2 00
 .rodata.str1.4
                0x01008230       0x11 ../cnc_bsp/\libhal_bsp.a(alt_main.o)
                                 0x14 (size before relaxing)
 *fill*         0x01008241        0x3 00
 .rodata.str1.4
                0x01008244       0x4c ../cnc_bsp/\libhal_bsp.a(alt_sys_init.o)
                                 0x60 (size before relaxing)
 .rodata        0x01008290      0x281 c:/altera/13.0sp1/nios2eds/bin/gnu/h-i686-mingw32/bin/../lib/gcc/nios2-elf/4.1.2/../../../../nios2-elf/lib/mno-hw-mul\libc.a(lib_a-ctype_.o)
                0x01008290                _ctype_
 *(.rodata1)
                0x01008514                . = ALIGN (0x4)
 *fill*         0x01008511        0x3 00
                0x01008514                PROVIDE (__ram_rodata_end, ABSOLUTE (.))
                0x010081e0                PROVIDE (__flash_rodata_start, LOADADDR (.rodata))

.rwdata         0x01008514     0x1e0c
                0x01008514                PROVIDE (__ram_rwdata_start, ABSOLUTE (.))
                0x01008514                . = ALIGN (0x4)
 *(.got.plt)
 *(.got)
 *(.data1)
 *(.data .data.* .gnu.linkonce.d.*)
 .data          0x01008514        0x0 ../cnc_bsp//obj/HAL/src/crt0.o
 .data          0x01008514        0x0 obj/default/LCD.o
 .data          0x01008514        0x0 obj/default/Test.o
 .data          0x01008514       0x28 obj/default/hello_led.o
                0x01008514                TXT
 .data          0x0100853c        0x0 c:/altera/13.0sp1/nios2eds/bin/gnu/h-i686-mingw32/bin/../lib/gcc/nios2-elf/4.1.2/mno-hw-mul\libgcc.a(lib2-mul.o)
 .data          0x0100853c        0x0 c:/altera/13.0sp1/nios2eds/bin/gnu/h-i686-mingw32/bin/../lib/gcc/nios2-elf/4.1.2/../../../../nios2-elf/lib/mno-hw-mul\libc.a(lib_a-puts.o)
 .data          0x0100853c        0x0 c:/altera/13.0sp1/nios2eds/bin/gnu/h-i686-mingw32/bin/../lib/gcc/nios2-elf/4.1.2/../../../../nios2-elf/lib/mno-hw-mul\libc.a(lib_a-strlen.o)
 .data          0x0100853c        0x0 c:/altera/13.0sp1/nios2eds/bin/gnu/h-i686-mingw32/bin/../lib/gcc/nios2-elf/4.1.2/../../../../nios2-elf/lib/mno-hw-mul\libc.a(lib_a-fvwrite.o)
 .data          0x0100853c      0x400 c:/altera/13.0sp1/nios2eds/bin/gnu/h-i686-mingw32/bin/../lib/gcc/nios2-elf/4.1.2/../../../../nios2-elf/lib/mno-hw-mul\libc.a(lib_a-impure.o)
 .data          0x0100893c      0x408 c:/altera/13.0sp1/nios2eds/bin/gnu/h-i686-mingw32/bin/../lib/gcc/nios2-elf/4.1.2/../../../../nios2-elf/lib/mno-hw-mul\libc.a(lib_a-mallocr.o)
                0x0100893c                __malloc_av_
 .data          0x01008d44        0x0 c:/altera/13.0sp1/nios2eds/bin/gnu/h-i686-mingw32/bin/../lib/gcc/nios2-elf/4.1.2/../../../../nios2-elf/lib/mno-hw-mul\libc.a(lib_a-memchr.o)
 .data          0x01008d44        0x0 c:/altera/13.0sp1/nios2eds/bin/gnu/h-i686-mingw32/bin/../lib/gcc/nios2-elf/4.1.2/../../../../nios2-elf/lib/mno-hw-mul\libc.a(lib_a-memcpy.o)
 .data          0x01008d44        0x0 c:/altera/13.0sp1/nios2eds/bin/gnu/h-i686-mingw32/bin/../lib/gcc/nios2-elf/4.1.2/../../../../nios2-elf/lib/mno-hw-mul\libc.a(lib_a-memmove.o)
 .data          0x01008d44        0x0 c:/altera/13.0sp1/nios2eds/bin/gnu/h-i686-mingw32/bin/../lib/gcc/nios2-elf/4.1.2/../../../../nios2-elf/lib/mno-hw-mul\libc.a(lib_a-reallocr.o)
 .data          0x01008d44        0x0 c:/altera/13.0sp1/nios2eds/bin/gnu/h-i686-mingw32/bin/../lib/gcc/nios2-elf/4.1.2/../../../../nios2-elf/lib/mno-hw-mul\libc.a(lib_a-sbrkr.o)
 .data          0x01008d44        0x0 c:/altera/13.0sp1/nios2eds/bin/gnu/h-i686-mingw32/bin/../lib/gcc/nios2-elf/4.1.2/../../../../nios2-elf/lib/mno-hw-mul\libc.a(lib_a-wsetup.o)
 .data          0x01008d44        0x0 c:/altera/13.0sp1/nios2eds/bin/gnu/h-i686-mingw32/bin/../lib/gcc/nios2-elf/4.1.2/../../../../nios2-elf/lib/mno-hw-mul\libc.a(lib_a-fflush.o)
 .data          0x01008d44        0x0 c:/altera/13.0sp1/nios2eds/bin/gnu/h-i686-mingw32/bin/../lib/gcc/nios2-elf/4.1.2/../../../../nios2-elf/lib/mno-hw-mul\libc.a(lib_a-findfp.o)
 .data          0x01008d44        0x0 c:/altera/13.0sp1/nios2eds/bin/gnu/h-i686-mingw32/bin/../lib/gcc/nios2-elf/4.1.2/../../../../nios2-elf/lib/mno-hw-mul\libc.a(lib_a-freer.o)
 .data          0x01008d44        0x0 c:/altera/13.0sp1/nios2eds/bin/gnu/h-i686-mingw32/bin/../lib/gcc/nios2-elf/4.1.2/../../../../nios2-elf/lib/mno-hw-mul\libc.a(lib_a-fwalk.o)
 .data          0x01008d44        0x0 c:/altera/13.0sp1/nios2eds/bin/gnu/h-i686-mingw32/bin/../lib/gcc/nios2-elf/4.1.2/../../../../nios2-elf/lib/mno-hw-mul\libc.a(lib_a-int_errno.o)
 .data          0x01008d44        0x0 c:/altera/13.0sp1/nios2eds/bin/gnu/h-i686-mingw32/bin/../lib/gcc/nios2-elf/4.1.2/../../../../nios2-elf/lib/mno-hw-mul\libc.a(lib_a-makebuf.o)
 .data          0x01008d44        0x0 c:/altera/13.0sp1/nios2eds/bin/gnu/h-i686-mingw32/bin/../lib/gcc/nios2-elf/4.1.2/../../../../nios2-elf/lib/mno-hw-mul\libc.a(lib_a-memset.o)
 .data          0x01008d44        0x0 c:/altera/13.0sp1/nios2eds/bin/gnu/h-i686-mingw32/bin/../lib/gcc/nios2-elf/4.1.2/../../../../nios2-elf/lib/mno-hw-mul\libc.a(lib_a-stdio.o)
 .data          0x01008d44        0x0 c:/altera/13.0sp1/nios2eds/bin/gnu/h-i686-mingw32/bin/../lib/gcc/nios2-elf/4.1.2/../../../../nios2-elf/lib/mno-hw-mul\libc.a(lib_a-writer.o)
 .data          0x01008d44        0x0 c:/altera/13.0sp1/nios2eds/bin/gnu/h-i686-mingw32/bin/../lib/gcc/nios2-elf/4.1.2/../../../../nios2-elf/lib/mno-hw-mul\libc.a(lib_a-closer.o)
 .data          0x01008d44        0x0 c:/altera/13.0sp1/nios2eds/bin/gnu/h-i686-mingw32/bin/../lib/gcc/nios2-elf/4.1.2/../../../../nios2-elf/lib/mno-hw-mul\libc.a(lib_a-fclose.o)
 .data          0x01008d44        0x0 c:/altera/13.0sp1/nios2eds/bin/gnu/h-i686-mingw32/bin/../lib/gcc/nios2-elf/4.1.2/../../../../nios2-elf/lib/mno-hw-mul\libc.a(lib_a-fstatr.o)
 .data          0x01008d44        0x0 c:/altera/13.0sp1/nios2eds/bin/gnu/h-i686-mingw32/bin/../lib/gcc/nios2-elf/4.1.2/../../../../nios2-elf/lib/mno-hw-mul\libc.a(lib_a-isattyr.o)
 .data          0x01008d44        0x0 c:/altera/13.0sp1/nios2eds/bin/gnu/h-i686-mingw32/bin/../lib/gcc/nios2-elf/4.1.2/../../../../nios2-elf/lib/mno-hw-mul\libc.a(lib_a-lseekr.o)
 .data          0x01008d44        0x0 c:/altera/13.0sp1/nios2eds/bin/gnu/h-i686-mingw32/bin/../lib/gcc/nios2-elf/4.1.2/../../../../nios2-elf/lib/mno-hw-mul\libc.a(lib_a-readr.o)
 .data          0x01008d44        0x0 ../cnc_bsp/\libhal_bsp.a(alt_close.o)
 .data          0x01008d44      0x1a8 ../cnc_bsp/\libhal_bsp.a(alt_dev.o)
                0x01008d44                alt_dev_null
                0x01008d6c                alt_fd_list
 .data          0x01008eec        0x0 ../cnc_bsp/\libhal_bsp.a(alt_errno.o)
 .data          0x01008eec        0x0 ../cnc_bsp/\libhal_bsp.a(alt_fstat.o)
 .data          0x01008eec        0x0 ../cnc_bsp/\libhal_bsp.a(alt_irq_register.o)
 .data          0x01008eec        0x0 ../cnc_bsp/\libhal_bsp.a(alt_irq_vars.o)
 .data          0x01008eec        0x0 ../cnc_bsp/\libhal_bsp.a(alt_isatty.o)
 .data          0x01008eec        0x0 ../cnc_bsp/\libhal_bsp.a(alt_lseek.o)
 .data          0x01008eec        0x0 ../cnc_bsp/\libhal_bsp.a(alt_main.o)
 .data          0x01008eec        0x0 ../cnc_bsp/\libhal_bsp.a(alt_malloc_lock.o)
 .data          0x01008eec        0x0 ../cnc_bsp/\libhal_bsp.a(alt_read.o)
 .data          0x01008eec        0x0 ../cnc_bsp/\libhal_bsp.a(alt_release_fd.o)
 .data          0x01008eec        0x0 ../cnc_bsp/\libhal_bsp.a(alt_sbrk.o)
 .data          0x01008eec        0x0 ../cnc_bsp/\libhal_bsp.a(alt_usleep.o)
 .data          0x01008eec        0x0 ../cnc_bsp/\libhal_bsp.a(alt_write.o)
 .data          0x01008eec     0x13e4 ../cnc_bsp/\libhal_bsp.a(alt_sys_init.o)
 .data          0x0100a2d0        0x0 ../cnc_bsp/\libhal_bsp.a(altera_avalon_cfi_flash.o)
 .data          0x0100a2d0        0x0 ../cnc_bsp/\libhal_bsp.a(altera_avalon_cfi_flash_table.o)
 .data          0x0100a2d0        0x0 ../cnc_bsp/\libhal_bsp.a(altera_avalon_epcs_flash_controller.o)
 .data          0x0100a2d0        0x0 ../cnc_bsp/\libhal_bsp.a(altera_avalon_jtag_uart_fd.o)
 .data          0x0100a2d0        0x0 ../cnc_bsp/\libhal_bsp.a(altera_avalon_jtag_uart_init.o)
 .data          0x0100a2d0        0x0 ../cnc_bsp/\libhal_bsp.a(altera_avalon_jtag_uart_ioctl.o)
 .data          0x0100a2d0        0x0 ../cnc_bsp/\libhal_bsp.a(altera_avalon_jtag_uart_read.o)
 .data          0x0100a2d0        0x0 ../cnc_bsp/\libhal_bsp.a(altera_avalon_jtag_uart_write.o)
 .data          0x0100a2d0        0x0 ../cnc_bsp/\libhal_bsp.a(altera_avalon_lcd_16207.o)
 .data          0x0100a2d0        0x0 ../cnc_bsp/\libhal_bsp.a(altera_avalon_lcd_16207_fd.o)
 .data          0x0100a2d0        0x0 ../cnc_bsp/\libhal_bsp.a(altera_avalon_timer_sc.o)
 .data          0x0100a2d0        0x0 ../cnc_bsp/\libhal_bsp.a(altera_avalon_uart_fd.o)
 .data          0x0100a2d0        0x0 ../cnc_bsp/\libhal_bsp.a(altera_avalon_uart_init.o)
 .data          0x0100a2d0        0x0 ../cnc_bsp/\libhal_bsp.a(altera_avalon_uart_read.o)
 .data          0x0100a2d0        0x0 ../cnc_bsp/\libhal_bsp.a(altera_avalon_uart_write.o)
 .data          0x0100a2d0        0x0 ../cnc_bsp/\libhal_bsp.a(epcs_commands.o)
 .data          0x0100a2d0        0x0 ../cnc_bsp/\libhal_bsp.a(alt_alarm_start.o)
 .data          0x0100a2d0        0x0 ../cnc_bsp/\libhal_bsp.a(alt_busy_sleep.o)
 .data          0x0100a2d0        0x0 ../cnc_bsp/\libhal_bsp.a(alt_dcache_flush.o)
 .data          0x0100a2d0        0x0 ../cnc_bsp/\libhal_bsp.a(alt_dev_llist_insert.o)
 .data          0x0100a2d0        0x0 ../cnc_bsp/\libhal_bsp.a(alt_do_ctors.o)
 .data          0x0100a2d0        0x0 ../cnc_bsp/\libhal_bsp.a(alt_do_dtors.o)
 .data          0x0100a2d0        0x0 ../cnc_bsp/\libhal_bsp.a(alt_flash_dev.o)
 .data          0x0100a2d0        0x0 ../cnc_bsp/\libhal_bsp.a(alt_iic.o)
 .data          0x0100a2d0        0x0 ../cnc_bsp/\libhal_bsp.a(alt_iic_isr_register.o)
 .data          0x0100a2d0        0x0 ../cnc_bsp/\libhal_bsp.a(alt_io_redirect.o)
 .data          0x0100a2d0        0x0 ../cnc_bsp/\libhal_bsp.a(alt_irq_entry.o)
 .data          0x0100a2d0        0x0 ../cnc_bsp/\libhal_bsp.a(alt_irq_handler.o)
 .data          0x0100a2d0        0x0 ../cnc_bsp/\libhal_bsp.a(alt_open.o)
 .data          0x0100a2d0        0x0 ../cnc_bsp/\libhal_bsp.a(alt_tick.o)
 .data          0x0100a2d0        0x0 ../cnc_bsp/\libhal_bsp.a(altera_nios2_qsys_irq.o)
 .data          0x0100a2d0        0x0 ../cnc_bsp/\libhal_bsp.a(altera_avalon_cfi_flash_amd.o)
 .data          0x0100a2d0        0x0 ../cnc_bsp/\libhal_bsp.a(altera_avalon_cfi_flash_intel.o)
 .data          0x0100a2d0        0x0 ../cnc_bsp/\libhal_bsp.a(altera_avalon_spi.o)
 .data          0x0100a2d0        0x0 ../cnc_bsp/\libhal_bsp.a(alt_exception_entry.o)
 .data          0x0100a2d0        0x0 ../cnc_bsp/\libhal_bsp.a(alt_find_dev.o)
 .data          0x0100a2d0        0x0 ../cnc_bsp/\libhal_bsp.a(alt_find_file.o)
 .data          0x0100a2d0        0x0 ../cnc_bsp/\libhal_bsp.a(alt_get_fd.o)
 .data          0x0100a2d0        0x0 c:/altera/13.0sp1/nios2eds/bin/gnu/h-i686-mingw32/bin/../lib/gcc/nios2-elf/4.1.2/../../../../nios2-elf/lib/mno-hw-mul\libc.a(lib_a-atexit.o)
 .data          0x0100a2d0        0x0 c:/altera/13.0sp1/nios2eds/bin/gnu/h-i686-mingw32/bin/../lib/gcc/nios2-elf/4.1.2/../../../../nios2-elf/lib/mno-hw-mul\libc.a(lib_a-ctype_.o)
 .data          0x0100a2d0        0x0 c:/altera/13.0sp1/nios2eds/bin/gnu/h-i686-mingw32/bin/../lib/gcc/nios2-elf/4.1.2/../../../../nios2-elf/lib/mno-hw-mul\libc.a(lib_a-exit.o)
 .data          0x0100a2d0        0x0 c:/altera/13.0sp1/nios2eds/bin/gnu/h-i686-mingw32/bin/../lib/gcc/nios2-elf/4.1.2/../../../../nios2-elf/lib/mno-hw-mul\libc.a(lib_a-memcmp.o)
 .data          0x0100a2d0        0x0 c:/altera/13.0sp1/nios2eds/bin/gnu/h-i686-mingw32/bin/../lib/gcc/nios2-elf/4.1.2/../../../../nios2-elf/lib/mno-hw-mul\libc.a(lib_a-__atexit.o)
 .data          0x0100a2d0        0x0 c:/altera/13.0sp1/nios2eds/bin/gnu/h-i686-mingw32/bin/../lib/gcc/nios2-elf/4.1.2/../../../../nios2-elf/lib/mno-hw-mul\libc.a(lib_a-__call_atexit.o)
 .data          0x0100a2d0        0x0 c:/altera/13.0sp1/nios2eds/bin/gnu/h-i686-mingw32/bin/../lib/gcc/nios2-elf/4.1.2/mno-hw-mul\libgcc.a(lib2-divmod.o)
 .data          0x0100a2d0        0x0 ../cnc_bsp/\libhal_bsp.a(alt_exit.o)
                0x010122d0                _gp = ABSOLUTE ((. + 0x8000))
                0x010122d0                PROVIDE (gp, _gp)
 *(.rwdata .rwdata.*)
 *(.sdata .sdata.* .gnu.linkonce.s.*)
 .sdata         0x0100a2d0        0x6 obj/default/hello_led.o
                0x0100a2d0                ether_addr
 *fill*         0x0100a2d6        0x2 00
 .sdata         0x0100a2d8        0x8 c:/altera/13.0sp1/nios2eds/bin/gnu/h-i686-mingw32/bin/../lib/gcc/nios2-elf/4.1.2/../../../../nios2-elf/lib/mno-hw-mul\libc.a(lib_a-impure.o)
                0x0100a2d8                _impure_ptr
                0x0100a2dc                _global_impure_ptr
 .sdata         0x0100a2e0        0x8 c:/altera/13.0sp1/nios2eds/bin/gnu/h-i686-mingw32/bin/../lib/gcc/nios2-elf/4.1.2/../../../../nios2-elf/lib/mno-hw-mul\libc.a(lib_a-mallocr.o)
                0x0100a2e0                __malloc_trim_threshold
                0x0100a2e4                __malloc_sbrk_base
 .sdata         0x0100a2e8       0x14 ../cnc_bsp/\libhal_bsp.a(alt_dev.o)
                0x0100a2e8                alt_fs_list
                0x0100a2f0                alt_dev_list
                0x0100a2f8                alt_max_fd
 .sdata         0x0100a2fc        0x4 ../cnc_bsp/\libhal_bsp.a(alt_errno.o)
                0x0100a2fc                alt_errno
 .sdata         0x0100a300        0x4 ../cnc_bsp/\libhal_bsp.a(alt_irq_vars.o)
                0x0100a300                alt_priority_mask
 .sdata         0x0100a304        0x4 ../cnc_bsp/\libhal_bsp.a(alt_sbrk.o)
 .sdata         0x0100a308        0x4 ../cnc_bsp/\libhal_bsp.a(altera_avalon_lcd_16207.o)
 .sdata         0x0100a30c        0x8 ../cnc_bsp/\libhal_bsp.a(alt_flash_dev.o)
                0x0100a30c                alt_flash_dev_list
 .sdata         0x0100a314        0x8 ../cnc_bsp/\libhal_bsp.a(alt_tick.o)
                0x0100a314                alt_alarm_list
 .sdata         0x0100a31c        0x4 c:/altera/13.0sp1/nios2eds/bin/gnu/h-i686-mingw32/bin/../lib/gcc/nios2-elf/4.1.2/../../../../nios2-elf/lib/mno-hw-mul\libc.a(lib_a-ctype_.o)
                0x0100a31c                __ctype_ptr
 *(.sdata2 .sdata2.* .gnu.linkonce.s2.*)
                0x0100a320                . = ALIGN (0x4)
                0x0100a320                _edata = ABSOLUTE (.)
                0x0100a320                PROVIDE (edata, ABSOLUTE (.))
                0x0100a320                PROVIDE (__ram_rwdata_end, ABSOLUTE (.))
                0x01008514                PROVIDE (__flash_rwdata_start, LOADADDR (.rwdata))

.bss            0x0100a320      0x4f4
                0x0100a320                __bss_start = ABSOLUTE (.)
                0x0100a320                PROVIDE (__sbss_start, ABSOLUTE (.))
                0x0100a320                PROVIDE (___sbss_start, ABSOLUTE (.))
 *(.dynsbss)
 *(.sbss .sbss.* .gnu.linkonce.sb.*)
 .sbss          0x0100a320        0x4 obj/default/hello_led.o
                0x0100a320                to_send
 .sbss          0x0100a324       0x10 obj/default/hello_led.o
                0x0100a324                aaa
                0x0100a328                packet_num
                0x0100a32c                i
                0x0100a330                rx_len
 .sbss          0x0100a334        0xc c:/altera/13.0sp1/nios2eds/bin/gnu/h-i686-mingw32/bin/../lib/gcc/nios2-elf/4.1.2/../../../../nios2-elf/lib/mno-hw-mul\libc.a(lib_a-mallocr.o)
                0x0100a334                __malloc_top_pad
                0x0100a338                __malloc_max_sbrked_mem
                0x0100a33c                __malloc_max_total_mem
 .sbss          0x0100a340        0x4 c:/altera/13.0sp1/nios2eds/bin/gnu/h-i686-mingw32/bin/../lib/gcc/nios2-elf/4.1.2/../../../../nios2-elf/lib/mno-hw-mul\libc.a(lib_a-int_errno.o)
                0x0100a340                errno
 .sbss          0x0100a344        0x4 ../cnc_bsp/\libhal_bsp.a(alt_irq_vars.o)
                0x0100a344                alt_irq_active
 .sbss          0x0100a348        0xc ../cnc_bsp/\libhal_bsp.a(alt_main.o)
                0x0100a348                alt_argc
                0x0100a34c                alt_argv
                0x0100a350                alt_envp
 .sbss          0x0100a354        0x8 ../cnc_bsp/\libhal_bsp.a(alt_tick.o)
                0x0100a354                _alt_tick_rate
                0x0100a358                _alt_nticks
 *(.sbss2 .sbss2.* .gnu.linkonce.sb2.*)
 *(.scommon)
                0x0100a35c                PROVIDE (__sbss_end, ABSOLUTE (.))
                0x0100a35c                PROVIDE (___sbss_end, ABSOLUTE (.))
 *(.dynbss)
 *(.bss .bss.* .gnu.linkonce.b.*)
 .bss           0x0100a35c        0x0 ../cnc_bsp//obj/HAL/src/crt0.o
 .bss           0x0100a35c        0x0 obj/default/LCD.o
 .bss           0x0100a35c        0x0 obj/default/Test.o
 .bss           0x0100a35c        0x0 obj/default/hello_led.o
 .bss           0x0100a35c        0x0 c:/altera/13.0sp1/nios2eds/bin/gnu/h-i686-mingw32/bin/../lib/gcc/nios2-elf/4.1.2/mno-hw-mul\libgcc.a(lib2-mul.o)
 .bss           0x0100a35c        0x0 c:/altera/13.0sp1/nios2eds/bin/gnu/h-i686-mingw32/bin/../lib/gcc/nios2-elf/4.1.2/../../../../nios2-elf/lib/mno-hw-mul\libc.a(lib_a-puts.o)
 .bss           0x0100a35c        0x0 c:/altera/13.0sp1/nios2eds/bin/gnu/h-i686-mingw32/bin/../lib/gcc/nios2-elf/4.1.2/../../../../nios2-elf/lib/mno-hw-mul\libc.a(lib_a-strlen.o)
 .bss           0x0100a35c        0x0 c:/altera/13.0sp1/nios2eds/bin/gnu/h-i686-mingw32/bin/../lib/gcc/nios2-elf/4.1.2/../../../../nios2-elf/lib/mno-hw-mul\libc.a(lib_a-fvwrite.o)
 .bss           0x0100a35c        0x0 c:/altera/13.0sp1/nios2eds/bin/gnu/h-i686-mingw32/bin/../lib/gcc/nios2-elf/4.1.2/../../../../nios2-elf/lib/mno-hw-mul\libc.a(lib_a-impure.o)
 .bss           0x0100a35c       0x28 c:/altera/13.0sp1/nios2eds/bin/gnu/h-i686-mingw32/bin/../lib/gcc/nios2-elf/4.1.2/../../../../nios2-elf/lib/mno-hw-mul\libc.a(lib_a-mallocr.o)
                0x0100a35c                __malloc_current_mallinfo
 .bss           0x0100a384        0x0 c:/altera/13.0sp1/nios2eds/bin/gnu/h-i686-mingw32/bin/../lib/gcc/nios2-elf/4.1.2/../../../../nios2-elf/lib/mno-hw-mul\libc.a(lib_a-memchr.o)
 .bss           0x0100a384        0x0 c:/altera/13.0sp1/nios2eds/bin/gnu/h-i686-mingw32/bin/../lib/gcc/nios2-elf/4.1.2/../../../../nios2-elf/lib/mno-hw-mul\libc.a(lib_a-memcpy.o)
 .bss           0x0100a384        0x0 c:/altera/13.0sp1/nios2eds/bin/gnu/h-i686-mingw32/bin/../lib/gcc/nios2-elf/4.1.2/../../../../nios2-elf/lib/mno-hw-mul\libc.a(lib_a-memmove.o)
 .bss           0x0100a384        0x0 c:/altera/13.0sp1/nios2eds/bin/gnu/h-i686-mingw32/bin/../lib/gcc/nios2-elf/4.1.2/../../../../nios2-elf/lib/mno-hw-mul\libc.a(lib_a-reallocr.o)
 .bss           0x0100a384        0x0 c:/altera/13.0sp1/nios2eds/bin/gnu/h-i686-mingw32/bin/../lib/gcc/nios2-elf/4.1.2/../../../../nios2-elf/lib/mno-hw-mul\libc.a(lib_a-sbrkr.o)
 .bss           0x0100a384        0x0 c:/altera/13.0sp1/nios2eds/bin/gnu/h-i686-mingw32/bin/../lib/gcc/nios2-elf/4.1.2/../../../../nios2-elf/lib/mno-hw-mul\libc.a(lib_a-wsetup.o)
 .bss           0x0100a384        0x0 c:/altera/13.0sp1/nios2eds/bin/gnu/h-i686-mingw32/bin/../lib/gcc/nios2-elf/4.1.2/../../../../nios2-elf/lib/mno-hw-mul\libc.a(lib_a-fflush.o)
 .bss           0x0100a384        0x0 c:/altera/13.0sp1/nios2eds/bin/gnu/h-i686-mingw32/bin/../lib/gcc/nios2-elf/4.1.2/../../../../nios2-elf/lib/mno-hw-mul\libc.a(lib_a-findfp.o)
 .bss           0x0100a384        0x0 c:/altera/13.0sp1/nios2eds/bin/gnu/h-i686-mingw32/bin/../lib/gcc/nios2-elf/4.1.2/../../../../nios2-elf/lib/mno-hw-mul\libc.a(lib_a-freer.o)
 .bss           0x0100a384        0x0 c:/altera/13.0sp1/nios2eds/bin/gnu/h-i686-mingw32/bin/../lib/gcc/nios2-elf/4.1.2/../../../../nios2-elf/lib/mno-hw-mul\libc.a(lib_a-fwalk.o)
 .bss           0x0100a384        0x0 c:/altera/13.0sp1/nios2eds/bin/gnu/h-i686-mingw32/bin/../lib/gcc/nios2-elf/4.1.2/../../../../nios2-elf/lib/mno-hw-mul\libc.a(lib_a-int_errno.o)
 .bss           0x0100a384        0x0 c:/altera/13.0sp1/nios2eds/bin/gnu/h-i686-mingw32/bin/../lib/gcc/nios2-elf/4.1.2/../../../../nios2-elf/lib/mno-hw-mul\libc.a(lib_a-makebuf.o)
 .bss           0x0100a384        0x0 c:/altera/13.0sp1/nios2eds/bin/gnu/h-i686-mingw32/bin/../lib/gcc/nios2-elf/4.1.2/../../../../nios2-elf/lib/mno-hw-mul\libc.a(lib_a-memset.o)
 .bss           0x0100a384        0x0 c:/altera/13.0sp1/nios2eds/bin/gnu/h-i686-mingw32/bin/../lib/gcc/nios2-elf/4.1.2/../../../../nios2-elf/lib/mno-hw-mul\libc.a(lib_a-stdio.o)
 .bss           0x0100a384        0x0 c:/altera/13.0sp1/nios2eds/bin/gnu/h-i686-mingw32/bin/../lib/gcc/nios2-elf/4.1.2/../../../../nios2-elf/lib/mno-hw-mul\libc.a(lib_a-writer.o)
 .bss           0x0100a384        0x0 c:/altera/13.0sp1/nios2eds/bin/gnu/h-i686-mingw32/bin/../lib/gcc/nios2-elf/4.1.2/../../../../nios2-elf/lib/mno-hw-mul\libc.a(lib_a-closer.o)
 .bss           0x0100a384        0x0 c:/altera/13.0sp1/nios2eds/bin/gnu/h-i686-mingw32/bin/../lib/gcc/nios2-elf/4.1.2/../../../../nios2-elf/lib/mno-hw-mul\libc.a(lib_a-fclose.o)
 .bss           0x0100a384        0x0 c:/altera/13.0sp1/nios2eds/bin/gnu/h-i686-mingw32/bin/../lib/gcc/nios2-elf/4.1.2/../../../../nios2-elf/lib/mno-hw-mul\libc.a(lib_a-fstatr.o)
 .bss           0x0100a384        0x0 c:/altera/13.0sp1/nios2eds/bin/gnu/h-i686-mingw32/bin/../lib/gcc/nios2-elf/4.1.2/../../../../nios2-elf/lib/mno-hw-mul\libc.a(lib_a-isattyr.o)
 .bss           0x0100a384        0x0 c:/altera/13.0sp1/nios2eds/bin/gnu/h-i686-mingw32/bin/../lib/gcc/nios2-elf/4.1.2/../../../../nios2-elf/lib/mno-hw-mul\libc.a(lib_a-lseekr.o)
 .bss           0x0100a384        0x0 c:/altera/13.0sp1/nios2eds/bin/gnu/h-i686-mingw32/bin/../lib/gcc/nios2-elf/4.1.2/../../../../nios2-elf/lib/mno-hw-mul\libc.a(lib_a-readr.o)
 .bss           0x0100a384        0x0 ../cnc_bsp/\libhal_bsp.a(alt_close.o)
 .bss           0x0100a384        0x0 ../cnc_bsp/\libhal_bsp.a(alt_dev.o)
 .bss           0x0100a384        0x0 ../cnc_bsp/\libhal_bsp.a(alt_errno.o)
 .bss           0x0100a384        0x0 ../cnc_bsp/\libhal_bsp.a(alt_fstat.o)
 .bss           0x0100a384        0x0 ../cnc_bsp/\libhal_bsp.a(alt_irq_register.o)
 .bss           0x0100a384        0x0 ../cnc_bsp/\libhal_bsp.a(alt_irq_vars.o)
 .bss           0x0100a384        0x0 ../cnc_bsp/\libhal_bsp.a(alt_isatty.o)
 .bss           0x0100a384        0x0 ../cnc_bsp/\libhal_bsp.a(alt_lseek.o)
 .bss           0x0100a384        0x0 ../cnc_bsp/\libhal_bsp.a(alt_main.o)
 .bss           0x0100a384        0x0 ../cnc_bsp/\libhal_bsp.a(alt_malloc_lock.o)
 .bss           0x0100a384        0x0 ../cnc_bsp/\libhal_bsp.a(alt_read.o)
 .bss           0x0100a384        0x0 ../cnc_bsp/\libhal_bsp.a(alt_release_fd.o)
 .bss           0x0100a384        0x0 ../cnc_bsp/\libhal_bsp.a(alt_sbrk.o)
 .bss           0x0100a384        0x0 ../cnc_bsp/\libhal_bsp.a(alt_usleep.o)
 .bss           0x0100a384        0x0 ../cnc_bsp/\libhal_bsp.a(alt_write.o)
 .bss           0x0100a384        0x0 ../cnc_bsp/\libhal_bsp.a(alt_sys_init.o)
 .bss           0x0100a384        0x0 ../cnc_bsp/\libhal_bsp.a(altera_avalon_cfi_flash.o)
 .bss           0x0100a384        0x0 ../cnc_bsp/\libhal_bsp.a(altera_avalon_cfi_flash_table.o)
 .bss           0x0100a384        0x0 ../cnc_bsp/\libhal_bsp.a(altera_avalon_epcs_flash_controller.o)
 .bss           0x0100a384        0x0 ../cnc_bsp/\libhal_bsp.a(altera_avalon_jtag_uart_fd.o)
 .bss           0x0100a384        0x0 ../cnc_bsp/\libhal_bsp.a(altera_avalon_jtag_uart_init.o)
 .bss           0x0100a384        0x0 ../cnc_bsp/\libhal_bsp.a(altera_avalon_jtag_uart_ioctl.o)
 .bss           0x0100a384        0x0 ../cnc_bsp/\libhal_bsp.a(altera_avalon_jtag_uart_read.o)
 .bss           0x0100a384        0x0 ../cnc_bsp/\libhal_bsp.a(altera_avalon_jtag_uart_write.o)
 .bss           0x0100a384        0x0 ../cnc_bsp/\libhal_bsp.a(altera_avalon_lcd_16207.o)
 .bss           0x0100a384        0x0 ../cnc_bsp/\libhal_bsp.a(altera_avalon_lcd_16207_fd.o)
 .bss           0x0100a384        0x0 ../cnc_bsp/\libhal_bsp.a(altera_avalon_timer_sc.o)
 .bss           0x0100a384        0x0 ../cnc_bsp/\libhal_bsp.a(altera_avalon_uart_fd.o)
 .bss           0x0100a384        0x0 ../cnc_bsp/\libhal_bsp.a(altera_avalon_uart_init.o)
 .bss           0x0100a384        0x0 ../cnc_bsp/\libhal_bsp.a(altera_avalon_uart_read.o)
 .bss           0x0100a384        0x0 ../cnc_bsp/\libhal_bsp.a(altera_avalon_uart_write.o)
 .bss           0x0100a384        0x0 ../cnc_bsp/\libhal_bsp.a(epcs_commands.o)
 .bss           0x0100a384        0x0 ../cnc_bsp/\libhal_bsp.a(alt_alarm_start.o)
 .bss           0x0100a384        0x0 ../cnc_bsp/\libhal_bsp.a(alt_busy_sleep.o)
 .bss           0x0100a384        0x0 ../cnc_bsp/\libhal_bsp.a(alt_dcache_flush.o)
 .bss           0x0100a384        0x0 ../cnc_bsp/\libhal_bsp.a(alt_dev_llist_insert.o)
 .bss           0x0100a384        0x0 ../cnc_bsp/\libhal_bsp.a(alt_do_ctors.o)
 .bss           0x0100a384        0x0 ../cnc_bsp/\libhal_bsp.a(alt_do_dtors.o)
 .bss           0x0100a384        0x0 ../cnc_bsp/\libhal_bsp.a(alt_flash_dev.o)
 .bss           0x0100a384        0x0 ../cnc_bsp/\libhal_bsp.a(alt_iic.o)
 .bss           0x0100a384        0x0 ../cnc_bsp/\libhal_bsp.a(alt_iic_isr_register.o)
 .bss           0x0100a384        0x0 ../cnc_bsp/\libhal_bsp.a(alt_io_redirect.o)
 .bss           0x0100a384        0x0 ../cnc_bsp/\libhal_bsp.a(alt_irq_entry.o)
 .bss           0x0100a384        0x0 ../cnc_bsp/\libhal_bsp.a(alt_irq_handler.o)
 .bss           0x0100a384        0x0 ../cnc_bsp/\libhal_bsp.a(alt_open.o)
 .bss           0x0100a384        0x0 ../cnc_bsp/\libhal_bsp.a(alt_tick.o)
 .bss           0x0100a384        0x0 ../cnc_bsp/\libhal_bsp.a(altera_nios2_qsys_irq.o)
 .bss           0x0100a384        0x0 ../cnc_bsp/\libhal_bsp.a(altera_avalon_cfi_flash_amd.o)
 .bss           0x0100a384        0x0 ../cnc_bsp/\libhal_bsp.a(altera_avalon_cfi_flash_intel.o)
 .bss           0x0100a384        0x0 ../cnc_bsp/\libhal_bsp.a(altera_avalon_spi.o)
 .bss           0x0100a384        0x0 ../cnc_bsp/\libhal_bsp.a(alt_exception_entry.o)
 .bss           0x0100a384        0x0 ../cnc_bsp/\libhal_bsp.a(alt_find_dev.o)
 .bss           0x0100a384        0x0 ../cnc_bsp/\libhal_bsp.a(alt_find_file.o)
 .bss           0x0100a384        0x0 ../cnc_bsp/\libhal_bsp.a(alt_get_fd.o)
 .bss           0x0100a384        0x0 c:/altera/13.0sp1/nios2eds/bin/gnu/h-i686-mingw32/bin/../lib/gcc/nios2-elf/4.1.2/../../../../nios2-elf/lib/mno-hw-mul\libc.a(lib_a-atexit.o)
 .bss           0x0100a384        0x0 c:/altera/13.0sp1/nios2eds/bin/gnu/h-i686-mingw32/bin/../lib/gcc/nios2-elf/4.1.2/../../../../nios2-elf/lib/mno-hw-mul\libc.a(lib_a-ctype_.o)
 .bss           0x0100a384        0x0 c:/altera/13.0sp1/nios2eds/bin/gnu/h-i686-mingw32/bin/../lib/gcc/nios2-elf/4.1.2/../../../../nios2-elf/lib/mno-hw-mul\libc.a(lib_a-exit.o)
 .bss           0x0100a384        0x0 c:/altera/13.0sp1/nios2eds/bin/gnu/h-i686-mingw32/bin/../lib/gcc/nios2-elf/4.1.2/../../../../nios2-elf/lib/mno-hw-mul\libc.a(lib_a-memcmp.o)
 .bss           0x0100a384        0x0 c:/altera/13.0sp1/nios2eds/bin/gnu/h-i686-mingw32/bin/../lib/gcc/nios2-elf/4.1.2/../../../../nios2-elf/lib/mno-hw-mul\libc.a(lib_a-__atexit.o)
 .bss           0x0100a384        0x0 c:/altera/13.0sp1/nios2eds/bin/gnu/h-i686-mingw32/bin/../lib/gcc/nios2-elf/4.1.2/../../../../nios2-elf/lib/mno-hw-mul\libc.a(lib_a-__call_atexit.o)
 .bss           0x0100a384        0x0 c:/altera/13.0sp1/nios2eds/bin/gnu/h-i686-mingw32/bin/../lib/gcc/nios2-elf/4.1.2/mno-hw-mul\libgcc.a(lib2-divmod.o)
 .bss           0x0100a384        0x0 ../cnc_bsp/\libhal_bsp.a(alt_exit.o)
 *(COMMON)
 COMMON         0x0100a384      0x200 obj/default/hello_led.o
                0x0100a384                RXT
 COMMON         0x0100a584      0x100 ../cnc_bsp/\libhal_bsp.a(alt_irq_handler.o)
                0x0100a584                alt_irq
 COMMON         0x0100a684      0x190 c:/altera/13.0sp1/nios2eds/bin/gnu/h-i686-mingw32/bin/../lib/gcc/nios2-elf/4.1.2/../../../../nios2-elf/lib/mno-hw-mul\libc.a(lib_a-atexit.o)
                0x0100a684                _atexit0
                0x0100a814                . = ALIGN (0x4)
                0x0100a814                __bss_end = ABSOLUTE (.)

.sram_0         0x00000184        0x0
                0x00000184                PROVIDE (_alt_partition_sram_0_start, ABSOLUTE (.))
 *(.sram_0. sram_0.*)
                0x00000184                . = ALIGN (0x4)
                0x00000184                PROVIDE (_alt_partition_sram_0_end, ABSOLUTE (.))
                0x00000184                PROVIDE (_alt_partition_sram_0_load_addr, LOADADDR (.sram_0))

.epcs_controller
                0x00081020        0x0
                0x00081020                PROVIDE (_alt_partition_epcs_controller_start, ABSOLUTE (.))
 *(.epcs_controller. epcs_controller.*)
                0x00081020                . = ALIGN (0x4)
                0x00081020                PROVIDE (_alt_partition_epcs_controller_end, ABSOLUTE (.))
                0x00081020                PROVIDE (_alt_partition_epcs_controller_load_addr, LOADADDR (.epcs_controller))

.sdram_0        0x0100a814        0x0
                0x0100a814                PROVIDE (_alt_partition_sdram_0_start, ABSOLUTE (.))
 *(.sdram_0. sdram_0.*)
                0x0100a814                . = ALIGN (0x4)
                0x0100a814                PROVIDE (_alt_partition_sdram_0_end, ABSOLUTE (.))
                0x0100a814                _end = ABSOLUTE (.)
                0x0100a814                end = ABSOLUTE (.)
                0x0100a814                __alt_stack_base = ABSOLUTE (.)
                0x0100a814                PROVIDE (_alt_partition_sdram_0_load_addr, LOADADDR (.sdram_0))

.cfi_flash_0    0x01800000        0x0
                0x01800000                PROVIDE (_alt_partition_cfi_flash_0_start, ABSOLUTE (.))
 *(.cfi_flash_0. cfi_flash_0.*)
                0x01800000                . = ALIGN (0x4)
                0x01800000                PROVIDE (_alt_partition_cfi_flash_0_end, ABSOLUTE (.))
                0x01800000                PROVIDE (_alt_partition_cfi_flash_0_load_addr, LOADADDR (.cfi_flash_0))

.stab
 *(.stab)

.stabstr
 *(.stabstr)

.stab.excl
 *(.stab.excl)

.stab.exclstr
 *(.stab.exclstr)

.stab.index
 *(.stab.index)

.stab.indexstr
 *(.stab.indexstr)

.comment        0x00000000       0x26
 *(.comment)
 .comment       0x00000000       0x26 obj/default/LCD.o
                                 0x27 (size before relaxing)
 .comment       0x00000000       0x27 obj/default/Test.o
 .comment       0x00000000       0x27 obj/default/hello_led.o
 .comment       0x00000000       0x27 c:/altera/13.0sp1/nios2eds/bin/gnu/h-i686-mingw32/bin/../lib/gcc/nios2-elf/4.1.2/mno-hw-mul\libgcc.a(lib2-mul.o)
 .comment       0x00000000       0x27 c:/altera/13.0sp1/nios2eds/bin/gnu/h-i686-mingw32/bin/../lib/gcc/nios2-elf/4.1.2/../../../../nios2-elf/lib/mno-hw-mul\libc.a(lib_a-puts.o)
 .comment       0x00000000       0x27 c:/altera/13.0sp1/nios2eds/bin/gnu/h-i686-mingw32/bin/../lib/gcc/nios2-elf/4.1.2/../../../../nios2-elf/lib/mno-hw-mul\libc.a(lib_a-strlen.o)
 .comment       0x00000000       0x27 c:/altera/13.0sp1/nios2eds/bin/gnu/h-i686-mingw32/bin/../lib/gcc/nios2-elf/4.1.2/../../../../nios2-elf/lib/mno-hw-mul\libc.a(lib_a-fvwrite.o)
 .comment       0x00000000       0x27 c:/altera/13.0sp1/nios2eds/bin/gnu/h-i686-mingw32/bin/../lib/gcc/nios2-elf/4.1.2/../../../../nios2-elf/lib/mno-hw-mul\libc.a(lib_a-impure.o)
 .comment       0x00000000       0x27 c:/altera/13.0sp1/nios2eds/bin/gnu/h-i686-mingw32/bin/../lib/gcc/nios2-elf/4.1.2/../../../../nios2-elf/lib/mno-hw-mul\libc.a(lib_a-mallocr.o)
 .comment       0x00000000       0x27 c:/altera/13.0sp1/nios2eds/bin/gnu/h-i686-mingw32/bin/../lib/gcc/nios2-elf/4.1.2/../../../../nios2-elf/lib/mno-hw-mul\libc.a(lib_a-memchr.o)
 .comment       0x00000000       0x27 c:/altera/13.0sp1/nios2eds/bin/gnu/h-i686-mingw32/bin/../lib/gcc/nios2-elf/4.1.2/../../../../nios2-elf/lib/mno-hw-mul\libc.a(lib_a-memcpy.o)
 .comment       0x00000000       0x27 c:/altera/13.0sp1/nios2eds/bin/gnu/h-i686-mingw32/bin/../lib/gcc/nios2-elf/4.1.2/../../../../nios2-elf/lib/mno-hw-mul\libc.a(lib_a-memmove.o)
 .comment       0x00000000       0x27 c:/altera/13.0sp1/nios2eds/bin/gnu/h-i686-mingw32/bin/../lib/gcc/nios2-elf/4.1.2/../../../../nios2-elf/lib/mno-hw-mul\libc.a(lib_a-reallocr.o)
 .comment       0x00000000       0x27 c:/altera/13.0sp1/nios2eds/bin/gnu/h-i686-mingw32/bin/../lib/gcc/nios2-elf/4.1.2/../../../../nios2-elf/lib/mno-hw-mul\libc.a(lib_a-sbrkr.o)
 .comment       0x00000000       0x27 c:/altera/13.0sp1/nios2eds/bin/gnu/h-i686-mingw32/bin/../lib/gcc/nios2-elf/4.1.2/../../../../nios2-elf/lib/mno-hw-mul\libc.a(lib_a-wsetup.o)
 .comment       0x00000000       0x27 c:/altera/13.0sp1/nios2eds/bin/gnu/h-i686-mingw32/bin/../lib/gcc/nios2-elf/4.1.2/../../../../nios2-elf/lib/mno-hw-mul\libc.a(lib_a-fflush.o)
 .comment       0x00000000       0x27 c:/altera/13.0sp1/nios2eds/bin/gnu/h-i686-mingw32/bin/../lib/gcc/nios2-elf/4.1.2/../../../../nios2-elf/lib/mno-hw-mul\libc.a(lib_a-findfp.o)
 .comment       0x00000000       0x27 c:/altera/13.0sp1/nios2eds/bin/gnu/h-i686-mingw32/bin/../lib/gcc/nios2-elf/4.1.2/../../../../nios2-elf/lib/mno-hw-mul\libc.a(lib_a-freer.o)
 .comment       0x00000000       0x27 c:/altera/13.0sp1/nios2eds/bin/gnu/h-i686-mingw32/bin/../lib/gcc/nios2-elf/4.1.2/../../../../nios2-elf/lib/mno-hw-mul\libc.a(lib_a-fwalk.o)
 .comment       0x00000000       0x27 c:/altera/13.0sp1/nios2eds/bin/gnu/h-i686-mingw32/bin/../lib/gcc/nios2-elf/4.1.2/../../../../nios2-elf/lib/mno-hw-mul\libc.a(lib_a-int_errno.o)
 .comment       0x00000000       0x27 c:/altera/13.0sp1/nios2eds/bin/gnu/h-i686-mingw32/bin/../lib/gcc/nios2-elf/4.1.2/../../../../nios2-elf/lib/mno-hw-mul\libc.a(lib_a-makebuf.o)
 .comment       0x00000000       0x27 c:/altera/13.0sp1/nios2eds/bin/gnu/h-i686-mingw32/bin/../lib/gcc/nios2-elf/4.1.2/../../../../nios2-elf/lib/mno-hw-mul\libc.a(lib_a-memset.o)
 .comment       0x00000000       0x27 c:/altera/13.0sp1/nios2eds/bin/gnu/h-i686-mingw32/bin/../lib/gcc/nios2-elf/4.1.2/../../../../nios2-elf/lib/mno-hw-mul\libc.a(lib_a-stdio.o)
 .comment       0x00000000       0x27 c:/altera/13.0sp1/nios2eds/bin/gnu/h-i686-mingw32/bin/../lib/gcc/nios2-elf/4.1.2/../../../../nios2-elf/lib/mno-hw-mul\libc.a(lib_a-writer.o)
 .comment       0x00000000       0x27 c:/altera/13.0sp1/nios2eds/bin/gnu/h-i686-mingw32/bin/../lib/gcc/nios2-elf/4.1.2/../../../../nios2-elf/lib/mno-hw-mul\libc.a(lib_a-closer.o)
 .comment       0x00000000       0x27 c:/altera/13.0sp1/nios2eds/bin/gnu/h-i686-mingw32/bin/../lib/gcc/nios2-elf/4.1.2/../../../../nios2-elf/lib/mno-hw-mul\libc.a(lib_a-fclose.o)
 .comment       0x00000000       0x27 c:/altera/13.0sp1/nios2eds/bin/gnu/h-i686-mingw32/bin/../lib/gcc/nios2-elf/4.1.2/../../../../nios2-elf/lib/mno-hw-mul\libc.a(lib_a-fstatr.o)
 .comment       0x00000000       0x27 c:/altera/13.0sp1/nios2eds/bin/gnu/h-i686-mingw32/bin/../lib/gcc/nios2-elf/4.1.2/../../../../nios2-elf/lib/mno-hw-mul\libc.a(lib_a-isattyr.o)
 .comment       0x00000000       0x27 c:/altera/13.0sp1/nios2eds/bin/gnu/h-i686-mingw32/bin/../lib/gcc/nios2-elf/4.1.2/../../../../nios2-elf/lib/mno-hw-mul\libc.a(lib_a-lseekr.o)
 .comment       0x00000000       0x27 c:/altera/13.0sp1/nios2eds/bin/gnu/h-i686-mingw32/bin/../lib/gcc/nios2-elf/4.1.2/../../../../nios2-elf/lib/mno-hw-mul\libc.a(lib_a-readr.o)
 .comment       0x00000000       0x27 ../cnc_bsp/\libhal_bsp.a(alt_close.o)
 .comment       0x00000000       0x27 ../cnc_bsp/\libhal_bsp.a(alt_dev.o)
 .comment       0x00000000       0x27 ../cnc_bsp/\libhal_bsp.a(alt_errno.o)
 .comment       0x00000000       0x27 ../cnc_bsp/\libhal_bsp.a(alt_fstat.o)
 .comment       0x00000000       0x27 ../cnc_bsp/\libhal_bsp.a(alt_irq_register.o)
 .comment       0x00000000       0x27 ../cnc_bsp/\libhal_bsp.a(alt_irq_vars.o)
 .comment       0x00000000       0x27 ../cnc_bsp/\libhal_bsp.a(alt_isatty.o)
 .comment       0x00000000       0x27 ../cnc_bsp/\libhal_bsp.a(alt_lseek.o)
 .comment       0x00000000       0x27 ../cnc_bsp/\libhal_bsp.a(alt_main.o)
 .comment       0x00000000       0x27 ../cnc_bsp/\libhal_bsp.a(alt_malloc_lock.o)
 .comment       0x00000000       0x27 ../cnc_bsp/\libhal_bsp.a(alt_read.o)
 .comment       0x00000000       0x27 ../cnc_bsp/\libhal_bsp.a(alt_release_fd.o)
 .comment       0x00000000       0x27 ../cnc_bsp/\libhal_bsp.a(alt_sbrk.o)
 .comment       0x00000000       0x27 ../cnc_bsp/\libhal_bsp.a(alt_usleep.o)
 .comment       0x00000000       0x27 ../cnc_bsp/\libhal_bsp.a(alt_write.o)
 .comment       0x00000000       0x27 ../cnc_bsp/\libhal_bsp.a(alt_sys_init.o)
 .comment       0x00000000       0x27 ../cnc_bsp/\libhal_bsp.a(altera_avalon_cfi_flash.o)
 .comment       0x00000000       0x27 ../cnc_bsp/\libhal_bsp.a(altera_avalon_cfi_flash_table.o)
 .comment       0x00000000       0x27 ../cnc_bsp/\libhal_bsp.a(altera_avalon_epcs_flash_controller.o)
 .comment       0x00000000       0x27 ../cnc_bsp/\libhal_bsp.a(altera_avalon_jtag_uart_fd.o)
 .comment       0x00000000       0x27 ../cnc_bsp/\libhal_bsp.a(altera_avalon_jtag_uart_init.o)
 .comment       0x00000000       0x27 ../cnc_bsp/\libhal_bsp.a(altera_avalon_jtag_uart_ioctl.o)
 .comment       0x00000000       0x27 ../cnc_bsp/\libhal_bsp.a(altera_avalon_jtag_uart_read.o)
 .comment       0x00000000       0x27 ../cnc_bsp/\libhal_bsp.a(altera_avalon_jtag_uart_write.o)
 .comment       0x00000000       0x27 ../cnc_bsp/\libhal_bsp.a(altera_avalon_lcd_16207.o)
 .comment       0x00000000       0x27 ../cnc_bsp/\libhal_bsp.a(altera_avalon_lcd_16207_fd.o)
 .comment       0x00000000       0x27 ../cnc_bsp/\libhal_bsp.a(altera_avalon_timer_sc.o)
 .comment       0x00000000       0x27 ../cnc_bsp/\libhal_bsp.a(altera_avalon_uart_fd.o)
 .comment       0x00000000       0x27 ../cnc_bsp/\libhal_bsp.a(altera_avalon_uart_init.o)
 .comment       0x00000000       0x27 ../cnc_bsp/\libhal_bsp.a(altera_avalon_uart_read.o)
 .comment       0x00000000       0x27 ../cnc_bsp/\libhal_bsp.a(altera_avalon_uart_write.o)
 .comment       0x00000000       0x27 ../cnc_bsp/\libhal_bsp.a(epcs_commands.o)
 .comment       0x00000000       0x27 ../cnc_bsp/\libhal_bsp.a(alt_alarm_start.o)
 .comment       0x00000000       0x27 ../cnc_bsp/\libhal_bsp.a(alt_busy_sleep.o)
 .comment       0x00000000       0x27 ../cnc_bsp/\libhal_bsp.a(alt_dcache_flush.o)
 .comment       0x00000000       0x27 ../cnc_bsp/\libhal_bsp.a(alt_dev_llist_insert.o)
 .comment       0x00000000       0x27 ../cnc_bsp/\libhal_bsp.a(alt_do_ctors.o)
 .comment       0x00000000       0x27 ../cnc_bsp/\libhal_bsp.a(alt_do_dtors.o)
 .comment       0x00000000       0x27 ../cnc_bsp/\libhal_bsp.a(alt_flash_dev.o)
 .comment       0x00000000       0x27 ../cnc_bsp/\libhal_bsp.a(alt_iic.o)
 .comment       0x00000000       0x27 ../cnc_bsp/\libhal_bsp.a(alt_iic_isr_register.o)
 .comment       0x00000000       0x27 ../cnc_bsp/\libhal_bsp.a(alt_io_redirect.o)
 .comment       0x00000000       0x27 ../cnc_bsp/\libhal_bsp.a(alt_irq_handler.o)
 .comment       0x00000000       0x27 ../cnc_bsp/\libhal_bsp.a(alt_open.o)
 .comment       0x00000000       0x27 ../cnc_bsp/\libhal_bsp.a(alt_tick.o)
 .comment       0x00000000       0x27 ../cnc_bsp/\libhal_bsp.a(altera_nios2_qsys_irq.o)
 .comment       0x00000000       0x27 ../cnc_bsp/\libhal_bsp.a(altera_avalon_cfi_flash_amd.o)
 .comment       0x00000000       0x27 ../cnc_bsp/\libhal_bsp.a(altera_avalon_cfi_flash_intel.o)
 .comment       0x00000000       0x27 ../cnc_bsp/\libhal_bsp.a(altera_avalon_spi.o)
 .comment       0x00000000       0x27 ../cnc_bsp/\libhal_bsp.a(alt_find_dev.o)
 .comment       0x00000000       0x27 ../cnc_bsp/\libhal_bsp.a(alt_find_file.o)
 .comment       0x00000000       0x27 ../cnc_bsp/\libhal_bsp.a(alt_get_fd.o)
 .comment       0x00000000       0x27 c:/altera/13.0sp1/nios2eds/bin/gnu/h-i686-mingw32/bin/../lib/gcc/nios2-elf/4.1.2/../../../../nios2-elf/lib/mno-hw-mul\libc.a(lib_a-atexit.o)
 .comment       0x00000000       0x27 c:/altera/13.0sp1/nios2eds/bin/gnu/h-i686-mingw32/bin/../lib/gcc/nios2-elf/4.1.2/../../../../nios2-elf/lib/mno-hw-mul\libc.a(lib_a-ctype_.o)
 .comment       0x00000000       0x27 c:/altera/13.0sp1/nios2eds/bin/gnu/h-i686-mingw32/bin/../lib/gcc/nios2-elf/4.1.2/../../../../nios2-elf/lib/mno-hw-mul\libc.a(lib_a-exit.o)
 .comment       0x00000000       0x27 c:/altera/13.0sp1/nios2eds/bin/gnu/h-i686-mingw32/bin/../lib/gcc/nios2-elf/4.1.2/../../../../nios2-elf/lib/mno-hw-mul\libc.a(lib_a-memcmp.o)
 .comment       0x00000000       0x27 c:/altera/13.0sp1/nios2eds/bin/gnu/h-i686-mingw32/bin/../lib/gcc/nios2-elf/4.1.2/../../../../nios2-elf/lib/mno-hw-mul\libc.a(lib_a-__atexit.o)
 .comment       0x00000000       0x27 c:/altera/13.0sp1/nios2eds/bin/gnu/h-i686-mingw32/bin/../lib/gcc/nios2-elf/4.1.2/../../../../nios2-elf/lib/mno-hw-mul\libc.a(lib_a-__call_atexit.o)
 .comment       0x00000000       0x27 c:/altera/13.0sp1/nios2eds/bin/gnu/h-i686-mingw32/bin/../lib/gcc/nios2-elf/4.1.2/mno-hw-mul\libgcc.a(lib2-divmod.o)
 .comment       0x00000000       0x27 ../cnc_bsp/\libhal_bsp.a(alt_exit.o)

.debug
 *(.debug)

.line
 *(.line)

.debug_srcinfo
 *(.debug_srcinfo)

.debug_sfnames
 *(.debug_sfnames)

.debug_aranges  0x00000000      0xad0
 *(.debug_aranges)
 .debug_aranges
                0x00000000       0x20 ../cnc_bsp//obj/HAL/src/crt0.o
 .debug_aranges
                0x00000020       0x20 c:/altera/13.0sp1/nios2eds/bin/gnu/h-i686-mingw32/bin/../lib/gcc/nios2-elf/4.1.2/mno-hw-mul\libgcc.a(lib2-mul.o)
 .debug_aranges
                0x00000040       0x20 c:/altera/13.0sp1/nios2eds/bin/gnu/h-i686-mingw32/bin/../lib/gcc/nios2-elf/4.1.2/../../../../nios2-elf/lib/mno-hw-mul\libc.a(lib_a-puts.o)
 .debug_aranges
                0x00000060       0x20 c:/altera/13.0sp1/nios2eds/bin/gnu/h-i686-mingw32/bin/../lib/gcc/nios2-elf/4.1.2/../../../../nios2-elf/lib/mno-hw-mul\libc.a(lib_a-strlen.o)
 .debug_aranges
                0x00000080       0x20 c:/altera/13.0sp1/nios2eds/bin/gnu/h-i686-mingw32/bin/../lib/gcc/nios2-elf/4.1.2/../../../../nios2-elf/lib/mno-hw-mul\libc.a(lib_a-fvwrite.o)
 .debug_aranges
                0x000000a0       0x20 c:/altera/13.0sp1/nios2eds/bin/gnu/h-i686-mingw32/bin/../lib/gcc/nios2-elf/4.1.2/../../../../nios2-elf/lib/mno-hw-mul\libc.a(lib_a-mallocr.o)
 .debug_aranges
                0x000000c0       0x20 c:/altera/13.0sp1/nios2eds/bin/gnu/h-i686-mingw32/bin/../lib/gcc/nios2-elf/4.1.2/../../../../nios2-elf/lib/mno-hw-mul\libc.a(lib_a-memchr.o)
 .debug_aranges
                0x000000e0       0x20 c:/altera/13.0sp1/nios2eds/bin/gnu/h-i686-mingw32/bin/../lib/gcc/nios2-elf/4.1.2/../../../../nios2-elf/lib/mno-hw-mul\libc.a(lib_a-memcpy.o)
 .debug_aranges
                0x00000100       0x20 c:/altera/13.0sp1/nios2eds/bin/gnu/h-i686-mingw32/bin/../lib/gcc/nios2-elf/4.1.2/../../../../nios2-elf/lib/mno-hw-mul\libc.a(lib_a-memmove.o)
 .debug_aranges
                0x00000120       0x20 c:/altera/13.0sp1/nios2eds/bin/gnu/h-i686-mingw32/bin/../lib/gcc/nios2-elf/4.1.2/../../../../nios2-elf/lib/mno-hw-mul\libc.a(lib_a-reallocr.o)
 .debug_aranges
                0x00000140       0x20 c:/altera/13.0sp1/nios2eds/bin/gnu/h-i686-mingw32/bin/../lib/gcc/nios2-elf/4.1.2/../../../../nios2-elf/lib/mno-hw-mul\libc.a(lib_a-sbrkr.o)
 .debug_aranges
                0x00000160       0x20 c:/altera/13.0sp1/nios2eds/bin/gnu/h-i686-mingw32/bin/../lib/gcc/nios2-elf/4.1.2/../../../../nios2-elf/lib/mno-hw-mul\libc.a(lib_a-wsetup.o)
 .debug_aranges
                0x00000180       0x20 c:/altera/13.0sp1/nios2eds/bin/gnu/h-i686-mingw32/bin/../lib/gcc/nios2-elf/4.1.2/../../../../nios2-elf/lib/mno-hw-mul\libc.a(lib_a-fflush.o)
 .debug_aranges
                0x000001a0       0x20 c:/altera/13.0sp1/nios2eds/bin/gnu/h-i686-mingw32/bin/../lib/gcc/nios2-elf/4.1.2/../../../../nios2-elf/lib/mno-hw-mul\libc.a(lib_a-findfp.o)
 .debug_aranges
                0x000001c0       0x20 c:/altera/13.0sp1/nios2eds/bin/gnu/h-i686-mingw32/bin/../lib/gcc/nios2-elf/4.1.2/../../../../nios2-elf/lib/mno-hw-mul\libc.a(lib_a-freer.o)
 .debug_aranges
                0x000001e0       0x20 c:/altera/13.0sp1/nios2eds/bin/gnu/h-i686-mingw32/bin/../lib/gcc/nios2-elf/4.1.2/../../../../nios2-elf/lib/mno-hw-mul\libc.a(lib_a-fwalk.o)
 .debug_aranges
                0x00000200       0x20 c:/altera/13.0sp1/nios2eds/bin/gnu/h-i686-mingw32/bin/../lib/gcc/nios2-elf/4.1.2/../../../../nios2-elf/lib/mno-hw-mul\libc.a(lib_a-makebuf.o)
 .debug_aranges
                0x00000220       0x20 c:/altera/13.0sp1/nios2eds/bin/gnu/h-i686-mingw32/bin/../lib/gcc/nios2-elf/4.1.2/../../../../nios2-elf/lib/mno-hw-mul\libc.a(lib_a-memset.o)
 .debug_aranges
                0x00000240       0x20 c:/altera/13.0sp1/nios2eds/bin/gnu/h-i686-mingw32/bin/../lib/gcc/nios2-elf/4.1.2/../../../../nios2-elf/lib/mno-hw-mul\libc.a(lib_a-stdio.o)
 .debug_aranges
                0x00000260       0x20 c:/altera/13.0sp1/nios2eds/bin/gnu/h-i686-mingw32/bin/../lib/gcc/nios2-elf/4.1.2/../../../../nios2-elf/lib/mno-hw-mul\libc.a(lib_a-writer.o)
 .debug_aranges
                0x00000280       0x20 c:/altera/13.0sp1/nios2eds/bin/gnu/h-i686-mingw32/bin/../lib/gcc/nios2-elf/4.1.2/../../../../nios2-elf/lib/mno-hw-mul\libc.a(lib_a-closer.o)
 .debug_aranges
                0x000002a0       0x20 c:/altera/13.0sp1/nios2eds/bin/gnu/h-i686-mingw32/bin/../lib/gcc/nios2-elf/4.1.2/../../../../nios2-elf/lib/mno-hw-mul\libc.a(lib_a-fclose.o)
 .debug_aranges
                0x000002c0       0x20 c:/altera/13.0sp1/nios2eds/bin/gnu/h-i686-mingw32/bin/../lib/gcc/nios2-elf/4.1.2/../../../../nios2-elf/lib/mno-hw-mul\libc.a(lib_a-fstatr.o)
 .debug_aranges
                0x000002e0       0x20 c:/altera/13.0sp1/nios2eds/bin/gnu/h-i686-mingw32/bin/../lib/gcc/nios2-elf/4.1.2/../../../../nios2-elf/lib/mno-hw-mul\libc.a(lib_a-isattyr.o)
 .debug_aranges
                0x00000300       0x20 c:/altera/13.0sp1/nios2eds/bin/gnu/h-i686-mingw32/bin/../lib/gcc/nios2-elf/4.1.2/../../../../nios2-elf/lib/mno-hw-mul\libc.a(lib_a-lseekr.o)
 .debug_aranges
                0x00000320       0x20 c:/altera/13.0sp1/nios2eds/bin/gnu/h-i686-mingw32/bin/../lib/gcc/nios2-elf/4.1.2/../../../../nios2-elf/lib/mno-hw-mul\libc.a(lib_a-readr.o)
 .debug_aranges
                0x00000340       0x20 ../cnc_bsp/\libhal_bsp.a(alt_close.o)
 .debug_aranges
                0x00000360       0x20 ../cnc_bsp/\libhal_bsp.a(alt_dev.o)
 .debug_aranges
                0x00000380       0x20 ../cnc_bsp/\libhal_bsp.a(alt_fstat.o)
 .debug_aranges
                0x000003a0       0x20 ../cnc_bsp/\libhal_bsp.a(alt_irq_register.o)
 .debug_aranges
                0x000003c0       0x20 ../cnc_bsp/\libhal_bsp.a(alt_isatty.o)
 .debug_aranges
                0x000003e0       0x20 ../cnc_bsp/\libhal_bsp.a(alt_lseek.o)
 .debug_aranges
                0x00000400       0x20 ../cnc_bsp/\libhal_bsp.a(alt_main.o)
 .debug_aranges
                0x00000420       0x20 ../cnc_bsp/\libhal_bsp.a(alt_malloc_lock.o)
 .debug_aranges
                0x00000440       0x20 ../cnc_bsp/\libhal_bsp.a(alt_read.o)
 .debug_aranges
                0x00000460       0x20 ../cnc_bsp/\libhal_bsp.a(alt_release_fd.o)
 .debug_aranges
                0x00000480       0x20 ../cnc_bsp/\libhal_bsp.a(alt_sbrk.o)
 .debug_aranges
                0x000004a0       0x20 ../cnc_bsp/\libhal_bsp.a(alt_usleep.o)
 .debug_aranges
                0x000004c0       0x20 ../cnc_bsp/\libhal_bsp.a(alt_write.o)
 .debug_aranges
                0x000004e0       0x20 ../cnc_bsp/\libhal_bsp.a(alt_sys_init.o)
 .debug_aranges
                0x00000500       0x20 ../cnc_bsp/\libhal_bsp.a(altera_avalon_cfi_flash.o)
 .debug_aranges
                0x00000520       0x20 ../cnc_bsp/\libhal_bsp.a(altera_avalon_cfi_flash_table.o)
 .debug_aranges
                0x00000540       0x20 ../cnc_bsp/\libhal_bsp.a(altera_avalon_epcs_flash_controller.o)
 .debug_aranges
                0x00000560       0x20 ../cnc_bsp/\libhal_bsp.a(altera_avalon_jtag_uart_fd.o)
 .debug_aranges
                0x00000580       0x20 ../cnc_bsp/\libhal_bsp.a(altera_avalon_jtag_uart_init.o)
 .debug_aranges
                0x000005a0       0x20 ../cnc_bsp/\libhal_bsp.a(altera_avalon_jtag_uart_ioctl.o)
 .debug_aranges
                0x000005c0       0x20 ../cnc_bsp/\libhal_bsp.a(altera_avalon_jtag_uart_read.o)
 .debug_aranges
                0x000005e0       0x20 ../cnc_bsp/\libhal_bsp.a(altera_avalon_jtag_uart_write.o)
 .debug_aranges
                0x00000600       0x20 ../cnc_bsp/\libhal_bsp.a(altera_avalon_lcd_16207.o)
 .debug_aranges
                0x00000620       0x20 ../cnc_bsp/\libhal_bsp.a(altera_avalon_lcd_16207_fd.o)
 .debug_aranges
                0x00000640       0x20 ../cnc_bsp/\libhal_bsp.a(altera_avalon_timer_sc.o)
 .debug_aranges
                0x00000660       0x20 ../cnc_bsp/\libhal_bsp.a(altera_avalon_uart_fd.o)
 .debug_aranges
                0x00000680       0x20 ../cnc_bsp/\libhal_bsp.a(altera_avalon_uart_init.o)
 .debug_aranges
                0x000006a0       0x20 ../cnc_bsp/\libhal_bsp.a(altera_avalon_uart_read.o)
 .debug_aranges
                0x000006c0       0x20 ../cnc_bsp/\libhal_bsp.a(altera_avalon_uart_write.o)
 .debug_aranges
                0x000006e0       0x20 ../cnc_bsp/\libhal_bsp.a(epcs_commands.o)
 .debug_aranges
                0x00000700       0x20 ../cnc_bsp/\libhal_bsp.a(alt_alarm_start.o)
 .debug_aranges
                0x00000720       0x20 ../cnc_bsp/\libhal_bsp.a(alt_busy_sleep.o)
 .debug_aranges
                0x00000740       0x20 ../cnc_bsp/\libhal_bsp.a(alt_dcache_flush.o)
 .debug_aranges
                0x00000760       0x20 ../cnc_bsp/\libhal_bsp.a(alt_dev_llist_insert.o)
 .debug_aranges
                0x00000780       0x20 ../cnc_bsp/\libhal_bsp.a(alt_do_ctors.o)
 .debug_aranges
                0x000007a0       0x20 ../cnc_bsp/\libhal_bsp.a(alt_do_dtors.o)
 .debug_aranges
                0x000007c0       0x20 ../cnc_bsp/\libhal_bsp.a(alt_flash_dev.o)
 .debug_aranges
                0x000007e0       0x20 ../cnc_bsp/\libhal_bsp.a(alt_iic.o)
 .debug_aranges
                0x00000800       0x20 ../cnc_bsp/\libhal_bsp.a(alt_iic_isr_register.o)
 .debug_aranges
                0x00000820       0x20 ../cnc_bsp/\libhal_bsp.a(alt_io_redirect.o)
 .debug_aranges
                0x00000840       0x30 ../cnc_bsp/\libhal_bsp.a(alt_irq_entry.o)
 .debug_aranges
                0x00000870       0x28 ../cnc_bsp/\libhal_bsp.a(alt_irq_handler.o)
 .debug_aranges
                0x00000898       0x20 ../cnc_bsp/\libhal_bsp.a(alt_open.o)
 .debug_aranges
                0x000008b8       0x20 ../cnc_bsp/\libhal_bsp.a(alt_tick.o)
 .debug_aranges
                0x000008d8       0x20 ../cnc_bsp/\libhal_bsp.a(altera_nios2_qsys_irq.o)
 .debug_aranges
                0x000008f8       0x20 ../cnc_bsp/\libhal_bsp.a(altera_avalon_cfi_flash_amd.o)
 .debug_aranges
                0x00000918       0x20 ../cnc_bsp/\libhal_bsp.a(altera_avalon_cfi_flash_intel.o)
 .debug_aranges
                0x00000938       0x20 ../cnc_bsp/\libhal_bsp.a(altera_avalon_spi.o)
 .debug_aranges
                0x00000958       0x38 ../cnc_bsp/\libhal_bsp.a(alt_exception_entry.o)
 .debug_aranges
                0x00000990       0x20 ../cnc_bsp/\libhal_bsp.a(alt_find_dev.o)
 .debug_aranges
                0x000009b0       0x20 ../cnc_bsp/\libhal_bsp.a(alt_find_file.o)
 .debug_aranges
                0x000009d0       0x20 ../cnc_bsp/\libhal_bsp.a(alt_get_fd.o)
 .debug_aranges
                0x000009f0       0x20 c:/altera/13.0sp1/nios2eds/bin/gnu/h-i686-mingw32/bin/../lib/gcc/nios2-elf/4.1.2/../../../../nios2-elf/lib/mno-hw-mul\libc.a(lib_a-atexit.o)
 .debug_aranges
                0x00000a10       0x20 c:/altera/13.0sp1/nios2eds/bin/gnu/h-i686-mingw32/bin/../lib/gcc/nios2-elf/4.1.2/../../../../nios2-elf/lib/mno-hw-mul\libc.a(lib_a-exit.o)
 .debug_aranges
                0x00000a30       0x20 c:/altera/13.0sp1/nios2eds/bin/gnu/h-i686-mingw32/bin/../lib/gcc/nios2-elf/4.1.2/../../../../nios2-elf/lib/mno-hw-mul\libc.a(lib_a-memcmp.o)
 .debug_aranges
                0x00000a50       0x20 c:/altera/13.0sp1/nios2eds/bin/gnu/h-i686-mingw32/bin/../lib/gcc/nios2-elf/4.1.2/../../../../nios2-elf/lib/mno-hw-mul\libc.a(lib_a-__atexit.o)
 .debug_aranges
                0x00000a70       0x20 c:/altera/13.0sp1/nios2eds/bin/gnu/h-i686-mingw32/bin/../lib/gcc/nios2-elf/4.1.2/../../../../nios2-elf/lib/mno-hw-mul\libc.a(lib_a-__call_atexit.o)
 .debug_aranges
                0x00000a90       0x20 c:/altera/13.0sp1/nios2eds/bin/gnu/h-i686-mingw32/bin/../lib/gcc/nios2-elf/4.1.2/mno-hw-mul\libgcc.a(lib2-divmod.o)
 .debug_aranges
                0x00000ab0       0x20 ../cnc_bsp/\libhal_bsp.a(alt_exit.o)

.debug_pubnames
                0x00000000     0x155c
 *(.debug_pubnames)
 .debug_pubnames
                0x00000000       0x1f c:/altera/13.0sp1/nios2eds/bin/gnu/h-i686-mingw32/bin/../lib/gcc/nios2-elf/4.1.2/mno-hw-mul\libgcc.a(lib2-mul.o)
 .debug_pubnames
                0x0000001f       0x27 c:/altera/13.0sp1/nios2eds/bin/gnu/h-i686-mingw32/bin/../lib/gcc/nios2-elf/4.1.2/../../../../nios2-elf/lib/mno-hw-mul\libc.a(lib_a-puts.o)
 .debug_pubnames
                0x00000046       0x1d c:/altera/13.0sp1/nios2eds/bin/gnu/h-i686-mingw32/bin/../lib/gcc/nios2-elf/4.1.2/../../../../nios2-elf/lib/mno-hw-mul\libc.a(lib_a-strlen.o)
 .debug_pubnames
                0x00000063       0x23 c:/altera/13.0sp1/nios2eds/bin/gnu/h-i686-mingw32/bin/../lib/gcc/nios2-elf/4.1.2/../../../../nios2-elf/lib/mno-hw-mul\libc.a(lib_a-fvwrite.o)
 .debug_pubnames
                0x00000086       0x39 c:/altera/13.0sp1/nios2eds/bin/gnu/h-i686-mingw32/bin/../lib/gcc/nios2-elf/4.1.2/../../../../nios2-elf/lib/mno-hw-mul\libc.a(lib_a-impure.o)
 .debug_pubnames
                0x000000bf       0xce c:/altera/13.0sp1/nios2eds/bin/gnu/h-i686-mingw32/bin/../lib/gcc/nios2-elf/4.1.2/../../../../nios2-elf/lib/mno-hw-mul\libc.a(lib_a-mallocr.o)
 .debug_pubnames
                0x0000018d       0x1d c:/altera/13.0sp1/nios2eds/bin/gnu/h-i686-mingw32/bin/../lib/gcc/nios2-elf/4.1.2/../../../../nios2-elf/lib/mno-hw-mul\libc.a(lib_a-memchr.o)
 .debug_pubnames
                0x000001aa       0x1d c:/altera/13.0sp1/nios2eds/bin/gnu/h-i686-mingw32/bin/../lib/gcc/nios2-elf/4.1.2/../../../../nios2-elf/lib/mno-hw-mul\libc.a(lib_a-memcpy.o)
 .debug_pubnames
                0x000001c7       0x1e c:/altera/13.0sp1/nios2eds/bin/gnu/h-i686-mingw32/bin/../lib/gcc/nios2-elf/4.1.2/../../../../nios2-elf/lib/mno-hw-mul\libc.a(lib_a-memmove.o)
 .debug_pubnames
                0x000001e5       0x21 c:/altera/13.0sp1/nios2eds/bin/gnu/h-i686-mingw32/bin/../lib/gcc/nios2-elf/4.1.2/../../../../nios2-elf/lib/mno-hw-mul\libc.a(lib_a-reallocr.o)
 .debug_pubnames
                0x00000206       0x1e c:/altera/13.0sp1/nios2eds/bin/gnu/h-i686-mingw32/bin/../lib/gcc/nios2-elf/4.1.2/../../../../nios2-elf/lib/mno-hw-mul\libc.a(lib_a-sbrkr.o)
 .debug_pubnames
                0x00000224       0x22 c:/altera/13.0sp1/nios2eds/bin/gnu/h-i686-mingw32/bin/../lib/gcc/nios2-elf/4.1.2/../../../../nios2-elf/lib/mno-hw-mul\libc.a(lib_a-wsetup.o)
 .debug_pubnames
                0x00000246       0x2b c:/altera/13.0sp1/nios2eds/bin/gnu/h-i686-mingw32/bin/../lib/gcc/nios2-elf/4.1.2/../../../../nios2-elf/lib/mno-hw-mul\libc.a(lib_a-fflush.o)
 .debug_pubnames
                0x00000271       0xdb c:/altera/13.0sp1/nios2eds/bin/gnu/h-i686-mingw32/bin/../lib/gcc/nios2-elf/4.1.2/../../../../nios2-elf/lib/mno-hw-mul\libc.a(lib_a-findfp.o)
 .debug_pubnames
                0x0000034c       0x31 c:/altera/13.0sp1/nios2eds/bin/gnu/h-i686-mingw32/bin/../lib/gcc/nios2-elf/4.1.2/../../../../nios2-elf/lib/mno-hw-mul\libc.a(lib_a-freer.o)
 .debug_pubnames
                0x0000037d       0x2e c:/altera/13.0sp1/nios2eds/bin/gnu/h-i686-mingw32/bin/../lib/gcc/nios2-elf/4.1.2/../../../../nios2-elf/lib/mno-hw-mul\libc.a(lib_a-fwalk.o)
 .debug_pubnames
                0x000003ab       0x1c c:/altera/13.0sp1/nios2eds/bin/gnu/h-i686-mingw32/bin/../lib/gcc/nios2-elf/4.1.2/../../../../nios2-elf/lib/mno-hw-mul\libc.a(lib_a-int_errno.o)
 .debug_pubnames
                0x000003c7       0x23 c:/altera/13.0sp1/nios2eds/bin/gnu/h-i686-mingw32/bin/../lib/gcc/nios2-elf/4.1.2/../../../../nios2-elf/lib/mno-hw-mul\libc.a(lib_a-makebuf.o)
 .debug_pubnames
                0x000003ea       0x1d c:/altera/13.0sp1/nios2eds/bin/gnu/h-i686-mingw32/bin/../lib/gcc/nios2-elf/4.1.2/../../../../nios2-elf/lib/mno-hw-mul\libc.a(lib_a-memset.o)
 .debug_pubnames
                0x00000407       0x44 c:/altera/13.0sp1/nios2eds/bin/gnu/h-i686-mingw32/bin/../lib/gcc/nios2-elf/4.1.2/../../../../nios2-elf/lib/mno-hw-mul\libc.a(lib_a-stdio.o)
 .debug_pubnames
                0x0000044b       0x1f c:/altera/13.0sp1/nios2eds/bin/gnu/h-i686-mingw32/bin/../lib/gcc/nios2-elf/4.1.2/../../../../nios2-elf/lib/mno-hw-mul\libc.a(lib_a-writer.o)
 .debug_pubnames
                0x0000046a       0x1f c:/altera/13.0sp1/nios2eds/bin/gnu/h-i686-mingw32/bin/../lib/gcc/nios2-elf/4.1.2/../../../../nios2-elf/lib/mno-hw-mul\libc.a(lib_a-closer.o)
 .debug_pubnames
                0x00000489       0x2b c:/altera/13.0sp1/nios2eds/bin/gnu/h-i686-mingw32/bin/../lib/gcc/nios2-elf/4.1.2/../../../../nios2-elf/lib/mno-hw-mul\libc.a(lib_a-fclose.o)
 .debug_pubnames
                0x000004b4       0x1f c:/altera/13.0sp1/nios2eds/bin/gnu/h-i686-mingw32/bin/../lib/gcc/nios2-elf/4.1.2/../../../../nios2-elf/lib/mno-hw-mul\libc.a(lib_a-fstatr.o)
 .debug_pubnames
                0x000004d3       0x20 c:/altera/13.0sp1/nios2eds/bin/gnu/h-i686-mingw32/bin/../lib/gcc/nios2-elf/4.1.2/../../../../nios2-elf/lib/mno-hw-mul\libc.a(lib_a-isattyr.o)
 .debug_pubnames
                0x000004f3       0x1f c:/altera/13.0sp1/nios2eds/bin/gnu/h-i686-mingw32/bin/../lib/gcc/nios2-elf/4.1.2/../../../../nios2-elf/lib/mno-hw-mul\libc.a(lib_a-lseekr.o)
 .debug_pubnames
                0x00000512       0x1e c:/altera/13.0sp1/nios2eds/bin/gnu/h-i686-mingw32/bin/../lib/gcc/nios2-elf/4.1.2/../../../../nios2-elf/lib/mno-hw-mul\libc.a(lib_a-readr.o)
 .debug_pubnames
                0x00000530       0x1c ../cnc_bsp/\libhal_bsp.a(alt_close.o)
 .debug_pubnames
                0x0000054c       0x63 ../cnc_bsp/\libhal_bsp.a(alt_dev.o)
 .debug_pubnames
                0x000005af       0x20 ../cnc_bsp/\libhal_bsp.a(alt_errno.o)
 .debug_pubnames
                0x000005cf       0x1c ../cnc_bsp/\libhal_bsp.a(alt_fstat.o)
 .debug_pubnames
                0x000005eb       0x27 ../cnc_bsp/\libhal_bsp.a(alt_irq_register.o)
 .debug_pubnames
                0x00000612       0x3b ../cnc_bsp/\libhal_bsp.a(alt_irq_vars.o)
 .debug_pubnames
                0x0000064d       0x1d ../cnc_bsp/\libhal_bsp.a(alt_isatty.o)
 .debug_pubnames
                0x0000066a       0x1c ../cnc_bsp/\libhal_bsp.a(alt_lseek.o)
 .debug_pubnames
                0x00000686       0x46 ../cnc_bsp/\libhal_bsp.a(alt_main.o)
 .debug_pubnames
                0x000006cc       0x38 ../cnc_bsp/\libhal_bsp.a(alt_malloc_lock.o)
 .debug_pubnames
                0x00000704       0x1b ../cnc_bsp/\libhal_bsp.a(alt_read.o)
 .debug_pubnames
                0x0000071f       0x25 ../cnc_bsp/\libhal_bsp.a(alt_release_fd.o)
 .debug_pubnames
                0x00000744       0x1b ../cnc_bsp/\libhal_bsp.a(alt_sbrk.o)
 .debug_pubnames
                0x0000075f       0x1d ../cnc_bsp/\libhal_bsp.a(alt_usleep.o)
 .debug_pubnames
                0x0000077c       0x1c ../cnc_bsp/\libhal_bsp.a(alt_write.o)
 .debug_pubnames
                0x00000798       0x34 ../cnc_bsp/\libhal_bsp.a(alt_sys_init.o)
 .debug_pubnames
                0x000007cc       0xac ../cnc_bsp/\libhal_bsp.a(altera_avalon_cfi_flash.o)
 .debug_pubnames
                0x00000878      0x27a ../cnc_bsp/\libhal_bsp.a(altera_avalon_cfi_flash_table.o)
 .debug_pubnames
                0x00000af2       0xb5 ../cnc_bsp/\libhal_bsp.a(altera_avalon_epcs_flash_controller.o)
 .debug_pubnames
                0x00000ba7       0xa5 ../cnc_bsp/\libhal_bsp.a(altera_avalon_jtag_uart_fd.o)
 .debug_pubnames
                0x00000c4c       0x55 ../cnc_bsp/\libhal_bsp.a(altera_avalon_jtag_uart_init.o)
 .debug_pubnames
                0x00000ca1       0x34 ../cnc_bsp/\libhal_bsp.a(altera_avalon_jtag_uart_ioctl.o)
 .debug_pubnames
                0x00000cd5       0x33 ../cnc_bsp/\libhal_bsp.a(altera_avalon_jtag_uart_read.o)
 .debug_pubnames
                0x00000d08       0x34 ../cnc_bsp/\libhal_bsp.a(altera_avalon_jtag_uart_write.o)
 .debug_pubnames
                0x00000d3c       0x55 ../cnc_bsp/\libhal_bsp.a(altera_avalon_lcd_16207.o)
 .debug_pubnames
                0x00000d91       0x37 ../cnc_bsp/\libhal_bsp.a(altera_avalon_lcd_16207_fd.o)
 .debug_pubnames
                0x00000dc8       0x2f ../cnc_bsp/\libhal_bsp.a(altera_avalon_timer_sc.o)
 .debug_pubnames
                0x00000df7       0x71 ../cnc_bsp/\libhal_bsp.a(altera_avalon_uart_fd.o)
 .debug_pubnames
                0x00000e68       0x4b ../cnc_bsp/\libhal_bsp.a(altera_avalon_uart_init.o)
 .debug_pubnames
                0x00000eb3       0x2e ../cnc_bsp/\libhal_bsp.a(altera_avalon_uart_read.o)
 .debug_pubnames
                0x00000ee1       0x2f ../cnc_bsp/\libhal_bsp.a(altera_avalon_uart_write.o)
 .debug_pubnames
                0x00000f10      0x118 ../cnc_bsp/\libhal_bsp.a(epcs_commands.o)
 .debug_pubnames
                0x00001028       0x26 ../cnc_bsp/\libhal_bsp.a(alt_alarm_start.o)
 .debug_pubnames
                0x0000104e       0x25 ../cnc_bsp/\libhal_bsp.a(alt_busy_sleep.o)
 .debug_pubnames
                0x00001073       0x27 ../cnc_bsp/\libhal_bsp.a(alt_dcache_flush.o)
 .debug_pubnames
                0x0000109a       0x2b ../cnc_bsp/\libhal_bsp.a(alt_dev_llist_insert.o)
 .debug_pubnames
                0x000010c5       0x20 ../cnc_bsp/\libhal_bsp.a(alt_do_ctors.o)
 .debug_pubnames
                0x000010e5       0x20 ../cnc_bsp/\libhal_bsp.a(alt_do_dtors.o)
 .debug_pubnames
                0x00001105       0x58 ../cnc_bsp/\libhal_bsp.a(alt_flash_dev.o)
 .debug_pubnames
                0x0000115d       0x6e ../cnc_bsp/\libhal_bsp.a(alt_iic.o)
 .debug_pubnames
                0x000011cb       0x2b ../cnc_bsp/\libhal_bsp.a(alt_iic_isr_register.o)
 .debug_pubnames
                0x000011f6       0x26 ../cnc_bsp/\libhal_bsp.a(alt_io_redirect.o)
 .debug_pubnames
                0x0000121c       0x32 ../cnc_bsp/\libhal_bsp.a(alt_irq_handler.o)
 .debug_pubnames
                0x0000124e       0x1b ../cnc_bsp/\libhal_bsp.a(alt_open.o)
 .debug_pubnames
                0x00001269       0x68 ../cnc_bsp/\libhal_bsp.a(alt_tick.o)
 .debug_pubnames
                0x000012d1       0x31 ../cnc_bsp/\libhal_bsp.a(altera_nios2_qsys_irq.o)
 .debug_pubnames
                0x00001302       0x3e ../cnc_bsp/\libhal_bsp.a(altera_avalon_cfi_flash_amd.o)
 .debug_pubnames
                0x00001340       0x42 ../cnc_bsp/\libhal_bsp.a(altera_avalon_cfi_flash_intel.o)
 .debug_pubnames
                0x00001382       0x2d ../cnc_bsp/\libhal_bsp.a(altera_avalon_spi.o)
 .debug_pubnames
                0x000013af       0x23 ../cnc_bsp/\libhal_bsp.a(alt_find_dev.o)
 .debug_pubnames
                0x000013d2       0x24 ../cnc_bsp/\libhal_bsp.a(alt_find_file.o)
 .debug_pubnames
                0x000013f6       0x21 ../cnc_bsp/\libhal_bsp.a(alt_get_fd.o)
 .debug_pubnames
                0x00001417       0x2a c:/altera/13.0sp1/nios2eds/bin/gnu/h-i686-mingw32/bin/../lib/gcc/nios2-elf/4.1.2/../../../../nios2-elf/lib/mno-hw-mul\libc.a(lib_a-atexit.o)
 .debug_pubnames
                0x00001441       0x2e c:/altera/13.0sp1/nios2eds/bin/gnu/h-i686-mingw32/bin/../lib/gcc/nios2-elf/4.1.2/../../../../nios2-elf/lib/mno-hw-mul\libc.a(lib_a-ctype_.o)
 .debug_pubnames
                0x0000146f       0x1b c:/altera/13.0sp1/nios2eds/bin/gnu/h-i686-mingw32/bin/../lib/gcc/nios2-elf/4.1.2/../../../../nios2-elf/lib/mno-hw-mul\libc.a(lib_a-exit.o)
 .debug_pubnames
                0x0000148a       0x1d c:/altera/13.0sp1/nios2eds/bin/gnu/h-i686-mingw32/bin/../lib/gcc/nios2-elf/4.1.2/../../../../nios2-elf/lib/mno-hw-mul\libc.a(lib_a-memcmp.o)
 .debug_pubnames
                0x000014a7       0x2a c:/altera/13.0sp1/nios2eds/bin/gnu/h-i686-mingw32/bin/../lib/gcc/nios2-elf/4.1.2/../../../../nios2-elf/lib/mno-hw-mul\libc.a(lib_a-__atexit.o)
 .debug_pubnames
                0x000014d1       0x27 c:/altera/13.0sp1/nios2eds/bin/gnu/h-i686-mingw32/bin/../lib/gcc/nios2-elf/4.1.2/../../../../nios2-elf/lib/mno-hw-mul\libc.a(lib_a-__call_atexit.o)
 .debug_pubnames
                0x000014f8       0x48 c:/altera/13.0sp1/nios2eds/bin/gnu/h-i686-mingw32/bin/../lib/gcc/nios2-elf/4.1.2/mno-hw-mul\libgcc.a(lib2-divmod.o)
 .debug_pubnames
                0x00001540       0x1c ../cnc_bsp/\libhal_bsp.a(alt_exit.o)

.debug_info     0x00000000    0x1bd95
 *(.debug_info .gnu.linkonce.wi.*)
 .debug_info    0x00000000       0x5a ../cnc_bsp//obj/HAL/src/crt0.o
 .debug_info    0x0000005a       0xf3 c:/altera/13.0sp1/nios2eds/bin/gnu/h-i686-mingw32/bin/../lib/gcc/nios2-elf/4.1.2/mno-hw-mul\libgcc.a(lib2-mul.o)
 .debug_info    0x0000014d      0xa25 c:/altera/13.0sp1/nios2eds/bin/gnu/h-i686-mingw32/bin/../lib/gcc/nios2-elf/4.1.2/../../../../nios2-elf/lib/mno-hw-mul\libc.a(lib_a-puts.o)
 .debug_info    0x00000b72       0xdb c:/altera/13.0sp1/nios2eds/bin/gnu/h-i686-mingw32/bin/../lib/gcc/nios2-elf/4.1.2/../../../../nios2-elf/lib/mno-hw-mul\libc.a(lib_a-strlen.o)